BL51 BANKED LINKER/LOCATER V6.22                                                        09/20/2022  14:36:00  PAGE 1


BL51 BANKED LINKER/LOCATER V6.22, INVOKED BY:
D:\FILEGAME\KEIL\C51\BIN\BL51.EXE .\Objects\STARTUP.obj, .\Objects\mian.obj TO .\Objects\Ñ­¼£³µ_2022_A PRINT (.\Listings
>> \Ñ­¼£³µ_2022_A.m51) RAMSIZE (256)


MEMORY MODEL: SMALL


INPUT MODULES INCLUDED:
  .\Objects\STARTUP.obj (?C_STARTUP)
  .\Objects\mian.obj (MIAN)
  D:\FILEGAME\KEIL\C51\LIB\C51S.LIB (?C_INIT)
  D:\FILEGAME\KEIL\C51\LIB\C51S.LIB (?C?IMUL)


LINK MAP OF MODULE:  .\Objects\Ñ­¼£³µ_2022_A (?C_STARTUP)


            TYPE    BASE      LENGTH    RELOCATION   SEGMENT NAME
            -----------------------------------------------------

            * * * * * * *   D A T A   M E M O R Y   * * * * * * *
            REG     0000H     0008H     ABSOLUTE     "REG BANK 0"
            REG     0008H     0008H     ABSOLUTE     "REG BANK 1"
            DATA    0010H     0002H     UNIT         _DATA_GROUP_
                    0012H     0006H                  *** GAP ***
            REG     0018H     0008H     ABSOLUTE     "REG BANK 3"
            DATA    0020H     000EH     UNIT         ?DT?MIAN
            IDATA   002EH     0001H     UNIT         ?STACK

            * * * * * * *   C O D E   M E M O R Y   * * * * * * *
            CODE    0000H     0003H     ABSOLUTE     
            CODE    0003H     0003H     UNIT         ?PR?CAR_SERVO_INIT?MIAN
                    0006H     0005H                  *** GAP ***
            CODE    000BH     0003H     ABSOLUTE     
            CODE    000EH     0009H     UNIT         ?PR?CAR_MOTOR_INIT?MIAN
                    0017H     0004H                  *** GAP ***
            CODE    001BH     0003H     ABSOLUTE     
            CODE    001EH     00BEH     UNIT         ?PR?_CTRY?MIAN
            CODE    00DCH     008CH     UNIT         ?C_C51STARTUP
            CODE    0168H     006BH     UNIT         ?PR?TIMER1_ISR?MIAN
            CODE    01D3H     0035H     UNIT         ?PR?TIMER0_ISR?MIAN
            CODE    0208H     0035H     UNIT         ?PR?MAIN?MIAN
            CODE    023DH     0025H     UNIT         ?PR?DAOCHE?MIAN
            CODE    0262H     0017H     UNIT         ?C_INITSEG
            CODE    0279H     0015H     UNIT         ?PR?INITTIMER0?MIAN
            CODE    028EH     0015H     UNIT         ?PR?TIMER1INIT?MIAN
            CODE    02A3H     0012H     UNIT         ?C?LIB_CODE
            CODE    02B5H     0011H     UNIT         ?PR?_TIMER0VALUE?MIAN
            CODE    02C6H     0011H     UNIT         ?PR?_TIMER1VALUE?MIAN



OVERLAY MAP OF MODULE:   .\Objects\Ñ­¼£³µ_2022_A (?C_STARTUP)


SEGMENT                           DATA_GROUP 
  +--> CALLED SEGMENT           START    LENGTH
BL51 BANKED LINKER/LOCATER V6.22                                                      09/20/2022  14:36:00  PAGE 2


-----------------------------------------------
?C_C51STARTUP                   -----    -----
  +--> ?PR?MAIN?MIAN
  +--> ?C_INITSEG

?PR?MAIN?MIAN                   -----    -----
  +--> ?PR?CAR_SERVO_INIT?MIAN
  +--> ?PR?CAR_MOTOR_INIT?MIAN
  +--> ?PR?_CTRY?MIAN
  +--> ?PR?DAOCHE?MIAN

?PR?CAR_SERVO_INIT?MIAN         -----    -----
  +--> ?PR?INITTIMER0?MIAN

?PR?CAR_MOTOR_INIT?MIAN         -----    -----
  +--> ?PR?TIMER1INIT?MIAN

?PR?_CTRY?MIAN                  0010H    0002H

*** NEW ROOT ***************************************************

?PR?TIMER0_ISR?MIAN             -----    -----
  +--> ?PR?_TIMER0VALUE?MIAN

*** NEW ROOT ***************************************************

?PR?TIMER1_ISR?MIAN             -----    -----
  +--> ?PR?_TIMER1VALUE?MIAN



SYMBOL TABLE OF MODULE:  .\Objects\Ñ­¼£³µ_2022_A (?C_STARTUP)

  VALUE           TYPE          NAME
  ----------------------------------

  -------         MODULE        ?C_STARTUP
  C:00DCH         SEGMENT       ?C_C51STARTUP
  I:002EH         SEGMENT       ?STACK
  C:0000H         PUBLIC        ?C_STARTUP
  D:00E0H         SYMBOL        ACC
  D:00F0H         SYMBOL        B
  D:0083H         SYMBOL        DPH
  D:0082H         SYMBOL        DPL
  N:0000H         SYMBOL        IBPSTACK
  N:0100H         SYMBOL        IBPSTACKTOP
  N:0080H         SYMBOL        IDATALEN
  C:00DFH         SYMBOL        IDATALOOP
  N:0000H         SYMBOL        PBPSTACK
  N:0100H         SYMBOL        PBPSTACKTOP
  N:0000H         SYMBOL        PDATALEN
  N:0000H         SYMBOL        PDATASTART
  N:0000H         SYMBOL        PPAGE
  N:0000H         SYMBOL        PPAGEENABLE
  D:00A0H         SYMBOL        PPAGE_SFR
  D:0081H         SYMBOL        SP
  C:00DCH         SYMBOL        STARTUP1
BL51 BANKED LINKER/LOCATER V6.22                                                      09/20/2022  14:36:00  PAGE 3


  N:0000H         SYMBOL        XBPSTACK
  N:0000H         SYMBOL        XBPSTACKTOP
  N:0000H         SYMBOL        XDATALEN
  N:0000H         SYMBOL        XDATASTART
  C:0000H         LINE#         126
  C:00DCH         LINE#         133
  C:00DEH         LINE#         134
  C:00DFH         LINE#         135
  C:00E0H         LINE#         136
  C:00E2H         LINE#         185
  C:00E5H         LINE#         196
  -------         ENDMOD        ?C_STARTUP

  -------         MODULE        MIAN
  C:0000H         SYMBOL        _ICE_DUMMY_
  D:0080H         PUBLIC        P0
  C:0003H         PUBLIC        Car_Servo_Init
  D:0090H         PUBLIC        P1
  D:00A0H         PUBLIC        P2
  B:00A0H.3       PUBLIC        AB
  C:000EH         PUBLIC        Car_Motor_Init
  D:00B0H         PUBLIC        P3
  B:00A8H.7       PUBLIC        EA
  B:00A0H.0       PUBLIC        Car_Servo
  D:00A8H         PUBLIC        IE
  B:00A0H.1       PUBLIC        LEDA
  B:00A0H.2       PUBLIC        LEDB
  D:00B8H         PUBLIC        IP
  D:0022H         PUBLIC        Servo0PwmDuty
  D:0024H         PUBLIC        Motor0PwmDuty
  C:0208H         PUBLIC        main
  D:0026H         PUBLIC        path
  B:00B0H.3       PUBLIC        Car_Motor_EN1
  D:0098H         PUBLIC        SCON
  C:02B5H         PUBLIC        _Timer0Value
  D:0089H         PUBLIC        TMOD
  D:0088H         PUBLIC        TCON
  C:02C6H         PUBLIC        _Timer1Value
  C:001EH         PUBLIC        _ctry
  B:00A8H.1       PUBLIC        ET0
  B:00A8H.3       PUBLIC        ET1
  B:0088H.5       PUBLIC        TF0
  C:0279H         PUBLIC        InitTimer0
  B:0088H.7       PUBLIC        TF1
  C:028EH         PUBLIC        Timer1Init
  D:008CH         PUBLIC        TH0
  D:008DH         PUBLIC        TH1
  D:008AH         PUBLIC        TL0
  D:008BH         PUBLIC        TL1
  B:0088H.4       PUBLIC        TR0
  D:0028H         PUBLIC        pow
  B:0088H.6       PUBLIC        TR1
  B:00B0H.2       PUBLIC        Car_Motor_A1
  B:00B0H.4       PUBLIC        Car_Motor_B1
  C:01D3H         PUBLIC        Timer0_isr
  C:0168H         PUBLIC        Timer1_isr
  C:023DH         PUBLIC        daoche
BL51 BANKED LINKER/LOCATER V6.22                                                      09/20/2022  14:36:00  PAGE 4


  D:00C8H         PUBLIC        T2CON
  D:002AH         PUBLIC        i
  D:002CH         PUBLIC        Motor0PwmDuty_daoche
  D:00D0H         PUBLIC        PSW
  -------         PROC          INITTIMER0
  C:0279H         LINE#         54
  C:0279H         LINE#         55
  C:0279H         LINE#         56
  C:027CH         LINE#         57
  C:027FH         LINE#         58
  C:0282H         LINE#         59
  C:0285H         LINE#         60
  C:0287H         LINE#         61
  C:0289H         LINE#         62
  C:028BH         LINE#         63
  C:028DH         LINE#         64
  -------         ENDPROC       INITTIMER0
  -------         PROC          CAR_SERVO_INIT
  C:0003H         LINE#         65
  C:0003H         LINE#         66
  C:0003H         LINE#         67
  -------         ENDPROC       CAR_SERVO_INIT
  -------         PROC          _TIMER0VALUE
  D:0006H         SYMBOL        pwm
  -------         DO            
  D:0006H         SYMBOL        value
  -------         ENDDO         
  C:02B5H         LINE#         79
  C:02B5H         LINE#         80
  C:02B5H         LINE#         82
  C:02BDH         LINE#         83
  C:02BFH         LINE#         84
  C:02C1H         LINE#         85
  C:02C3H         LINE#         86
  C:02C5H         LINE#         87
  -------         ENDPROC       _TIMER0VALUE
  -------         PROC          TIMER0_ISR
  -------         DO            
  D:0020H         SYMBOL        i
  -------         ENDDO         
  C:01D3H         LINE#         96
  C:01DAH         LINE#         100
  C:01E3H         LINE#         101
  C:01E3H         LINE#         102
  C:01E3H         LINE#         103
  C:01E5H         LINE#         105
  C:01ECH         LINE#         106
  C:01EEH         LINE#         107
  C:01EEH         LINE#         108
  C:01F0H         LINE#         110
  C:01FEH         LINE#         111
  C:0201H         LINE#         112
  C:0201H         LINE#         113
  C:0201H         LINE#         114
  C:0203H         LINE#         115
  -------         ENDPROC       TIMER0_ISR
  -------         PROC          _TIMER1VALUE
BL51 BANKED LINKER/LOCATER V6.22                                                      09/20/2022  14:36:00  PAGE 5


  D:0006H         SYMBOL        pwm
  -------         DO            
  D:0006H         SYMBOL        value
  -------         ENDDO         
  C:02C6H         LINE#         132
  C:02C6H         LINE#         133
  C:02C6H         LINE#         135
  C:02CEH         LINE#         136
  C:02D0H         LINE#         137
  C:02D2H         LINE#         138
  C:02D4H         LINE#         139
  C:02D6H         LINE#         140
  -------         ENDPROC       _TIMER1VALUE
  -------         PROC          TIMER1INIT
  C:028EH         LINE#         149
  C:028EH         LINE#         150
  C:028EH         LINE#         151
  C:0291H         LINE#         152
  C:0294H         LINE#         153
  C:0297H         LINE#         154
  C:029AH         LINE#         155
  C:029CH         LINE#         156
  C:029EH         LINE#         157
  C:02A0H         LINE#         158
  C:02A2H         LINE#         159
  -------         ENDPROC       TIMER1INIT
  -------         PROC          CAR_MOTOR_INIT
  C:000EH         LINE#         168
  C:000EH         LINE#         169
  C:000EH         LINE#         170
  C:0010H         LINE#         171
  C:0012H         LINE#         172
  C:0014H         LINE#         173
  -------         ENDPROC       CAR_MOTOR_INIT
  -------         PROC          TIMER1_ISR
  -------         DO            
  D:0021H         SYMBOL        j
  -------         ENDDO         
  C:0168H         LINE#         183
  C:016FH         LINE#         187
  C:017AH         LINE#         188
  C:017AH         LINE#         189
  C:0183H         LINE#         190
  C:0183H         LINE#         191
  C:0183H         LINE#         192
  C:0185H         LINE#         195
  C:018CH         LINE#         196
  C:018EH         LINE#         197
  C:018EH         LINE#         198
  C:0190H         LINE#         200
  C:019EH         LINE#         201
  C:01A1H         LINE#         202
  C:01A1H         LINE#         203
  C:01A1H         LINE#         204
  C:01A3H         LINE#         205
  C:01A5H         LINE#         207
  C:01A5H         LINE#         208
BL51 BANKED LINKER/LOCATER V6.22                                                      09/20/2022  14:36:00  PAGE 6


  C:01AEH         LINE#         209
  C:01AEH         LINE#         210
  C:01AEH         LINE#         211
  C:01B0H         LINE#         214
  C:01B7H         LINE#         215
  C:01B9H         LINE#         216
  C:01B9H         LINE#         217
  C:01BBH         LINE#         219
  C:01C9H         LINE#         220
  C:01CCH         LINE#         221
  C:01CCH         LINE#         222
  C:01CCH         LINE#         223
  C:01CEH         LINE#         224
  C:01CEH         LINE#         226
  -------         ENDPROC       TIMER1_ISR
  -------         PROC          _CTRY
  D:0010H         SYMBOL        parameter
  C:001EH         LINE#         236
  C:0022H         LINE#         237
  C:0022H         LINE#         238
  C:0025H         LINE#         239
  C:0025H         LINE#         240
  C:0049H         LINE#         241
  C:0049H         LINE#         242
  C:0049H         LINE#         243
  C:0049H         LINE#         244
  C:004BH         LINE#         245
  C:004BH         LINE#         246
  C:004BH         LINE#         247
  C:004DH         LINE#         248
  C:004DH         LINE#         249
  C:004DH         LINE#         250
  C:004FH         LINE#         251
  C:004FH         LINE#         252
  C:004FH         LINE#         253
  C:0051H         LINE#         254
  C:0051H         LINE#         255
  C:0051H         LINE#         256
  C:0053H         LINE#         257
  C:0053H         LINE#         258
  C:0053H         LINE#         259
  C:0055H         LINE#         260
  C:0055H         LINE#         261
  C:0055H         LINE#         262
  C:0057H         LINE#         263
  C:0057H         LINE#         264
  C:005FH         LINE#         265
  C:0061H         LINE#         266
  C:0061H         LINE#         267
  C:0063H         LINE#         268
  C:0063H         LINE#         269
  C:0063H         LINE#         271
  C:0063H         LINE#         272
  C:0087H         LINE#         273
  C:0087H         LINE#         274
  C:0087H         LINE#         275
  C:008CH         LINE#         276
BL51 BANKED LINKER/LOCATER V6.22                                                      09/20/2022  14:36:00  PAGE 7


  C:0091H         LINE#         277
  C:0091H         LINE#         278
  C:0096H         LINE#         279
  C:009BH         LINE#         280
  C:009BH         LINE#         281
  C:00A0H         LINE#         282
  C:00A5H         LINE#         283
  C:00A5H         LINE#         284
  C:00AAH         LINE#         285
  C:00ACH         LINE#         286
  C:00ACH         LINE#         287
  C:00B1H         LINE#         288
  C:00B6H         LINE#         289
  C:00B6H         LINE#         290
  C:00BBH         LINE#         291
  C:00C0H         LINE#         292
  C:00C0H         LINE#         293
  C:00C5H         LINE#         294
  C:00CAH         LINE#         295
  C:00CAH         LINE#         296
  C:00D2H         LINE#         297
  C:00D7H         LINE#         298
  C:00D7H         LINE#         299
  C:00DBH         LINE#         300
  C:00DBH         LINE#         301
  C:00DBH         LINE#         303
  -------         ENDPROC       _CTRY
  -------         PROC          DAOCHE
  C:023DH         LINE#         314
  C:023DH         LINE#         315
  C:023DH         LINE#         316
  C:0248H         LINE#         317
  C:024AH         LINE#         318
  C:024CH         LINE#         319
  C:0257H         LINE#         320
  C:0257H         LINE#         321
  C:025CH         LINE#         322
  C:025CH         LINE#         323
  C:025DH         LINE#         326
  C:025FH         LINE#         327
  C:0261H         LINE#         328
  C:0261H         LINE#         329
  -------         ENDPROC       DAOCHE
  -------         PROC          MAIN
  C:0208H         LINE#         330
  C:0208H         LINE#         331
  C:0208H         LINE#         332
  C:020BH         LINE#         333
  C:020EH         LINE#         335
  C:020EH         LINE#         336
  C:020EH         LINE#         337
  C:0215H         LINE#         338
  C:021CH         LINE#         339
  C:0225H         LINE#         340
  C:0234H         LINE#         341
  C:0238H         LINE#         342
  C:023BH         LINE#         343
BL51 BANKED LINKER/LOCATER V6.22                                                      09/20/2022  14:36:00  PAGE 8


  -------         ENDPROC       MAIN
  -------         ENDMOD        MIAN

  -------         MODULE        ?C?IMUL
  C:02A3H         PUBLIC        ?C?IMUL
  -------         ENDMOD        ?C?IMUL

Program Size: data=41.0 xdata=0 code=718
LINK/LOCATE RUN COMPLETE.  0 WARNING(S),  0 ERROR(S)
