Archive member included to satisfy reference by file (symbol)

c:/program_fast/st/stm32cubeide_1.10.1/stm32cubeide/plugins/com.st.stm32cube.ide.mcu.externaltools.gnu-tools-for-stm32.10.3-2021.10.win32_1.0.200.202301161003/tools/bin/../lib/gcc/arm-none-eabi/10.3.1/../../../../arm-none-eabi/lib/thumb/v7-m/nofp\libm.a(lib_a-s_atan.o)
                              ./Core/Src/scan_red.o (atan)
c:/program_fast/st/stm32cubeide_1.10.1/stm32cubeide/plugins/com.st.stm32cube.ide.mcu.externaltools.gnu-tools-for-stm32.10.3-2021.10.win32_1.0.200.202301161003/tools/bin/../lib/gcc/arm-none-eabi/10.3.1/../../../../arm-none-eabi/lib/thumb/v7-m/nofp\libm.a(lib_a-s_fabs.o)
                              c:/program_fast/st/stm32cubeide_1.10.1/stm32cubeide/plugins/com.st.stm32cube.ide.mcu.externaltools.gnu-tools-for-stm32.10.3-2021.10.win32_1.0.200.202301161003/tools/bin/../lib/gcc/arm-none-eabi/10.3.1/../../../../arm-none-eabi/lib/thumb/v7-m/nofp\libm.a(lib_a-s_atan.o) (fabs)
c:/program_fast/st/stm32cubeide_1.10.1/stm32cubeide/plugins/com.st.stm32cube.ide.mcu.externaltools.gnu-tools-for-stm32.10.3-2021.10.win32_1.0.200.202301161003/tools/bin/../lib/gcc/arm-none-eabi/10.3.1/../../../../arm-none-eabi/lib/thumb/v7-m/nofp\libc_nano.a(lib_a-errno.o)
                              ./Core/Src/syscalls.o (__errno)
c:/program_fast/st/stm32cubeide_1.10.1/stm32cubeide/plugins/com.st.stm32cube.ide.mcu.externaltools.gnu-tools-for-stm32.10.3-2021.10.win32_1.0.200.202301161003/tools/bin/../lib/gcc/arm-none-eabi/10.3.1/../../../../arm-none-eabi/lib/thumb/v7-m/nofp\libc_nano.a(lib_a-exit.o)
                              c:/program_fast/st/stm32cubeide_1.10.1/stm32cubeide/plugins/com.st.stm32cube.ide.mcu.externaltools.gnu-tools-for-stm32.10.3-2021.10.win32_1.0.200.202301161003/tools/bin/../lib/gcc/arm-none-eabi/10.3.1/../../../../arm-none-eabi/lib/thumb/v7-m/nofp/crt0.o (exit)
c:/program_fast/st/stm32cubeide_1.10.1/stm32cubeide/plugins/com.st.stm32cube.ide.mcu.externaltools.gnu-tools-for-stm32.10.3-2021.10.win32_1.0.200.202301161003/tools/bin/../lib/gcc/arm-none-eabi/10.3.1/../../../../arm-none-eabi/lib/thumb/v7-m/nofp\libc_nano.a(lib_a-impure.o)
                              c:/program_fast/st/stm32cubeide_1.10.1/stm32cubeide/plugins/com.st.stm32cube.ide.mcu.externaltools.gnu-tools-for-stm32.10.3-2021.10.win32_1.0.200.202301161003/tools/bin/../lib/gcc/arm-none-eabi/10.3.1/../../../../arm-none-eabi/lib/thumb/v7-m/nofp\libc_nano.a(lib_a-exit.o) (_global_impure_ptr)
c:/program_fast/st/stm32cubeide_1.10.1/stm32cubeide/plugins/com.st.stm32cube.ide.mcu.externaltools.gnu-tools-for-stm32.10.3-2021.10.win32_1.0.200.202301161003/tools/bin/../lib/gcc/arm-none-eabi/10.3.1/../../../../arm-none-eabi/lib/thumb/v7-m/nofp\libc_nano.a(lib_a-init.o)
                              c:/program_fast/st/stm32cubeide_1.10.1/stm32cubeide/plugins/com.st.stm32cube.ide.mcu.externaltools.gnu-tools-for-stm32.10.3-2021.10.win32_1.0.200.202301161003/tools/bin/../lib/gcc/arm-none-eabi/10.3.1/../../../../arm-none-eabi/lib/thumb/v7-m/nofp/crt0.o (__libc_init_array)
c:/program_fast/st/stm32cubeide_1.10.1/stm32cubeide/plugins/com.st.stm32cube.ide.mcu.externaltools.gnu-tools-for-stm32.10.3-2021.10.win32_1.0.200.202301161003/tools/bin/../lib/gcc/arm-none-eabi/10.3.1/../../../../arm-none-eabi/lib/thumb/v7-m/nofp\libc_nano.a(lib_a-memset.o)
                              c:/program_fast/st/stm32cubeide_1.10.1/stm32cubeide/plugins/com.st.stm32cube.ide.mcu.externaltools.gnu-tools-for-stm32.10.3-2021.10.win32_1.0.200.202301161003/tools/bin/../lib/gcc/arm-none-eabi/10.3.1/../../../../arm-none-eabi/lib/thumb/v7-m/nofp/crt0.o (memset)
c:/program_fast/st/stm32cubeide_1.10.1/stm32cubeide/plugins/com.st.stm32cube.ide.mcu.externaltools.gnu-tools-for-stm32.10.3-2021.10.win32_1.0.200.202301161003/tools/bin/../lib/gcc/arm-none-eabi/10.3.1/thumb/v7-m/nofp\libgcc.a(_arm_muldf3.o)
                              ./Core/Src/main.o (__aeabi_dmul)
c:/program_fast/st/stm32cubeide_1.10.1/stm32cubeide/plugins/com.st.stm32cube.ide.mcu.externaltools.gnu-tools-for-stm32.10.3-2021.10.win32_1.0.200.202301161003/tools/bin/../lib/gcc/arm-none-eabi/10.3.1/thumb/v7-m/nofp\libgcc.a(_arm_mulsf3.o)
                              ./Core/Src/kalman.o (__aeabi_fmul)
c:/program_fast/st/stm32cubeide_1.10.1/stm32cubeide/plugins/com.st.stm32cube.ide.mcu.externaltools.gnu-tools-for-stm32.10.3-2021.10.win32_1.0.200.202301161003/tools/bin/../lib/gcc/arm-none-eabi/10.3.1/thumb/v7-m/nofp\libgcc.a(_arm_addsubdf3.o)
                              ./Core/Src/pid.o (__aeabi_dsub)
c:/program_fast/st/stm32cubeide_1.10.1/stm32cubeide/plugins/com.st.stm32cube.ide.mcu.externaltools.gnu-tools-for-stm32.10.3-2021.10.win32_1.0.200.202301161003/tools/bin/../lib/gcc/arm-none-eabi/10.3.1/thumb/v7-m/nofp\libgcc.a(_arm_muldivdf3.o)
                              ./Core/Src/scan_red.o (__aeabi_ddiv)
[...]
Memory Configuration

Name             Origin             Length             Attributes
RAM              0x0000000020000000 0x0000000000005000 xrw
FLASH            0x0000000008000000 0x0000000000010000 xr
*default*        0x0000000000000000 0xffffffffffffffff

Linker script and memory map

LOAD c:/program_fast/st/stm32cubeide_1.10.1/stm32cubeide/plugins/com.st.stm32cube.ide.mcu.externaltools.gnu-tools-for-stm32.10.3-2021.10.win32_1.0.200.202301161003/tools/bin/../lib/gcc/arm-none-eabi/10.3.1/thumb/v7-m/nofp/crti.o
LOAD c:/program_fast/st/stm32cubeide_1.10.1/stm32cubeide/plugins/com.st.stm32cube.ide.mcu.externaltools.gnu-tools-for-stm32.10.3-2021.10.win32_1.0.200.202301161003/tools/bin/../lib/gcc/arm-none-eabi/10.3.1/thumb/v7-m/nofp/crtbegin.o
LOAD c:/program_fast/st/stm32cubeide_1.10.1/stm32cubeide/plugins/com.st.stm32cube.ide.mcu.externaltools.gnu-tools-for-stm32.10.3-2021.10.win32_1.0.200.202301161003/tools/bin/../lib/gcc/arm-none-eabi/10.3.1/../../../../arm-none-eabi/lib/thumb/v7-m/nofp/crt0.o
LOAD ./Core/Src/Moto.o
LOAD ./Core/Src/adc.o
LOAD ./Core/Src/dma.o
LOAD ./Core/Src/gpio.o
LOAD ./Core/Src/i2c.o
LOAD ./Core/Src/kalman.o
LOAD ./Core/Src/main.o
LOAD ./Core/Src/oled.o
LOAD ./Core/Src/pid.o
LOAD ./Core/Src/scan_red.o
LOAD ./Core/Src/stm32f1xx_hal_msp.o
LOAD ./Core/Src/stm32f1xx_it.o
LOAD ./Core/Src/syscalls.o
LOAD ./Core/Src/sysmem.o
LOAD ./Core/Src/system_stm32f1xx.o
LOAD ./Core/Src/tim.o
LOAD ./Core/Src/usart.o
LOAD ./Core/Startup/startup_stm32f103c8tx.o
LOAD ./Drivers/STM32F1xx_HAL_Driver/Src/stm32f1xx_hal.o
LOAD ./Drivers/STM32F1xx_HAL_Driver/Src/stm32f1xx_hal_adc.o
LOAD ./Drivers/STM32F1xx_HAL_Driver/Src/stm32f1xx_hal_adc_ex.o
LOAD ./Drivers/STM32F1xx_HAL_Driver/Src/stm32f1xx_hal_cortex.o
LOAD ./Drivers/STM32F1xx_HAL_Driver/Src/stm32f1xx_hal_dma.o
LOAD ./Drivers/STM32F1xx_HAL_Driver/Src/stm32f1xx_hal_exti.o
LOAD ./Drivers/STM32F1xx_HAL_Driver/Src/stm32f1xx_hal_flash.o
LOAD ./Drivers/STM32F1xx_HAL_Driver/Src/stm32f1xx_hal_flash_ex.o
LOAD ./Drivers/STM32F1xx_HAL_Driver/Src/stm32f1xx_hal_gpio.o
LOAD ./Drivers/STM32F1xx_HAL_Driver/Src/stm32f1xx_hal_gpio_ex.o
LOAD ./Drivers/STM32F1xx_HAL_Driver/Src/stm32f1xx_hal_i2c.o
LOAD ./Drivers/STM32F1xx_HAL_Driver/Src/stm32f1xx_hal_pwr.o
LOAD ./Drivers/STM32F1xx_HAL_Driver/Src/stm32f1xx_hal_rcc.o
LOAD ./Drivers/STM32F1xx_HAL_Driver/Src/stm32f1xx_hal_rcc_ex.o
LOAD ./Drivers/STM32F1xx_HAL_Driver/Src/stm32f1xx_hal_tim.o
LOAD ./Drivers/STM32F1xx_HAL_Driver/Src/stm32f1xx_hal_tim_ex.o
LOAD ./Drivers/STM32F1xx_HAL_Driver/Src/stm32f1xx_hal_uart.o
START GROUP
LOAD c:/program_fast/st/stm32cubeide_1.10.1/stm32cubeide/plugins/com.st.stm32cube.ide.mcu.externaltools.gnu-tools-for-stm32.10.3-2021.10.win32_1.0.200.202301161003/tools/bin/../lib/gcc/arm-none-eabi/10.3.1/../../../../arm-none-eabi/lib/thumb/v7-m/nofp\libstdc++_nano.a
LOAD c:/program_fast/st/stm32cubeide_1.10.1/stm32cubeide/plugins/com.st.stm32cube.ide.mcu.externaltools.gnu-tools-for-stm32.10.3-2021.10.win32_1.0.200.202301161003/tools/bin/../lib/gcc/arm-none-eabi/10.3.1/../../../../arm-none-eabi/lib/thumb/v7-m/nofp\libsupc++_nano.a
END GROUP
LOAD c:/program_fast/st/stm32cubeide_1.10.1/stm32cubeide/plugins/com.st.stm32cube.ide.mcu.externaltools.gnu-tools-for-stm32.10.3-2021.10.win32_1.0.200.202301161003/tools/bin/../lib/gcc/arm-none-eabi/10.3.1/../../../../arm-none-eabi/lib/thumb/v7-m/nofp\libstdc++_nano.a
LOAD c:/program_fast/st/stm32cubeide_1.10.1/stm32cubeide/plugins/com.st.stm32cube.ide.mcu.externaltools.gnu-tools-for-stm32.10.3-2021.10.win32_1.0.200.202301161003/tools/bin/../lib/gcc/arm-none-eabi/10.3.1/../../../../arm-none-eabi/lib/thumb/v7-m/nofp\libm.a
LOAD c:/program_fast/st/stm32cubeide_1.10.1/stm32cubeide/plugins/com.st.stm32cube.ide.mcu.externaltools.gnu-tools-for-stm32.10.3-2021.10.win32_1.0.200.202301161003/tools/bin/../lib/gcc/arm-none-eabi/10.3.1/../../../../arm-none-eabi/lib/thumb/v7-m/nofp\libc_nano.a
START GROUP
LOAD c:/program_fast/st/stm32cubeide_1.10.1/stm32cubeide/plugins/com.st.stm32cube.ide.mcu.externaltools.gnu-tools-for-stm32.10.3-2021.10.win32_1.0.200.202301161003/tools/bin/../lib/gcc/arm-none-eabi/10.3.1/thumb/v7-m/nofp\libgcc.a
LOAD c:/program_fast/st/stm32cubeide_1.10.1/stm32cubeide/plugins/com.st.stm32cube.ide.mcu.externaltools.gnu-tools-for-stm32.10.3-2021.10.win32_1.0.200.202301161003/tools/bin/../lib/gcc/arm-none-eabi/10.3.1/../../../../arm-none-eabi/lib/thumb/v7-m/nofp\libc_nano.a
END GROUP
START GROUP
LOAD c:/program_fast/st/stm32cubeide_1.10.1/stm32cubeide/plugins/com.st.stm32cube.ide.mcu.externaltools.gnu-tools-for-stm32.10.3-2021.10.win32_1.0.200.202301161003/tools/bin/../lib/gcc/arm-none-eabi/10.3.1/thumb/v7-m/nofp\libgcc.a
LOAD c:/program_fast/st/stm32cubeide_1.10.1/stm32cubeide/plugins/com.st.stm32cube.ide.mcu.externaltools.gnu-tools-for-stm32.10.3-2021.10.win32_1.0.200.202301161003/tools/bin/../lib/gcc/arm-none-eabi/10.3.1/../../../../arm-none-eabi/lib/thumb/v7-m/nofp\libc_nano.a
LOAD c:/program_fast/st/stm32cubeide_1.10.1/stm32cubeide/plugins/com.st.stm32cube.ide.mcu.externaltools.gnu-tools-for-stm32.10.3-2021.10.win32_1.0.200.202301161003/tools/bin/../lib/gcc/arm-none-eabi/10.3.1/../../../../arm-none-eabi/lib/thumb/v7-m/nofp\libnosys.a
END GROUP
START GROUP
LOAD c:/program_fast/st/stm32cubeide_1.10.1/stm32cubeide/plugins/com.st.stm32cube.ide.mcu.externaltools.gnu-tools-for-stm32.10.3-2021.10.win32_1.0.200.202301161003/tools/bin/../lib/gcc/arm-none-eabi/10.3.1/thumb/v7-m/nofp\libgcc.a
LOAD c:/program_fast/st/stm32cubeide_1.10.1/stm32cubeide/plugins/com.st.stm32cube.ide.mcu.externaltools.gnu-tools-for-stm32.10.3-2021.10.win32_1.0.200.202301161003/tools/bin/../lib/gcc/arm-none-eabi/10.3.1/../../../../arm-none-eabi/lib/thumb/v7-m/nofp\libc_nano.a
LOAD c:/program_fast/st/stm32cubeide_1.10.1/stm32cubeide/plugins/com.st.stm32cube.ide.mcu.externaltools.gnu-tools-for-stm32.10.3-2021.10.win32_1.0.200.202301161003/tools/bin/../lib/gcc/arm-none-eabi/10.3.1/../../../../arm-none-eabi/lib/thumb/v7-m/nofp\libnosys.a
END GROUP
LOAD c:/program_fast/st/stm32cubeide_1.10.1/stm32cubeide/plugins/com.st.stm32cube.ide.mcu.externaltools.gnu-tools-for-stm32.10.3-2021.10.win32_1.0.200.202301161003/tools/bin/../lib/gcc/arm-none-eabi/10.3.1/thumb/v7-m/nofp/crtend.o
LOAD c:/program_fast/st/stm32cubeide_1.10.1/stm32cubeide/plugins/com.st.stm32cube.ide.mcu.externaltools.gnu-tools-for-stm32.10.3-2021.10.win32_1.0.200.202301161003/tools/bin/../lib/gcc/arm-none-eabi/10.3.1/thumb/v7-m/nofp/crtn.o
                0x0000000020005000                _estack = (ORIGIN (RAM) + LENGTH (RAM))
                0x0000000000000200                _Min_Heap_Size = 0x200
                0x0000000000000400                _Min_Stack_Size = 0x400

.isr_vector     0x0000000008000000      0x10c
                0x0000000008000000                . = ALIGN (0x4)
 *(.isr_vector)
 .isr_vector    0x0000000008000000      0x10c ./Core/Startup/startup_stm32f103c8tx.o
                0x0000000008000000                g_pfnVectors
                0x000000000800010c                . = ALIGN (0x4)

.text           0x0000000008000110     0x57c4
                0x0000000008000110                . = ALIGN (0x4)
 *(.text)
 .text          0x0000000008000110       0x40 c:/program_fast/st/stm32cubeide_1.10.1/stm32cubeide/plugins/com.st.stm32cube.ide.mcu.externaltools.gnu-tools-for-stm32.10.3-2021.10.win32_1.0.200.202301161003/tools/bin/../lib/gcc/arm-none-eabi/10.3.1/thumb/v7-m/nofp/crtbegin.o
 .text          0x0000000008000150      0x378 c:/program_fast/st/stm32cubeide_1.10.1/stm32cubeide/plugins/com.st.stm32cube.ide.mcu.externaltools.gnu-tools-for-stm32.10.3-2021.10.win32_1.0.200.202301161003/tools/bin/../lib/gcc/arm-none-eabi/10.3.1/thumb/v7-m/nofp\libgcc.a(_arm_addsubdf3.o)
                0x0000000008000150                __aeabi_drsub
                0x0000000008000158                __aeabi_dsub
                0x0000000008000158                __subdf3
                0x000000000800015c                __aeabi_dadd
                0x000000000800015c                __adddf3
                0x00000000080003d4                __floatunsidf
                0x00000000080003d4                __aeabi_ui2d
                0x00000000080003f4                __floatsidf
                0x00000000080003f4                __aeabi_i2d
                0x0000000008000418                __aeabi_f2d
                0x0000000008000418                __extendsfdf2
                0x000000000800045c                __floatundidf
                0x000000000800045c                __aeabi_ul2d
                0x000000000800046c                __floatdidf
                0x000000000800046c                __aeabi_l2d
 .text          0x00000000080004c8      0x424 c:/program_fast/st/stm32cubeide_1.10.1/stm32cubeide/plugins/com.st.stm32cube.ide.mcu.externaltools.gnu-tools-for-stm32.10.3-2021.10.win32_1.0.200.202301161003/tools/bin/../lib/gcc/arm-none-eabi/10.3.1/thumb/v7-m/nofp\libgcc.a(_arm_muldivdf3.o)
                0x00000000080004c8                __aeabi_dmul
                0x00000000080004c8                __muldf3
                0x000000000800071c                __divdf3
                0x000000000800071c                __aeabi_ddiv
 .text          0x00000000080008ec      0x110 c:/program_fast/st/stm32cubeide_1.10.1/stm32cubeide/plugins/com.st.stm32cube.ide.mcu.externaltools.gnu-tools-for-stm32.10.3-2021.10.win32_1.0.200.202301161003/tools/bin/../lib/gcc/arm-none-eabi/10.3.1/thumb/v7-m/nofp\libgcc.a(_arm_cmpdf2.o)
                0x00000000080008ec                __gtdf2
                0x00000000080008ec                __gedf2
                0x00000000080008f4                __ltdf2
                0x00000000080008f4                __ledf2
                0x00000000080008fc                __nedf2
                0x00000000080008fc                __eqdf2
                0x00000000080008fc                __cmpdf2
                0x0000000008000978                __aeabi_cdrcmple
                0x0000000008000988                __aeabi_cdcmpeq
                0x0000000008000988                __aeabi_cdcmple
                0x0000000008000998                __aeabi_dcmpeq
                0x00000000080009ac                __aeabi_dcmplt
                0x00000000080009c0                __aeabi_dcmple
                0x00000000080009d4                __aeabi_dcmpge
                0x00000000080009e8                __aeabi_dcmpgt
 .text          0x00000000080009fc       0xa0 c:/program_fast/st/stm32cubeide_1.10.1/stm32cubeide/plugins/com.st.stm32cube.ide.mcu.externaltools.gnu-tools-for-stm32.10.3-2021.10.win32_1.0.200.202301161003/tools/bin/../lib/gcc/arm-none-eabi/10.3.1/thumb/v7-m/nofp\libgcc.a(_arm_truncdfsf2.o)
                0x00000000080009fc                __truncdfsf2
                0x00000000080009fc                __aeabi_d2f
 .text          0x0000000008000a9c      0x21c c:/program_fast/st/stm32cubeide_1.10.1/stm32cubeide/plugins/com.st.stm32cube.ide.mcu.externaltools.gnu-tools-for-stm32.10.3-2021.10.win32_1.0.200.202301161003/tools/bin/../lib/gcc/arm-none-eabi/10.3.1/thumb/v7-m/nofp\libgcc.a(_arm_addsubsf3.o)
                0x0000000008000a9c                __aeabi_frsub
                0x0000000008000aa4                __subsf3
                0x0000000008000aa4                __aeabi_fsub
                0x0000000008000aa8                __aeabi_fadd
                0x0000000008000aa8                __addsf3
                0x0000000008000c08                __aeabi_ui2f
                0x0000000008000c08                __floatunsisf
                0x0000000008000c10                __aeabi_i2f
                0x0000000008000c10                __floatsisf
                0x0000000008000c2c                __aeabi_ul2f
                0x0000000008000c2c                __floatundisf
                0x0000000008000c3c                __aeabi_l2f
                0x0000000008000c3c                __floatdisf
 .text          0x0000000008000cb8      0x2a0 c:/program_fast/st/stm32cubeide_1.10.1/stm32cubeide/plugins/com.st.stm32cube.ide.mcu.externaltools.gnu-tools-for-stm32.10.3-2021.10.win32_1.0.200.202301161003/tools/bin/../lib/gcc/arm-none-eabi/10.3.1/thumb/v7-m/nofp\libgcc.a(_arm_muldivsf3.o)
                0x0000000008000cb8                __mulsf3
                0x0000000008000cb8                __aeabi_fmul
                0x0000000008000e20                __aeabi_fdiv
                0x0000000008000e20                __divsf3
 .text          0x0000000008000f58       0xec c:/program_fast/st/stm32cubeide_1.10.1/stm32cubeide/plugins/com.st.stm32cube.ide.mcu.externaltools.gnu-tools-for-stm32.10.3-2021.10.win32_1.0.200.202301161003/tools/bin/../lib/gcc/arm-none-eabi/10.3.1/thumb/v7-m/nofp\libgcc.a(_arm_cmpsf2.o)
                0x0000000008000f58                __gesf2
                0x0000000008000f58                __gtsf2
                0x0000000008000f60                __lesf2
                0x0000000008000f60                __ltsf2
                0x0000000008000f68                __nesf2
                0x0000000008000f68                __eqsf2
                0x0000000008000f68                __cmpsf2
                0x0000000008000fc8                __aeabi_cfrcmple
                0x0000000008000fd0                __aeabi_cfcmpeq
                0x0000000008000fd0                __aeabi_cfcmple
                0x0000000008000fe0                __aeabi_fcmpeq
                0x0000000008000ff4                __aeabi_fcmplt
                0x0000000008001008                __aeabi_fcmple
                0x000000000800101c                __aeabi_fcmpge
                0x0000000008001030                __aeabi_fcmpgt
 .text          0x0000000008001044       0x4c c:/program_fast/st/stm32cubeide_1.10.1/stm32cubeide/plugins/com.st.stm32cube.ide.mcu.externaltools.gnu-tools-for-stm32.10.3-2021.10.win32_1.0.200.202301161003/tools/bin/../lib/gcc/arm-none-eabi/10.3.1/thumb/v7-m/nofp\libgcc.a(_arm_fixsfsi.o)
                0x0000000008001044                __aeabi_f2iz
                0x0000000008001044                __fixsfsi
 .text          0x0000000008001090       0x40 c:/program_fast/st/stm32cubeide_1.10.1/stm32cubeide/plugins/com.st.stm32cube.ide.mcu.externaltools.gnu-tools-for-stm32.10.3-2021.10.win32_1.0.200.202301161003/tools/bin/../lib/gcc/arm-none-eabi/10.3.1/thumb/v7-m/nofp\libgcc.a(_arm_fixunssfsi.o)
                0x0000000008001090                __fixunssfsi
                0x0000000008001090                __aeabi_f2uiz
 *(.text*)
 .text.PWM_OUT_Init
                0x00000000080010d0       0x2c ./Core/Src/Moto.o
                0x00000000080010d0                PWM_OUT_Init
 .text.PWM_SETDUTY
                0x00000000080010fc       0x5c ./Core/Src/Moto.o
                0x00000000080010fc                PWM_SETDUTY
 .text.GO_Power_Set
                0x0000000008001158       0x8c ./Core/Src/Moto.o
                0x0000000008001158                GO_Power_Set
 .text.MX_ADC1_Init
                0x00000000080011e4       0xb8 ./Core/Src/adc.o
                0x00000000080011e4                MX_ADC1_Init
 .text.HAL_ADC_MspInit
                0x000000000800129c      0x100 ./Core/Src/adc.o
                0x000000000800129c                HAL_ADC_MspInit
 .text.MX_DMA_Init
                0x000000000800139c       0x3c ./Core/Src/dma.o
                0x000000000800139c                MX_DMA_Init
 .text.MX_GPIO_Init
                0x00000000080013d8       0xb4 ./Core/Src/gpio.o
                0x00000000080013d8                MX_GPIO_Init
 .text.MX_I2C1_Init
                0x000000000800148c       0x5c ./Core/Src/i2c.o
                0x000000000800148c                MX_I2C1_Init
 .text.HAL_I2C_MspInit
                0x00000000080014e8       0x7c ./Core/Src/i2c.o
                0x00000000080014e8                HAL_I2C_MspInit
 .text.Kalman_Init
                0x0000000008001564       0x50 ./Core/Src/kalman.o
                0x0000000008001564                Kalman_Init
 .text.KalmanFilter
                0x00000000080015b4       0xaa ./Core/Src/kalman.o
                0x00000000080015b4                KalmanFilter
 .text.UserKalFil
                0x000000000800165e       0x28 ./Core/Src/kalman.o
                0x000000000800165e                UserKalFil
 *fill*         0x0000000008001686        0x2 
 .text.main     0x0000000008001688      0x444 ./Core/Src/main.o
                0x0000000008001688                main
 .text.SystemClock_Config
                0x0000000008001acc       0xb6 ./Core/Src/main.o
                0x0000000008001acc                SystemClock_Config
 .text.Error_Handler
                0x0000000008001b82        0xa ./Core/Src/main.o
                0x0000000008001b82                Error_Handler
 .text.OLED_WriteCommand
                0x0000000008001b8c       0x34 ./Core/Src/oled.o
                0x0000000008001b8c                OLED_WriteCommand
 .text.OLED_WriteData
                0x0000000008001bc0       0x34 ./Core/Src/oled.o
                0x0000000008001bc0                OLED_WriteData
 .text.OLED_SetCursor
                0x0000000008001bf4       0x46 ./Core/Src/oled.o
                0x0000000008001bf4                OLED_SetCursor
 .text.OLED_Clear
                0x0000000008001c3a       0x46 ./Core/Src/oled.o
                0x0000000008001c3a                OLED_Clear
 .text.OLED_ShowChar
                0x0000000008001c80       0xb4 ./Core/Src/oled.o
                0x0000000008001c80                OLED_ShowChar
 .text.OLED_ShowString
                0x0000000008001d34       0x4a ./Core/Src/oled.o
                0x0000000008001d34                OLED_ShowString
 .text.OLED_Pow
                0x0000000008001d7e       0x30 ./Core/Src/oled.o
                0x0000000008001d7e                OLED_Pow
 *fill*         0x0000000008001dae        0x2 
 .text.OLED_ShowNum
                0x0000000008001db0       0x7c ./Core/Src/oled.o
                0x0000000008001db0                OLED_ShowNum
 .text.OLED_Init
                0x0000000008001e2c       0x9c ./Core/Src/oled.o
                0x0000000008001e2c                OLED_Init
 .text.Coordinate_Conversion
                0x0000000008001ec8       0x58 ./Core/Src/scan_red.o
                0x0000000008001ec8                Coordinate_Conversion
 .text.Cross_negative_feedback
                0x0000000008001f20       0x78 ./Core/Src/scan_red.o
                0x0000000008001f20                Cross_negative_feedback
 .text.HAL_MspInit
                0x0000000008001f98       0x64 ./Core/Src/stm32f1xx_hal_msp.o
                0x0000000008001f98                HAL_MspInit
 .text.NMI_Handler
                0x0000000008001ffc        0x6 ./Core/Src/stm32f1xx_it.o
                0x0000000008001ffc                NMI_Handler
 .text.HardFault_Handler
                0x0000000008002002        0x6 ./Core/Src/stm32f1xx_it.o
                0x0000000008002002                HardFault_Handler
 .text.MemManage_Handler
                0x0000000008002008        0x6 ./Core/Src/stm32f1xx_it.o
                0x0000000008002008                MemManage_Handler
 .text.BusFault_Handler
                0x000000000800200e        0x6 ./Core/Src/stm32f1xx_it.o
                0x000000000800200e                BusFault_Handler
 .text.UsageFault_Handler
                0x0000000008002014        0x6 ./Core/Src/stm32f1xx_it.o
                0x0000000008002014                UsageFault_Handler
 .text.SVC_Handler
                0x000000000800201a        0xc ./Core/Src/stm32f1xx_it.o
                0x000000000800201a                SVC_Handler
 .text.DebugMon_Handler
                0x0000000008002026        0xc ./Core/Src/stm32f1xx_it.o
                0x0000000008002026                DebugMon_Handler
 .text.PendSV_Handler
                0x0000000008002032        0xc ./Core/Src/stm32f1xx_it.o
                0x0000000008002032                PendSV_Handler
 .text.SysTick_Handler
                0x000000000800203e        0xc ./Core/Src/stm32f1xx_it.o
                0x000000000800203e                SysTick_Handler
 *fill*         0x000000000800204a        0x2 
 .text.DMA1_Channel1_IRQHandler
                0x000000000800204c       0x14 ./Core/Src/stm32f1xx_it.o
                0x000000000800204c                DMA1_Channel1_IRQHandler
 .text.EXTI15_10_IRQHandler
                0x0000000008002060       0x10 ./Core/Src/stm32f1xx_it.o
                0x0000000008002060                EXTI15_10_IRQHandler
 .text.HAL_GPIO_EXTI_Callback
                0x0000000008002070       0x50 ./Core/Src/stm32f1xx_it.o
                0x0000000008002070                HAL_GPIO_EXTI_Callback
 .text.SystemInit
                0x00000000080020c0        0xc ./Core/Src/system_stm32f1xx.o
                0x00000000080020c0                SystemInit
 .text.MX_TIM2_Init
                0x00000000080020cc      0x12c ./Core/Src/tim.o
                0x00000000080020cc                MX_TIM2_Init
 .text.HAL_TIM_Base_MspInit
                0x00000000080021f8       0x38 ./Core/Src/tim.o
                0x00000000080021f8                HAL_TIM_Base_MspInit
 .text.HAL_TIM_MspPostInit
                0x0000000008002230       0x60 ./Core/Src/tim.o
                0x0000000008002230                HAL_TIM_MspPostInit
 .text.MX_USART1_UART_Init
                0x0000000008002290       0x54 ./Core/Src/usart.o
                0x0000000008002290                MX_USART1_UART_Init
 .text.HAL_UART_MspInit
                0x00000000080022e4       0x98 ./Core/Src/usart.o
                0x00000000080022e4                HAL_UART_MspInit
 .text.Reset_Handler
                0x000000000800237c       0x48 ./Core/Startup/startup_stm32f103c8tx.o
                0x000000000800237c                Reset_Handler
 .text.Default_Handler
                0x00000000080023c4        0x2 ./Core/Startup/startup_stm32f103c8tx.o
                0x00000000080023c4                RTC_Alarm_IRQHandler
                0x00000000080023c4                EXTI2_IRQHandler
                0x00000000080023c4                TIM1_CC_IRQHandler
                0x00000000080023c4                PVD_IRQHandler
                0x00000000080023c4                EXTI3_IRQHandler
                0x00000000080023c4                EXTI0_IRQHandler
                0x00000000080023c4                I2C2_EV_IRQHandler
                0x00000000080023c4                ADC1_2_IRQHandler
                0x00000000080023c4                SPI1_IRQHandler
                0x00000000080023c4                TAMPER_IRQHandler
                0x00000000080023c4                DMA1_Channel4_IRQHandler
                0x00000000080023c4                USART3_IRQHandler
                0x00000000080023c4                RTC_IRQHandler
                0x00000000080023c4                DMA1_Channel7_IRQHandler
                0x00000000080023c4                CAN1_RX1_IRQHandler
                0x00000000080023c4                TIM4_IRQHandler
                0x00000000080023c4                I2C1_EV_IRQHandler
                0x00000000080023c4                DMA1_Channel6_IRQHandler
                0x00000000080023c4                TIM3_IRQHandler
                0x00000000080023c4                RCC_IRQHandler
                0x00000000080023c4                TIM1_TRG_COM_IRQHandler
                0x00000000080023c4                Default_Handler
                0x00000000080023c4                EXTI9_5_IRQHandler
                0x00000000080023c4                SPI2_IRQHandler
                0x00000000080023c4                DMA1_Channel5_IRQHandler
                0x00000000080023c4                EXTI4_IRQHandler
                0x00000000080023c4                USB_LP_CAN1_RX0_IRQHandler
                0x00000000080023c4                USB_HP_CAN1_TX_IRQHandler
                0x00000000080023c4                DMA1_Channel3_IRQHandler
                0x00000000080023c4                TIM1_UP_IRQHandler
                0x00000000080023c4                WWDG_IRQHandler
                0x00000000080023c4                TIM2_IRQHandler
                0x00000000080023c4                TIM1_BRK_IRQHandler
                0x00000000080023c4                EXTI1_IRQHandler
                0x00000000080023c4                USART2_IRQHandler
                0x00000000080023c4                I2C2_ER_IRQHandler
                0x00000000080023c4                DMA1_Channel2_IRQHandler
                0x00000000080023c4                CAN1_SCE_IRQHandler
                0x00000000080023c4                FLASH_IRQHandler
                0x00000000080023c4                USART1_IRQHandler
                0x00000000080023c4                I2C1_ER_IRQHandler
                0x00000000080023c4                USBWakeUp_IRQHandler
 *fill*         0x00000000080023c6        0x2 
 .text.HAL_Init
                0x00000000080023c8       0x2c ./Drivers/STM32F1xx_HAL_Driver/Src/stm32f1xx_hal.o
                0x00000000080023c8                HAL_Init
 .text.HAL_InitTick
                0x00000000080023f4       0x60 ./Drivers/STM32F1xx_HAL_Driver/Src/stm32f1xx_hal.o
                0x00000000080023f4                HAL_InitTick
 .text.HAL_IncTick
                0x0000000008002454       0x24 ./Drivers/STM32F1xx_HAL_Driver/Src/stm32f1xx_hal.o
                0x0000000008002454                HAL_IncTick
 .text.HAL_GetTick
                0x0000000008002478       0x14 ./Drivers/STM32F1xx_HAL_Driver/Src/stm32f1xx_hal.o
                0x0000000008002478                HAL_GetTick
 .text.HAL_Delay
                0x000000000800248c       0x48 ./Drivers/STM32F1xx_HAL_Driver/Src/stm32f1xx_hal.o
                0x000000000800248c                HAL_Delay
 .text.HAL_ADC_Init
                0x00000000080024d4      0x1b0 ./Drivers/STM32F1xx_HAL_Driver/Src/stm32f1xx_hal_adc.o
                0x00000000080024d4                HAL_ADC_Init
 .text.HAL_ADC_Start_DMA
                0x0000000008002684      0x1bc ./Drivers/STM32F1xx_HAL_Driver/Src/stm32f1xx_hal_adc.o
                0x0000000008002684                HAL_ADC_Start_DMA
 .text.HAL_ADC_ConvCpltCallback
                0x0000000008002840       0x12 ./Drivers/STM32F1xx_HAL_Driver/Src/stm32f1xx_hal_adc.o
                0x0000000008002840                HAL_ADC_ConvCpltCallback
 .text.HAL_ADC_ConvHalfCpltCallback
                0x0000000008002852       0x12 ./Drivers/STM32F1xx_HAL_Driver/Src/stm32f1xx_hal_adc.o
                0x0000000008002852                HAL_ADC_ConvHalfCpltCallback
 .text.HAL_ADC_ErrorCallback
                0x0000000008002864       0x12 ./Drivers/STM32F1xx_HAL_Driver/Src/stm32f1xx_hal_adc.o
                0x0000000008002864                HAL_ADC_ErrorCallback
 *fill*         0x0000000008002876        0x2 
 .text.HAL_ADC_ConfigChannel
                0x0000000008002878      0x1f0 ./Drivers/STM32F1xx_HAL_Driver/Src/stm32f1xx_hal_adc.o
                0x0000000008002878                HAL_ADC_ConfigChannel
 .text.ADC_Enable
                0x0000000008002a68       0xb4 ./Drivers/STM32F1xx_HAL_Driver/Src/stm32f1xx_hal_adc.o
                0x0000000008002a68                ADC_Enable
 .text.ADC_ConversionStop_Disable
                0x0000000008002b1c       0x82 ./Drivers/STM32F1xx_HAL_Driver/Src/stm32f1xx_hal_adc.o
                0x0000000008002b1c                ADC_ConversionStop_Disable
 .text.ADC_DMAConvCplt
                0x0000000008002b9e       0x7c ./Drivers/STM32F1xx_HAL_Driver/Src/stm32f1xx_hal_adc.o
                0x0000000008002b9e                ADC_DMAConvCplt
 .text.ADC_DMAHalfConvCplt
                0x0000000008002c1a       0x1c ./Drivers/STM32F1xx_HAL_Driver/Src/stm32f1xx_hal_adc.o
                0x0000000008002c1a                ADC_DMAHalfConvCplt
 .text.ADC_DMAError
                0x0000000008002c36       0x34 ./Drivers/STM32F1xx_HAL_Driver/Src/stm32f1xx_hal_adc.o
                0x0000000008002c36                ADC_DMAError
 *fill*         0x0000000008002c6a        0x2 
 .text.__NVIC_SetPriorityGrouping
                0x0000000008002c6c       0x48 ./Drivers/STM32F1xx_HAL_Driver/Src/stm32f1xx_hal_cortex.o
 .text.__NVIC_GetPriorityGrouping
                0x0000000008002cb4       0x1c ./Drivers/STM32F1xx_HAL_Driver/Src/stm32f1xx_hal_cortex.o
 .text.__NVIC_EnableIRQ
                0x0000000008002cd0       0x38 ./Drivers/STM32F1xx_HAL_Driver/Src/stm32f1xx_hal_cortex.o
 .text.__NVIC_SetPriority
                0x0000000008002d08       0x54 ./Drivers/STM32F1xx_HAL_Driver/Src/stm32f1xx_hal_cortex.o
 .text.NVIC_EncodePriority
                0x0000000008002d5c       0x64 ./Drivers/STM32F1xx_HAL_Driver/Src/stm32f1xx_hal_cortex.o
 .text.SysTick_Config
                0x0000000008002dc0       0x44 ./Drivers/STM32F1xx_HAL_Driver/Src/stm32f1xx_hal_cortex.o
 .text.HAL_NVIC_SetPriorityGrouping
                0x0000000008002e04       0x16 ./Drivers/STM32F1xx_HAL_Driver/Src/stm32f1xx_hal_cortex.o
                0x0000000008002e04                HAL_NVIC_SetPriorityGrouping
 .text.HAL_NVIC_SetPriority
                0x0000000008002e1a       0x38 ./Drivers/STM32F1xx_HAL_Driver/Src/stm32f1xx_hal_cortex.o
                0x0000000008002e1a                HAL_NVIC_SetPriority
 .text.HAL_NVIC_EnableIRQ
                0x0000000008002e52       0x1c ./Drivers/STM32F1xx_HAL_Driver/Src/stm32f1xx_hal_cortex.o
                0x0000000008002e52                HAL_NVIC_EnableIRQ
 .text.HAL_SYSTICK_Config
                0x0000000008002e6e       0x18 ./Drivers/STM32F1xx_HAL_Driver/Src/stm32f1xx_hal_cortex.o
                0x0000000008002e6e                HAL_SYSTICK_Config
 *fill*         0x0000000008002e86        0x2 
 .text.HAL_DMA_Init
                0x0000000008002e88       0xb4 ./Drivers/STM32F1xx_HAL_Driver/Src/stm32f1xx_hal_dma.o
                0x0000000008002e88                HAL_DMA_Init
 .text.HAL_DMA_Start_IT
                0x0000000008002f3c       0xbe ./Drivers/STM32F1xx_HAL_Driver/Src/stm32f1xx_hal_dma.o
                0x0000000008002f3c                HAL_DMA_Start_IT
 *fill*         0x0000000008002ffa        0x2 
 .text.HAL_DMA_IRQHandler
                0x0000000008002ffc      0x20c ./Drivers/STM32F1xx_HAL_Driver/Src/stm32f1xx_hal_dma.o
                0x0000000008002ffc                HAL_DMA_IRQHandler
 .text.DMA_SetConfig
                0x0000000008003208       0x5a ./Drivers/STM32F1xx_HAL_Driver/Src/stm32f1xx_hal_dma.o
 *fill*         0x0000000008003262        0x2 
 .text.HAL_GPIO_Init
                0x0000000008003264      0x308 ./Drivers/STM32F1xx_HAL_Driver/Src/stm32f1xx_hal_gpio.o
                0x0000000008003264                HAL_GPIO_Init
 .text.HAL_GPIO_EXTI_IRQHandler
                0x000000000800356c       0x30 ./Drivers/STM32F1xx_HAL_Driver/Src/stm32f1xx_hal_gpio.o
                0x000000000800356c                HAL_GPIO_EXTI_IRQHandler
 .text.HAL_I2C_Init
                0x000000000800359c      0x288 ./Drivers/STM32F1xx_HAL_Driver/Src/stm32f1xx_hal_i2c.o
                0x000000000800359c                HAL_I2C_Init
 .text.HAL_I2C_Mem_Write
                0x0000000008003824      0x1f4 ./Drivers/STM32F1xx_HAL_Driver/Src/stm32f1xx_hal_i2c.o
                0x0000000008003824                HAL_I2C_Mem_Write
 .text.I2C_RequestMemoryWrite
                0x0000000008003a18      0x12c ./Drivers/STM32F1xx_HAL_Driver/Src/stm32f1xx_hal_i2c.o
 .text.I2C_WaitOnFlagUntilTimeout
                0x0000000008003b44       0xae ./Drivers/STM32F1xx_HAL_Driver/Src/stm32f1xx_hal_i2c.o
 .text.I2C_WaitOnMasterAddressFlagUntilTimeout
                0x0000000008003bf2       0xfe ./Drivers/STM32F1xx_HAL_Driver/Src/stm32f1xx_hal_i2c.o
 .text.I2C_WaitOnTXEFlagUntilTimeout
                0x0000000008003cf0       0x82 ./Drivers/STM32F1xx_HAL_Driver/Src/stm32f1xx_hal_i2c.o
 .text.I2C_WaitOnBTFFlagUntilTimeout
                0x0000000008003d72       0x82 ./Drivers/STM32F1xx_HAL_Driver/Src/stm32f1xx_hal_i2c.o
 .text.I2C_IsAcknowledgeFailed
                0x0000000008003df4       0x5c ./Drivers/STM32F1xx_HAL_Driver/Src/stm32f1xx_hal_i2c.o
 .text.HAL_RCC_OscConfig
                0x0000000008003e50      0x504 ./Drivers/STM32F1xx_HAL_Driver/Src/stm32f1xx_hal_rcc.o
                0x0000000008003e50                HAL_RCC_OscConfig
 .text.HAL_RCC_ClockConfig
                0x0000000008004354      0x1d4 ./Drivers/STM32F1xx_HAL_Driver/Src/stm32f1xx_hal_rcc.o
                0x0000000008004354                HAL_RCC_ClockConfig
 .text.HAL_RCC_GetSysClockFreq
                0x0000000008004528       0xbc ./Drivers/STM32F1xx_HAL_Driver/Src/stm32f1xx_hal_rcc.o
                0x0000000008004528                HAL_RCC_GetSysClockFreq
 .text.HAL_RCC_GetHCLKFreq
                0x00000000080045e4       0x14 ./Drivers/STM32F1xx_HAL_Driver/Src/stm32f1xx_hal_rcc.o
                0x00000000080045e4                HAL_RCC_GetHCLKFreq
 .text.HAL_RCC_GetPCLK1Freq
                0x00000000080045f8       0x28 ./Drivers/STM32F1xx_HAL_Driver/Src/stm32f1xx_hal_rcc.o
                0x00000000080045f8                HAL_RCC_GetPCLK1Freq
 .text.HAL_RCC_GetPCLK2Freq
                0x0000000008004620       0x28 ./Drivers/STM32F1xx_HAL_Driver/Src/stm32f1xx_hal_rcc.o
                0x0000000008004620                HAL_RCC_GetPCLK2Freq
 .text.RCC_Delay
                0x0000000008004648       0x3c ./Drivers/STM32F1xx_HAL_Driver/Src/stm32f1xx_hal_rcc.o
 .text.HAL_RCCEx_PeriphCLKConfig
                0x0000000008004684      0x16c ./Drivers/STM32F1xx_HAL_Driver/Src/stm32f1xx_hal_rcc_ex.o
                0x0000000008004684                HAL_RCCEx_PeriphCLKConfig
 .text.HAL_TIM_Base_Init
                0x00000000080047f0       0x9e ./Drivers/STM32F1xx_HAL_Driver/Src/stm32f1xx_hal_tim.o
                0x00000000080047f0                HAL_TIM_Base_Init
 .text.HAL_TIM_PWM_Init
                0x000000000800488e       0x9e ./Drivers/STM32F1xx_HAL_Driver/Src/stm32f1xx_hal_tim.o
                0x000000000800488e                HAL_TIM_PWM_Init
 .text.HAL_TIM_PWM_MspInit
                0x000000000800492c       0x12 ./Drivers/STM32F1xx_HAL_Driver/Src/stm32f1xx_hal_tim.o
                0x000000000800492c                HAL_TIM_PWM_MspInit
 *fill*         0x000000000800493e        0x2 
 .text.HAL_TIM_PWM_Start
                0x0000000008004940      0x144 ./Drivers/STM32F1xx_HAL_Driver/Src/stm32f1xx_hal_tim.o
                0x0000000008004940                HAL_TIM_PWM_Start
 .text.HAL_TIM_PWM_ConfigChannel
                0x0000000008004a84      0x17c ./Drivers/STM32F1xx_HAL_Driver/Src/stm32f1xx_hal_tim.o
                0x0000000008004a84                HAL_TIM_PWM_ConfigChannel
 .text.HAL_TIM_ConfigClockSource
                0x0000000008004c00      0x188 ./Drivers/STM32F1xx_HAL_Driver/Src/stm32f1xx_hal_tim.o
                0x0000000008004c00                HAL_TIM_ConfigClockSource
 .text.TIM_Base_SetConfig
                0x0000000008004d88       0xc4 ./Drivers/STM32F1xx_HAL_Driver/Src/stm32f1xx_hal_tim.o
                0x0000000008004d88                TIM_Base_SetConfig
 .text.TIM_OC1_SetConfig
                0x0000000008004e4c       0xcc ./Drivers/STM32F1xx_HAL_Driver/Src/stm32f1xx_hal_tim.o
 .text.TIM_OC2_SetConfig
                0x0000000008004f18       0xd4 ./Drivers/STM32F1xx_HAL_Driver/Src/stm32f1xx_hal_tim.o
                0x0000000008004f18                TIM_OC2_SetConfig
 .text.TIM_OC3_SetConfig
                0x0000000008004fec       0xd4 ./Drivers/STM32F1xx_HAL_Driver/Src/stm32f1xx_hal_tim.o
 .text.TIM_OC4_SetConfig
                0x00000000080050c0       0x9c ./Drivers/STM32F1xx_HAL_Driver/Src/stm32f1xx_hal_tim.o
 .text.TIM_TI1_ConfigInputStage
                0x000000000800515c       0x5c ./Drivers/STM32F1xx_HAL_Driver/Src/stm32f1xx_hal_tim.o
 .text.TIM_TI2_ConfigInputStage
                0x00000000080051b8       0x5e ./Drivers/STM32F1xx_HAL_Driver/Src/stm32f1xx_hal_tim.o
 .text.TIM_ITRx_SetConfig
                0x0000000008005216       0x34 ./Drivers/STM32F1xx_HAL_Driver/Src/stm32f1xx_hal_tim.o
 .text.TIM_ETR_SetConfig
                0x000000000800524a       0x3e ./Drivers/STM32F1xx_HAL_Driver/Src/stm32f1xx_hal_tim.o
                0x000000000800524a                TIM_ETR_SetConfig
 .text.TIM_CCxChannelCmd
                0x0000000008005288       0x48 ./Drivers/STM32F1xx_HAL_Driver/Src/stm32f1xx_hal_tim.o
                0x0000000008005288                TIM_CCxChannelCmd
 .text.HAL_TIMEx_MasterConfigSynchronization
                0x00000000080052d0       0xbc ./Drivers/STM32F1xx_HAL_Driver/Src/stm32f1xx_hal_tim_ex.o
                0x00000000080052d0                HAL_TIMEx_MasterConfigSynchronization
 .text.HAL_UART_Init
                0x000000000800538c       0x9a ./Drivers/STM32F1xx_HAL_Driver/Src/stm32f1xx_hal_uart.o
                0x000000000800538c                HAL_UART_Init
 *fill*         0x0000000008005426        0x2 
 .text.UART_SetConfig
                0x0000000008005428      0x11c ./Drivers/STM32F1xx_HAL_Driver/Src/stm32f1xx_hal_uart.o
 *fill*         0x0000000008005544        0x4 
 .text.atan     0x0000000008005548      0x314 c:/program_fast/st/stm32cubeide_1.10.1/stm32cubeide/plugins/com.st.stm32cube.ide.mcu.externaltools.gnu-tools-for-stm32.10.3-2021.10.win32_1.0.200.202301161003/tools/bin/../lib/gcc/arm-none-eabi/10.3.1/../../../../arm-none-eabi/lib/thumb/v7-m/nofp\libm.a(lib_a-s_atan.o)
                0x0000000008005548                atan
 .text.fabs     0x000000000800585c        0x6 c:/program_fast/st/stm32cubeide_1.10.1/stm32cubeide/plugins/com.st.stm32cube.ide.mcu.externaltools.gnu-tools-for-stm32.10.3-2021.10.win32_1.0.200.202301161003/tools/bin/../lib/gcc/arm-none-eabi/10.3.1/../../../../arm-none-eabi/lib/thumb/v7-m/nofp\libm.a(lib_a-s_fabs.o)
                0x000000000800585c                fabs
 *fill*         0x0000000008005862        0x2 
 .text.__libc_init_array
                0x0000000008005864       0x48 c:/program_fast/st/stm32cubeide_1.10.1/stm32cubeide/plugins/com.st.stm32cube.ide.mcu.externaltools.gnu-tools-for-stm32.10.3-2021.10.win32_1.0.200.202301161003/tools/bin/../lib/gcc/arm-none-eabi/10.3.1/../../../../arm-none-eabi/lib/thumb/v7-m/nofp\libc_nano.a(lib_a-init.o)
                0x0000000008005864                __libc_init_array
 .text.memset   0x00000000080058ac       0x10 c:/program_fast/st/stm32cubeide_1.10.1/stm32cubeide/plugins/com.st.stm32cube.ide.mcu.externaltools.gnu-tools-for-stm32.10.3-2021.10.win32_1.0.200.202301161003/tools/bin/../lib/gcc/arm-none-eabi/10.3.1/../../../../arm-none-eabi/lib/thumb/v7-m/nofp\libc_nano.a(lib_a-memset.o)
                0x00000000080058ac                memset
 *(.glue_7)
 .glue_7        0x00000000080058bc        0x0 linker stubs
 *(.glue_7t)
 .glue_7t       0x00000000080058bc        0x0 linker stubs
 *(.eh_frame)
 .eh_frame      0x00000000080058bc        0x0 c:/program_fast/st/stm32cubeide_1.10.1/stm32cubeide/plugins/com.st.stm32cube.ide.mcu.externaltools.gnu-tools-for-stm32.10.3-2021.10.win32_1.0.200.202301161003/tools/bin/../lib/gcc/arm-none-eabi/10.3.1/thumb/v7-m/nofp/crtbegin.o
 *(.init)
 .init          0x00000000080058bc        0x4 c:/program_fast/st/stm32cubeide_1.10.1/stm32cubeide/plugins/com.st.stm32cube.ide.mcu.externaltools.gnu-tools-for-stm32.10.3-2021.10.win32_1.0.200.202301161003/tools/bin/../lib/gcc/arm-none-eabi/10.3.1/thumb/v7-m/nofp/crti.o
                0x00000000080058bc                _init
 .init          0x00000000080058c0        0x8 c:/program_fast/st/stm32cubeide_1.10.1/stm32cubeide/plugins/com.st.stm32cube.ide.mcu.externaltools.gnu-tools-for-stm32.10.3-2021.10.win32_1.0.200.202301161003/tools/bin/../lib/gcc/arm-none-eabi/10.3.1/thumb/v7-m/nofp/crtn.o
 *(.fini)
 .fini          0x00000000080058c8        0x4 c:/program_fast/st/stm32cubeide_1.10.1/stm32cubeide/plugins/com.st.stm32cube.ide.mcu.externaltools.gnu-tools-for-stm32.10.3-2021.10.win32_1.0.200.202301161003/tools/bin/../lib/gcc/arm-none-eabi/10.3.1/thumb/v7-m/nofp/crti.o
                0x00000000080058c8                _fini
 .fini          0x00000000080058cc        0x8 c:/program_fast/st/stm32cubeide_1.10.1/stm32cubeide/plugins/com.st.stm32cube.ide.mcu.externaltools.gnu-tools-for-stm32.10.3-2021.10.win32_1.0.200.202301161003/tools/bin/../lib/gcc/arm-none-eabi/10.3.1/thumb/v7-m/nofp/crtn.o
                0x00000000080058d4                . = ALIGN (0x4)
                0x00000000080058d4                _etext = .

.vfp11_veneer   0x00000000080058d4        0x0
 .vfp11_veneer  0x00000000080058d4        0x0 linker stubs

.v4_bx          0x00000000080058d4        0x0
 .v4_bx         0x00000000080058d4        0x0 linker stubs

.iplt           0x00000000080058d4        0x0
 .iplt          0x00000000080058d4        0x0 c:/program_fast/st/stm32cubeide_1.10.1/stm32cubeide/plugins/com.st.stm32cube.ide.mcu.externaltools.gnu-tools-for-stm32.10.3-2021.10.win32_1.0.200.202301161003/tools/bin/../lib/gcc/arm-none-eabi/10.3.1/thumb/v7-m/nofp/crtbegin.o

.rodata         0x00000000080058d8      0x680
                0x00000000080058d8                . = ALIGN (0x4)
 *(.rodata)
 .rodata        0x00000000080058d8       0x19 ./Core/Src/main.o
 *fill*         0x00000000080058f1        0x3 
 .rodata        0x00000000080058f4        0xb ./Core/Src/stm32f1xx_it.o
 *fill*         0x00000000080058ff        0x1 
 .rodata        0x0000000008005900       0x10 ./Drivers/STM32F1xx_HAL_Driver/Src/stm32f1xx_hal_rcc.o
 *(.rodata*)
 .rodata.OLED_F8x16
                0x0000000008005910      0x5f0 ./Core/Src/oled.o
                0x0000000008005910                OLED_F8x16
 .rodata.AHBPrescTable
                0x0000000008005f00       0x10 ./Core/Src/system_stm32f1xx.o
                0x0000000008005f00                AHBPrescTable
 .rodata.APBPrescTable
                0x0000000008005f10        0x8 ./Core/Src/system_stm32f1xx.o
                0x0000000008005f10                APBPrescTable
 .rodata.atanhi
                0x0000000008005f18       0x20 c:/program_fast/st/stm32cubeide_1.10.1/stm32cubeide/plugins/com.st.stm32cube.ide.mcu.externaltools.gnu-tools-for-stm32.10.3-2021.10.win32_1.0.200.202301161003/tools/bin/../lib/gcc/arm-none-eabi/10.3.1/../../../../arm-none-eabi/lib/thumb/v7-m/nofp\libm.a(lib_a-s_atan.o)
 .rodata.atanlo
                0x0000000008005f38       0x20 c:/program_fast/st/stm32cubeide_1.10.1/stm32cubeide/plugins/com.st.stm32cube.ide.mcu.externaltools.gnu-tools-for-stm32.10.3-2021.10.win32_1.0.200.202301161003/tools/bin/../lib/gcc/arm-none-eabi/10.3.1/../../../../arm-none-eabi/lib/thumb/v7-m/nofp\libm.a(lib_a-s_atan.o)
                0x0000000008005f58                . = ALIGN (0x4)

.rel.dyn        0x0000000008005f58        0x0
 .rel.iplt      0x0000000008005f58        0x0 c:/program_fast/st/stm32cubeide_1.10.1/stm32cubeide/plugins/com.st.stm32cube.ide.mcu.externaltools.gnu-tools-for-stm32.10.3-2021.10.win32_1.0.200.202301161003/tools/bin/../lib/gcc/arm-none-eabi/10.3.1/thumb/v7-m/nofp/crtbegin.o

.ARM.extab      0x0000000008005f58        0x0
                0x0000000008005f58                . = ALIGN (0x4)
 *(.ARM.extab* .gnu.linkonce.armextab.*)
                0x0000000008005f58                . = ALIGN (0x4)

.ARM            0x0000000008005f58        0x0
                0x0000000008005f58                . = ALIGN (0x4)
                0x0000000008005f58                __exidx_start = .
 *(.ARM.exidx*)
                0x0000000008005f58                __exidx_end = .
                0x0000000008005f58                . = ALIGN (0x4)

.preinit_array  0x0000000008005f58        0x0
                0x0000000008005f58                . = ALIGN (0x4)
                0x0000000008005f58                PROVIDE (__preinit_array_start = .)
 *(.preinit_array*)
                0x0000000008005f58                PROVIDE (__preinit_array_end = .)
                0x0000000008005f58                . = ALIGN (0x4)

.init_array     0x0000000008005f58        0x4
                0x0000000008005f58                . = ALIGN (0x4)
                0x0000000008005f58                PROVIDE (__init_array_start = .)
 *(SORT_BY_NAME(.init_array.*))
 *(.init_array*)
 .init_array    0x0000000008005f58        0x4 c:/program_fast/st/stm32cubeide_1.10.1/stm32cubeide/plugins/com.st.stm32cube.ide.mcu.externaltools.gnu-tools-for-stm32.10.3-2021.10.win32_1.0.200.202301161003/tools/bin/../lib/gcc/arm-none-eabi/10.3.1/thumb/v7-m/nofp/crtbegin.o
                0x0000000008005f5c                PROVIDE (__init_array_end = .)
                0x0000000008005f5c                . = ALIGN (0x4)

.fini_array     0x0000000008005f5c        0x4
                0x0000000008005f5c                . = ALIGN (0x4)
                [!provide]                        PROVIDE (__fini_array_start = .)
 *(SORT_BY_NAME(.fini_array.*))
 *(.fini_array*)
 .fini_array    0x0000000008005f5c        0x4 c:/program_fast/st/stm32cubeide_1.10.1/stm32cubeide/plugins/com.st.stm32cube.ide.mcu.externaltools.gnu-tools-for-stm32.10.3-2021.10.win32_1.0.200.202301161003/tools/bin/../lib/gcc/arm-none-eabi/10.3.1/thumb/v7-m/nofp/crtbegin.o
                [!provide]                        PROVIDE (__fini_array_end = .)
                0x0000000008005f60                . = ALIGN (0x4)
                0x0000000008005f60                _sidata = LOADADDR (.data)

.data           0x0000000020000000        0xc load address 0x0000000008005f60
                0x0000000020000000                . = ALIGN (0x4)
                0x0000000020000000                _sdata = .
 *(.data)
 *(.data*)
 .data.SystemCoreClock
                0x0000000020000000        0x4 ./Core/Src/system_stm32f1xx.o
                0x0000000020000000                SystemCoreClock
 .data.uwTickPrio
                0x0000000020000004        0x4 ./Drivers/STM32F1xx_HAL_Driver/Src/stm32f1xx_hal.o
                0x0000000020000004                uwTickPrio
 .data.uwTickFreq
                0x0000000020000008        0x1 ./Drivers/STM32F1xx_HAL_Driver/Src/stm32f1xx_hal.o
                0x0000000020000008                uwTickFreq
 *(.RamFunc)
 *(.RamFunc*)
                0x000000002000000c                . = ALIGN (0x4)
 *fill*         0x0000000020000009        0x3 
                0x000000002000000c                _edata = .

.igot.plt       0x000000002000000c        0x0 load address 0x0000000008005f6c
 .igot.plt      0x000000002000000c        0x0 c:/program_fast/st/stm32cubeide_1.10.1/stm32cubeide/plugins/com.st.stm32cube.ide.mcu.externaltools.gnu-tools-for-stm32.10.3-2021.10.win32_1.0.200.202301161003/tools/bin/../lib/gcc/arm-none-eabi/10.3.1/thumb/v7-m/nofp/crtbegin.o
                0x000000002000000c                . = ALIGN (0x4)

.bss            0x000000002000000c      0x1f4 load address 0x0000000008005f6c
                0x000000002000000c                _sbss = .
                0x000000002000000c                __bss_start__ = _sbss
 *(.bss)
 .bss           0x000000002000000c       0x1c c:/program_fast/st/stm32cubeide_1.10.1/stm32cubeide/plugins/com.st.stm32cube.ide.mcu.externaltools.gnu-tools-for-stm32.10.3-2021.10.win32_1.0.200.202301161003/tools/bin/../lib/gcc/arm-none-eabi/10.3.1/thumb/v7-m/nofp/crtbegin.o
 *(.bss*)
 .bss.hadc1     0x0000000020000028       0x30 ./Core/Src/adc.o
                0x0000000020000028                hadc1
 .bss.hdma_adc1
                0x0000000020000058       0x44 ./Core/Src/adc.o
                0x0000000020000058                hdma_adc1
 .bss.hi2c1     0x000000002000009c       0x54 ./Core/Src/i2c.o
                0x000000002000009c                hi2c1
 .bss.ADC       0x00000000200000f0        0x6 ./Core/Src/main.o
                0x00000000200000f0                ADC
 *fill*         0x00000000200000f6        0x2 
 .bss.ADCData   0x00000000200000f8        0x6 ./Core/Src/main.o
                0x00000000200000f8                ADCData
 *fill*         0x00000000200000fe        0x2 
 .bss.ADCRelay  0x0000000020000100        0x6 ./Core/Src/main.o
                0x0000000020000100                ADCRelay
 *fill*         0x0000000020000106        0x2 
 .bss.KalRT     0x0000000020000108       0x18 ./Core/Src/main.o
                0x0000000020000108                KalRT
 .bss.KalRR     0x0000000020000120       0x18 ./Core/Src/main.o
                0x0000000020000120                KalRR
 .bss.KalMM     0x0000000020000138       0x18 ./Core/Src/main.o
                0x0000000020000138                KalMM
 .bss.KalLL     0x0000000020000150       0x18 ./Core/Src/main.o
                0x0000000020000150                KalLL
 .bss.L2R_Difference
                0x0000000020000168        0x4 ./Core/Src/main.o
                0x0000000020000168                L2R_Difference
 .bss.Mode_mark
                0x000000002000016c        0x1 ./Core/Src/main.o
                0x000000002000016c                Mode_mark
 *fill*         0x000000002000016d        0x3 
 .bss.htim2     0x0000000020000170       0x48 ./Core/Src/tim.o
                0x0000000020000170                htim2
 .bss.huart1    0x00000000200001b8       0x44 ./Core/Src/usart.o
                0x00000000200001b8                huart1
 .bss.uwTick    0x00000000200001fc        0x4 ./Drivers/STM32F1xx_HAL_Driver/Src/stm32f1xx_hal.o
                0x00000000200001fc                uwTick
 *(COMMON)
                0x0000000020000200                . = ALIGN (0x4)
                0x0000000020000200                _ebss = .
                0x0000000020000200                __bss_end__ = _ebss

._user_heap_stack
                0x0000000020000200      0x600 load address 0x0000000008005f6c
                0x0000000020000200                . = ALIGN (0x8)
                [!provide]                        PROVIDE (end = .)
                0x0000000020000200                PROVIDE (_end = .)
                0x0000000020000400                . = (. + _Min_Heap_Size)
 *fill*         0x0000000020000200      0x200 
                0x0000000020000800                . = (. + _Min_Stack_Size)
 *fill*         0x0000000020000400      0x400 
                0x0000000020000800                . = ALIGN (0x8)

/DISCARD/
 libc.a(*)
 libm.a(*)
 libgcc.a(*)

.ARM.attributes
                0x0000000000000000       0x29
 *(.ARM.attributes)
 .ARM.attributes
                0x0000000000000000       0x1d c:/program_fast/st/stm32cubeide_1.10.1/stm32cubeide/plugins/com.st.stm32cube.ide.mcu.externaltools.gnu-tools-for-stm32.10.3-2021.10.win32_1.0.200.202301161003/tools/bin/../lib/gcc/arm-none-eabi/10.3.1/thumb/v7-m/nofp/crti.o
 .ARM.attributes
                0x000000000000001d       0x2d c:/program_fast/st/stm32cubeide_1.10.1/stm32cubeide/plugins/com.st.stm32cube.ide.mcu.externaltools.gnu-tools-for-stm32.10.3-2021.10.win32_1.0.200.202301161003/tools/bin/../lib/gcc/arm-none-eabi/10.3.1/thumb/v7-m/nofp/crtbegin.o
 .ARM.attributes
                0x000000000000004a       0x2d ./Core/Src/Moto.o
 .ARM.attributes
                0x0000000000000077       0x2d ./Core/Src/adc.o
 .ARM.attributes
                0x00000000000000a4       0x2d ./Core/Src/dma.o
 .ARM.attributes
                0x00000000000000d1       0x2d ./Core/Src/gpio.o
 .ARM.attributes
                0x00000000000000fe       0x2d ./Core/Src/i2c.o
 .ARM.attributes
                0x000000000000012b       0x2d ./Core/Src/kalman.o
 .ARM.attributes
                0x0000000000000158       0x2d ./Core/Src/main.o
 .ARM.attributes
                0x0000000000000185       0x2d ./Core/Src/oled.o
 .ARM.attributes
                0x00000000000001b2       0x2d ./Core/Src/scan_red.o
 .ARM.attributes
                0x00000000000001df       0x2d ./Core/Src/stm32f1xx_hal_msp.o
 .ARM.attributes
                0x000000000000020c       0x2d ./Core/Src/stm32f1xx_it.o
 .ARM.attributes
                0x0000000000000239       0x2d ./Core/Src/system_stm32f1xx.o
 .ARM.attributes
                0x0000000000000266       0x2d ./Core/Src/tim.o
 .ARM.attributes
                0x0000000000000293       0x2d ./Core/Src/usart.o
 .ARM.attributes
                0x00000000000002c0       0x21 ./Core/Startup/startup_stm32f103c8tx.o
 .ARM.attributes
                0x00000000000002e1       0x2d ./Drivers/STM32F1xx_HAL_Driver/Src/stm32f1xx_hal.o
 .ARM.attributes
                0x000000000000030e       0x2d ./Drivers/STM32F1xx_HAL_Driver/Src/stm32f1xx_hal_adc.o
 .ARM.attributes
                0x000000000000033b       0x2d ./Drivers/STM32F1xx_HAL_Driver/Src/stm32f1xx_hal_cortex.o
 .ARM.attributes
                0x0000000000000368       0x2d ./Drivers/STM32F1xx_HAL_Driver/Src/stm32f1xx_hal_dma.o
 .ARM.attributes
                0x0000000000000395       0x2d ./Drivers/STM32F1xx_HAL_Driver/Src/stm32f1xx_hal_gpio.o
 .ARM.attributes
                0x00000000000003c2       0x2d ./Drivers/STM32F1xx_HAL_Driver/Src/stm32f1xx_hal_i2c.o
 .ARM.attributes
                0x00000000000003ef       0x2d ./Drivers/STM32F1xx_HAL_Driver/Src/stm32f1xx_hal_rcc.o
 .ARM.attributes
                0x000000000000041c       0x2d ./Drivers/STM32F1xx_HAL_Driver/Src/stm32f1xx_hal_rcc_ex.o
 .ARM.attributes
                0x0000000000000449       0x2d ./Drivers/STM32F1xx_HAL_Driver/Src/stm32f1xx_hal_tim.o
 .ARM.attributes
                0x0000000000000476       0x2d ./Drivers/STM32F1xx_HAL_Driver/Src/stm32f1xx_hal_tim_ex.o
 .ARM.attributes
                0x00000000000004a3       0x2d ./Drivers/STM32F1xx_HAL_Driver/Src/stm32f1xx_hal_uart.o
 .ARM.attributes
                0x00000000000004d0       0x2d c:/program_fast/st/stm32cubeide_1.10.1/stm32cubeide/plugins/com.st.stm32cube.ide.mcu.externaltools.gnu-tools-for-stm32.10.3-2021.10.win32_1.0.200.202301161003/tools/bin/../lib/gcc/arm-none-eabi/10.3.1/../../../../arm-none-eabi/lib/thumb/v7-m/nofp\libm.a(lib_a-s_atan.o)
 .ARM.attributes
                0x00000000000004fd       0x2d c:/program_fast/st/stm32cubeide_1.10.1/stm32cubeide/plugins/com.st.stm32cube.ide.mcu.externaltools.gnu-tools-for-stm32.10.3-2021.10.win32_1.0.200.202301161003/tools/bin/../lib/gcc/arm-none-eabi/10.3.1/../../../../arm-none-eabi/lib/thumb/v7-m/nofp\libm.a(lib_a-s_fabs.o)
 .ARM.attributes
                0x000000000000052a       0x2d c:/program_fast/st/stm32cubeide_1.10.1/stm32cubeide/plugins/com.st.stm32cube.ide.mcu.externaltools.gnu-tools-for-stm32.10.3-2021.10.win32_1.0.200.202301161003/tools/bin/../lib/gcc/arm-none-eabi/10.3.1/../../../../arm-none-eabi/lib/thumb/v7-m/nofp\libc_nano.a(lib_a-init.o)
 .ARM.attributes
                0x0000000000000557       0x2d c:/program_fast/st/stm32cubeide_1.10.1/stm32cubeide/plugins/com.st.stm32cube.ide.mcu.externaltools.gnu-tools-for-stm32.10.3-2021.10.win32_1.0.200.202301161003/tools/bin/../lib/gcc/arm-none-eabi/10.3.1/../../../../arm-none-eabi/lib/thumb/v7-m/nofp\libc_nano.a(lib_a-memset.o)
 .ARM.attributes
                0x0000000000000584       0x1d c:/program_fast/st/stm32cubeide_1.10.1/stm32cubeide/plugins/com.st.stm32cube.ide.mcu.externaltools.gnu-tools-for-stm32.10.3-2021.10.win32_1.0.200.202301161003/tools/bin/../lib/gcc/arm-none-eabi/10.3.1/thumb/v7-m/nofp\libgcc.a(_arm_addsubdf3.o)
 .ARM.attributes
                0x00000000000005a1       0x1d c:/program_fast/st/stm32cubeide_1.10.1/stm32cubeide/plugins/com.st.stm32cube.ide.mcu.externaltools.gnu-tools-for-stm32.10.3-2021.10.win32_1.0.200.202301161003/tools/bin/../lib/gcc/arm-none-eabi/10.3.1/thumb/v7-m/nofp\libgcc.a(_arm_muldivdf3.o)
 .ARM.attributes
                0x00000000000005be       0x1d c:/program_fast/st/stm32cubeide_1.10.1/stm32cubeide/plugins/com.st.stm32cube.ide.mcu.externaltools.gnu-tools-for-stm32.10.3-2021.10.win32_1.0.200.202301161003/tools/bin/../lib/gcc/arm-none-eabi/10.3.1/thumb/v7-m/nofp\libgcc.a(_arm_cmpdf2.o)
 .ARM.attributes
                0x00000000000005db       0x1d c:/program_fast/st/stm32cubeide_1.10.1/stm32cubeide/plugins/com.st.stm32cube.ide.mcu.externaltools.gnu-tools-for-stm32.10.3-2021.10.win32_1.0.200.202301161003/tools/bin/../lib/gcc/arm-none-eabi/10.3.1/thumb/v7-m/nofp\libgcc.a(_arm_truncdfsf2.o)
 .ARM.attributes
                0x00000000000005f8       0x1d c:/program_fast/st/stm32cubeide_1.10.1/stm32cubeide/plugins/com.st.stm32cube.ide.mcu.externaltools.gnu-tools-for-stm32.10.3-2021.10.win32_1.0.200.202301161003/tools/bin/../lib/gcc/arm-none-eabi/10.3.1/thumb/v7-m/nofp\libgcc.a(_arm_addsubsf3.o)
 .ARM.attributes
                0x0000000000000615       0x1d c:/program_fast/st/stm32cubeide_1.10.1/stm32cubeide/plugins/com.st.stm32cube.ide.mcu.externaltools.gnu-tools-for-stm32.10.3-2021.10.win32_1.0.200.202301161003/tools/bin/../lib/gcc/arm-none-eabi/10.3.1/thumb/v7-m/nofp\libgcc.a(_arm_muldivsf3.o)
 .ARM.attributes
                0x0000000000000632       0x1d c:/program_fast/st/stm32cubeide_1.10.1/stm32cubeide/plugins/com.st.stm32cube.ide.mcu.externaltools.gnu-tools-for-stm32.10.3-2021.10.win32_1.0.200.202301161003/tools/bin/../lib/gcc/arm-none-eabi/10.3.1/thumb/v7-m/nofp\libgcc.a(_arm_cmpsf2.o)
 .ARM.attributes
                0x000000000000064f       0x1d c:/program_fast/st/stm32cubeide_1.10.1/stm32cubeide/plugins/com.st.stm32cube.ide.mcu.externaltools.gnu-tools-for-stm32.10.3-2021.10.win32_1.0.200.202301161003/tools/bin/../lib/gcc/arm-none-eabi/10.3.1/thumb/v7-m/nofp\libgcc.a(_arm_fixsfsi.o)
 .ARM.attributes
                0x000000000000066c       0x1d c:/program_fast/st/stm32cubeide_1.10.1/stm32cubeide/plugins/com.st.stm32cube.ide.mcu.externaltools.gnu-tools-for-stm32.10.3-2021.10.win32_1.0.200.202301161003/tools/bin/../lib/gcc/arm-none-eabi/10.3.1/thumb/v7-m/nofp\libgcc.a(_arm_fixunssfsi.o)
 .ARM.attributes
                0x0000000000000689       0x1d c:/program_fast/st/stm32cubeide_1.10.1/stm32cubeide/plugins/com.st.stm32cube.ide.mcu.externaltools.gnu-tools-for-stm32.10.3-2021.10.win32_1.0.200.202301161003/tools/bin/../lib/gcc/arm-none-eabi/10.3.1/thumb/v7-m/nofp/crtn.o
OUTPUT(car_kexie_C8T6.elf elf32-littlearm)
LOAD linker stubs
LOAD c:/program_fast/st/stm32cubeide_1.10.1/stm32cubeide/plugins/com.st.stm32cube.ide.mcu.externaltools.gnu-tools-for-stm32.10.3-2021.10.win32_1.0.200.202301161003/tools/bin/../lib/gcc/arm-none-eabi/10.3.1/../../../../arm-none-eabi/lib/thumb/v7-m/nofp\libc.a
LOAD c:/program_fast/st/stm32cubeide_1.10.1/stm32cubeide/plugins/com.st.stm32cube.ide.mcu.externaltools.gnu-tools-for-stm32.10.3-2021.10.win32_1.0.200.202301161003/tools/bin/../lib/gcc/arm-none-eabi/10.3.1/../../../../arm-none-eabi/lib/thumb/v7-m/nofp\libm.a
LOAD c:/program_fast/st/stm32cubeide_1.10.1/stm32cubeide/plugins/com.st.stm32cube.ide.mcu.externaltools.gnu-tools-for-stm32.10.3-2021.10.win32_1.0.200.202301161003/tools/bin/../lib/gcc/arm-none-eabi/10.3.1/thumb/v7-m/nofp\libgcc.a

.debug_info     0x0000000000000000    0x10b39
 .debug_info    0x0000000000000000      0x77c ./Core/Src/Moto.o
 .debug_info    0x000000000000077c      0x87c ./Core/Src/adc.o
 .debug_info    0x0000000000000ff8      0x2e6 ./Core/Src/dma.o
 .debug_info    0x00000000000012de      0x42e ./Core/Src/gpio.o
 .debug_info    0x000000000000170c      0x85b ./Core/Src/i2c.o
 .debug_info    0x0000000000001f67      0x1aa ./Core/Src/kalman.o
 .debug_info    0x0000000000002111      0xdca ./Core/Src/main.o
 .debug_info    0x0000000000002edb      0xad2 ./Core/Src/oled.o
 .debug_info    0x00000000000039ad      0x1ab ./Core/Src/scan_red.o
 .debug_info    0x0000000000003b58      0x210 ./Core/Src/stm32f1xx_hal_msp.o
 .debug_info    0x0000000000003d68      0x457 ./Core/Src/stm32f1xx_it.o
 .debug_info    0x00000000000041bf      0x23d ./Core/Src/system_stm32f1xx.o
 .debug_info    0x00000000000043fc      0xa7b ./Core/Src/tim.o
 .debug_info    0x0000000000004e77      0x7e2 ./Core/Src/usart.o
 .debug_info    0x0000000000005659       0x22 ./Core/Startup/startup_stm32f103c8tx.o
 .debug_info    0x000000000000567b      0x734 ./Drivers/STM32F1xx_HAL_Driver/Src/stm32f1xx_hal.o
 .debug_info    0x0000000000005daf      0xcd9 ./Drivers/STM32F1xx_HAL_Driver/Src/stm32f1xx_hal_adc.o
 .debug_info    0x0000000000006a88      0xb20 ./Drivers/STM32F1xx_HAL_Driver/Src/stm32f1xx_hal_cortex.o
 .debug_info    0x00000000000075a8      0x73f ./Drivers/STM32F1xx_HAL_Driver/Src/stm32f1xx_hal_dma.o
 .debug_info    0x0000000000007ce7      0x615 ./Drivers/STM32F1xx_HAL_Driver/Src/stm32f1xx_hal_gpio.o
 .debug_info    0x00000000000082fc     0x2734 ./Drivers/STM32F1xx_HAL_Driver/Src/stm32f1xx_hal_i2c.o
 .debug_info    0x000000000000aa30      0x860 ./Drivers/STM32F1xx_HAL_Driver/Src/stm32f1xx_hal_rcc.o
 .debug_info    0x000000000000b290      0x3e0 ./Drivers/STM32F1xx_HAL_Driver/Src/stm32f1xx_hal_rcc_ex.o
 .debug_info    0x000000000000b670     0x29de ./Drivers/STM32F1xx_HAL_Driver/Src/stm32f1xx_hal_tim.o
 .debug_info    0x000000000000e04e     0x1513 ./Drivers/STM32F1xx_HAL_Driver/Src/stm32f1xx_hal_tim_ex.o
 .debug_info    0x000000000000f561     0x15d8 ./Drivers/STM32F1xx_HAL_Driver/Src/stm32f1xx_hal_uart.o

.debug_abbrev   0x0000000000000000     0x2e5d
 .debug_abbrev  0x0000000000000000      0x1a8 ./Core/Src/Moto.o
 .debug_abbrev  0x00000000000001a8      0x1e1 ./Core/Src/adc.o
 .debug_abbrev  0x0000000000000389       0xf8 ./Core/Src/dma.o
 .debug_abbrev  0x0000000000000481      0x152 ./Core/Src/gpio.o
 .debug_abbrev  0x00000000000005d3      0x1ce ./Core/Src/i2c.o
 .debug_abbrev  0x00000000000007a1       0xd2 ./Core/Src/kalman.o
 .debug_abbrev  0x0000000000000873      0x28f ./Core/Src/main.o
 .debug_abbrev  0x0000000000000b02      0x220 ./Core/Src/oled.o
 .debug_abbrev  0x0000000000000d22       0xe0 ./Core/Src/scan_red.o
 .debug_abbrev  0x0000000000000e02       0xd4 ./Core/Src/stm32f1xx_hal_msp.o
 .debug_abbrev  0x0000000000000ed6      0x1b4 ./Core/Src/stm32f1xx_it.o
 .debug_abbrev  0x000000000000108a      0x13b ./Core/Src/system_stm32f1xx.o
 .debug_abbrev  0x00000000000011c5      0x21b ./Core/Src/tim.o
 .debug_abbrev  0x00000000000013e0      0x1ce ./Core/Src/usart.o
 .debug_abbrev  0x00000000000015ae       0x12 ./Core/Startup/startup_stm32f103c8tx.o
 .debug_abbrev  0x00000000000015c0      0x1fb ./Drivers/STM32F1xx_HAL_Driver/Src/stm32f1xx_hal.o
 .debug_abbrev  0x00000000000017bb      0x210 ./Drivers/STM32F1xx_HAL_Driver/Src/stm32f1xx_hal_adc.o
 .debug_abbrev  0x00000000000019cb      0x2ed ./Drivers/STM32F1xx_HAL_Driver/Src/stm32f1xx_hal_cortex.o
 .debug_abbrev  0x0000000000001cb8      0x1fe ./Drivers/STM32F1xx_HAL_Driver/Src/stm32f1xx_hal_dma.o
 .debug_abbrev  0x0000000000001eb6      0x1bb ./Drivers/STM32F1xx_HAL_Driver/Src/stm32f1xx_hal_gpio.o
 .debug_abbrev  0x0000000000002071      0x288 ./Drivers/STM32F1xx_HAL_Driver/Src/stm32f1xx_hal_i2c.o
 .debug_abbrev  0x00000000000022f9      0x2a8 ./Drivers/STM32F1xx_HAL_Driver/Src/stm32f1xx_hal_rcc.o
 .debug_abbrev  0x00000000000025a1      0x182 ./Drivers/STM32F1xx_HAL_Driver/Src/stm32f1xx_hal_rcc_ex.o
 .debug_abbrev  0x0000000000002723      0x25d ./Drivers/STM32F1xx_HAL_Driver/Src/stm32f1xx_hal_tim.o
 .debug_abbrev  0x0000000000002980      0x265 ./Drivers/STM32F1xx_HAL_Driver/Src/stm32f1xx_hal_tim_ex.o
 .debug_abbrev  0x0000000000002be5      0x278 ./Drivers/STM32F1xx_HAL_Driver/Src/stm32f1xx_hal_uart.o

.debug_aranges  0x0000000000000000     0x1180
 .debug_aranges
                0x0000000000000000       0x38 ./Core/Src/Moto.o
 .debug_aranges
                0x0000000000000038       0x30 ./Core/Src/adc.o
 .debug_aranges
                0x0000000000000068       0x20 ./Core/Src/dma.o
 .debug_aranges
                0x0000000000000088       0x20 ./Core/Src/gpio.o
 .debug_aranges
                0x00000000000000a8       0x30 ./Core/Src/i2c.o
 .debug_aranges
                0x00000000000000d8       0x30 ./Core/Src/kalman.o
 .debug_aranges
                0x0000000000000108       0x38 ./Core/Src/main.o
 .debug_aranges
                0x0000000000000140       0x88 ./Core/Src/oled.o
 .debug_aranges
                0x00000000000001c8       0x28 ./Core/Src/scan_red.o
 .debug_aranges
                0x00000000000001f0       0x20 ./Core/Src/stm32f1xx_hal_msp.o
 .debug_aranges
                0x0000000000000210       0x78 ./Core/Src/stm32f1xx_it.o
 .debug_aranges
                0x0000000000000288       0x28 ./Core/Src/system_stm32f1xx.o
 .debug_aranges
                0x00000000000002b0       0x38 ./Core/Src/tim.o
 .debug_aranges
                0x00000000000002e8       0x30 ./Core/Src/usart.o
 .debug_aranges
                0x0000000000000318       0x28 ./Core/Startup/startup_stm32f103c8tx.o
 .debug_aranges
                0x0000000000000340       0xe0 ./Drivers/STM32F1xx_HAL_Driver/Src/stm32f1xx_hal.o
 .debug_aranges
                0x0000000000000420       0xf0 ./Drivers/STM32F1xx_HAL_Driver/Src/stm32f1xx_hal_adc.o
 .debug_aranges
                0x0000000000000510      0x100 ./Drivers/STM32F1xx_HAL_Driver/Src/stm32f1xx_hal_cortex.o
 .debug_aranges
                0x0000000000000610       0x80 ./Drivers/STM32F1xx_HAL_Driver/Src/stm32f1xx_hal_dma.o
 .debug_aranges
                0x0000000000000690       0x58 ./Drivers/STM32F1xx_HAL_Driver/Src/stm32f1xx_hal_gpio.o
 .debug_aranges
                0x00000000000006e8      0x2a0 ./Drivers/STM32F1xx_HAL_Driver/Src/stm32f1xx_hal_i2c.o
 .debug_aranges
                0x0000000000000988       0x90 ./Drivers/STM32F1xx_HAL_Driver/Src/stm32f1xx_hal_rcc.o
 .debug_aranges
                0x0000000000000a18       0x30 ./Drivers/STM32F1xx_HAL_Driver/Src/stm32f1xx_hal_rcc_ex.o
 .debug_aranges
                0x0000000000000a48      0x3d0 ./Drivers/STM32F1xx_HAL_Driver/Src/stm32f1xx_hal_tim.o
 .debug_aranges
                0x0000000000000e18      0x168 ./Drivers/STM32F1xx_HAL_Driver/Src/stm32f1xx_hal_tim_ex.o
 .debug_aranges
                0x0000000000000f80      0x200 ./Drivers/STM32F1xx_HAL_Driver/Src/stm32f1xx_hal_uart.o

.debug_ranges   0x0000000000000000     0x1040
 .debug_ranges  0x0000000000000000       0x28 ./Core/Src/Moto.o
 .debug_ranges  0x0000000000000028       0x20 ./Core/Src/adc.o
 .debug_ranges  0x0000000000000048       0x10 ./Core/Src/dma.o
 .debug_ranges  0x0000000000000058       0x10 ./Core/Src/gpio.o
 .debug_ranges  0x0000000000000068       0x20 ./Core/Src/i2c.o
 .debug_ranges  0x0000000000000088       0x20 ./Core/Src/kalman.o
 .debug_ranges  0x00000000000000a8       0x28 ./Core/Src/main.o
 .debug_ranges  0x00000000000000d0       0x78 ./Core/Src/oled.o
 .debug_ranges  0x0000000000000148       0x18 ./Core/Src/scan_red.o
 .debug_ranges  0x0000000000000160       0x10 ./Core/Src/stm32f1xx_hal_msp.o
 .debug_ranges  0x0000000000000170       0x68 ./Core/Src/stm32f1xx_it.o
 .debug_ranges  0x00000000000001d8       0x18 ./Core/Src/system_stm32f1xx.o
 .debug_ranges  0x00000000000001f0       0x28 ./Core/Src/tim.o
 .debug_ranges  0x0000000000000218       0x20 ./Core/Src/usart.o
 .debug_ranges  0x0000000000000238       0x20 ./Core/Startup/startup_stm32f103c8tx.o
 .debug_ranges  0x0000000000000258       0xd0 ./Drivers/STM32F1xx_HAL_Driver/Src/stm32f1xx_hal.o
 .debug_ranges  0x0000000000000328       0xe0 ./Drivers/STM32F1xx_HAL_Driver/Src/stm32f1xx_hal_adc.o
 .debug_ranges  0x0000000000000408       0xf0 ./Drivers/STM32F1xx_HAL_Driver/Src/stm32f1xx_hal_cortex.o
 .debug_ranges  0x00000000000004f8       0x70 ./Drivers/STM32F1xx_HAL_Driver/Src/stm32f1xx_hal_dma.o
 .debug_ranges  0x0000000000000568       0x48 ./Drivers/STM32F1xx_HAL_Driver/Src/stm32f1xx_hal_gpio.o
 .debug_ranges  0x00000000000005b0      0x2b8 ./Drivers/STM32F1xx_HAL_Driver/Src/stm32f1xx_hal_i2c.o
 .debug_ranges  0x0000000000000868       0x80 ./Drivers/STM32F1xx_HAL_Driver/Src/stm32f1xx_hal_rcc.o
 .debug_ranges  0x00000000000008e8       0x20 ./Drivers/STM32F1xx_HAL_Driver/Src/stm32f1xx_hal_rcc_ex.o
 .debug_ranges  0x0000000000000908      0x3c0 ./Drivers/STM32F1xx_HAL_Driver/Src/stm32f1xx_hal_tim.o
 .debug_ranges  0x0000000000000cc8      0x158 ./Drivers/STM32F1xx_HAL_Driver/Src/stm32f1xx_hal_tim_ex.o
 .debug_ranges  0x0000000000000e20      0x220 ./Drivers/STM32F1xx_HAL_Driver/Src/stm32f1xx_hal_uart.o

.debug_macro    0x0000000000000000    0x1a109
 .debug_macro   0x0000000000000000      0x1e8 ./Core/Src/Moto.o
 .debug_macro   0x00000000000001e8      0xa6c ./Core/Src/Moto.o
 .debug_macro   0x0000000000000c54      0x22d ./Core/Src/Moto.o
 .debug_macro   0x0000000000000e81       0x2e ./Core/Src/Moto.o
 .debug_macro   0x0000000000000eaf       0x22 ./Core/Src/Moto.o
 .debug_macro   0x0000000000000ed1       0x22 ./Core/Src/Moto.o
 .debug_macro   0x0000000000000ef3       0x8e ./Core/Src/Moto.o
 .debug_macro   0x0000000000000f81       0x51 ./Core/Src/Moto.o
 .debug_macro   0x0000000000000fd2      0x103 ./Core/Src/Moto.o
 .debug_macro   0x00000000000010d5       0x6a ./Core/Src/Moto.o
 .debug_macro   0x000000000000113f      0x1df ./Core/Src/Moto.o
 .debug_macro   0x000000000000131e       0x1c ./Core/Src/Moto.o
 .debug_macro   0x000000000000133a       0x22 ./Core/Src/Moto.o
 .debug_macro   0x000000000000135c       0xbd ./Core/Src/Moto.o
 .debug_macro   0x0000000000001419      0xd23 ./Core/Src/Moto.o
 .debug_macro   0x000000000000213c     0xe09e ./Core/Src/Moto.o
 .debug_macro   0x00000000000101da       0x6d ./Core/Src/Moto.o
 .debug_macro   0x0000000000010247     0x3468 ./Core/Src/Moto.o
 .debug_macro   0x00000000000136af      0x174 ./Core/Src/Moto.o
 .debug_macro   0x0000000000013823       0x5c ./Core/Src/Moto.o
 .debug_macro   0x000000000001387f      0x5be ./Core/Src/Moto.o
 .debug_macro   0x0000000000013e3d      0x289 ./Core/Src/Moto.o
 .debug_macro   0x00000000000140c6      0x1cb ./Core/Src/Moto.o
 .debug_macro   0x0000000000014291      0x114 ./Core/Src/Moto.o
 .debug_macro   0x00000000000143a5      0x1b2 ./Core/Src/Moto.o
 .debug_macro   0x0000000000014557       0x27 ./Core/Src/Moto.o
 .debug_macro   0x000000000001457e      0x136 ./Core/Src/Moto.o
 .debug_macro   0x00000000000146b4      0x1bc ./Core/Src/Moto.o
 .debug_macro   0x0000000000014870       0x34 ./Core/Src/Moto.o
 .debug_macro   0x00000000000148a4       0x3c ./Core/Src/Moto.o
 .debug_macro   0x00000000000148e0       0x57 ./Core/Src/Moto.o
 .debug_macro   0x0000000000014937      0x46a ./Core/Src/Moto.o
 .debug_macro   0x0000000000014da1      0x1b5 ./Core/Src/Moto.o
 .debug_macro   0x0000000000014f56       0x88 ./Core/Src/Moto.o
 .debug_macro   0x0000000000014fde      0x241 ./Core/Src/Moto.o
 .debug_macro   0x000000000001521f      0x287 ./Core/Src/Moto.o
 .debug_macro   0x00000000000154a6      0x141 ./Core/Src/Moto.o
 .debug_macro   0x00000000000155e7      0x8d1 ./Core/Src/Moto.o
 .debug_macro   0x0000000000015eb8      0x279 ./Core/Src/Moto.o
 .debug_macro   0x0000000000016131       0x83 ./Core/Src/Moto.o
 .debug_macro   0x00000000000161b4       0x58 ./Core/Src/Moto.o
 .debug_macro   0x000000000001620c      0x1da ./Core/Src/adc.o
 .debug_macro   0x00000000000163e6      0x1da ./Core/Src/dma.o
 .debug_macro   0x00000000000165c0      0x1da ./Core/Src/gpio.o
 .debug_macro   0x000000000001679a      0x1da ./Core/Src/i2c.o
 .debug_macro   0x0000000000016974      0x1da ./Core/Src/kalman.o
 .debug_macro   0x0000000000016b4e      0x411 ./Core/Src/main.o
 .debug_macro   0x0000000000016f5f       0x52 ./Core/Src/main.o
 .debug_macro   0x0000000000016fb1       0x18 ./Core/Src/main.o
 .debug_macro   0x0000000000016fc9       0x3c ./Core/Src/main.o
 .debug_macro   0x0000000000017005       0x34 ./Core/Src/main.o
 .debug_macro   0x0000000000017039       0x16 ./Core/Src/main.o
 .debug_macro   0x000000000001704f       0x35 ./Core/Src/main.o
 .debug_macro   0x0000000000017084      0x341 ./Core/Src/main.o
 .debug_macro   0x00000000000173c5       0x10 ./Core/Src/main.o
 .debug_macro   0x00000000000173d5       0x16 ./Core/Src/main.o
 .debug_macro   0x00000000000173eb       0x43 ./Core/Src/main.o
 .debug_macro   0x000000000001742e       0x34 ./Core/Src/main.o
 .debug_macro   0x0000000000017462       0x10 ./Core/Src/main.o
 .debug_macro   0x0000000000017472       0x58 ./Core/Src/main.o
 .debug_macro   0x00000000000174ca       0x71 ./Core/Src/main.o
 .debug_macro   0x000000000001753b       0x1c ./Core/Src/main.o
 .debug_macro   0x0000000000017557      0x12a ./Core/Src/main.o
 .debug_macro   0x0000000000017681       0x10 ./Core/Src/main.o
 .debug_macro   0x0000000000017691       0x1c ./Core/Src/main.o
 .debug_macro   0x00000000000176ad       0x52 ./Core/Src/main.o
 .debug_macro   0x00000000000176ff       0x22 ./Core/Src/main.o
 .debug_macro   0x0000000000017721       0x10 ./Core/Src/main.o
 .debug_macro   0x0000000000017731       0x52 ./Core/Src/main.o
 .debug_macro   0x0000000000017783       0xd5 ./Core/Src/main.o
 .debug_macro   0x0000000000017858       0x1c ./Core/Src/main.o
 .debug_macro   0x0000000000017874       0x3d ./Core/Src/main.o
 .debug_macro   0x00000000000178b1       0x16 ./Core/Src/main.o
 .debug_macro   0x00000000000178c7      0x145 ./Core/Src/main.o
 .debug_macro   0x0000000000017a0c       0x46 ./Core/Src/main.o
 .debug_macro   0x0000000000017a52       0x10 ./Core/Src/main.o
 .debug_macro   0x0000000000017a62       0x16 ./Core/Src/main.o
 .debug_macro   0x0000000000017a78       0x16 ./Core/Src/main.o
 .debug_macro   0x0000000000017a8e       0x29 ./Core/Src/main.o
 .debug_macro   0x0000000000017ab7      0x350 ./Core/Src/oled.o
 .debug_macro   0x0000000000017e07      0x3e2 ./Core/Src/scan_red.o
 .debug_macro   0x00000000000181e9      0x19b ./Core/Src/scan_red.o
 .debug_macro   0x0000000000018384      0x1d0 ./Core/Src/stm32f1xx_hal_msp.o
 .debug_macro   0x0000000000018554      0x1ee ./Core/Src/stm32f1xx_it.o
 .debug_macro   0x0000000000018742      0x1c1 ./Core/Src/system_stm32f1xx.o
 .debug_macro   0x0000000000018903      0x1da ./Core/Src/tim.o
 .debug_macro   0x0000000000018add      0x1da ./Core/Src/usart.o
 .debug_macro   0x0000000000018cb7      0x1e5 ./Drivers/STM32F1xx_HAL_Driver/Src/stm32f1xx_hal.o
 .debug_macro   0x0000000000018e9c      0x1de ./Drivers/STM32F1xx_HAL_Driver/Src/stm32f1xx_hal_adc.o
 .debug_macro   0x000000000001907a      0x1c1 ./Drivers/STM32F1xx_HAL_Driver/Src/stm32f1xx_hal_cortex.o
 .debug_macro   0x000000000001923b      0x1c1 ./Drivers/STM32F1xx_HAL_Driver/Src/stm32f1xx_hal_dma.o
 .debug_macro   0x00000000000193fc      0x22c ./Drivers/STM32F1xx_HAL_Driver/Src/stm32f1xx_hal_gpio.o
 .debug_macro   0x0000000000019628      0x208 ./Drivers/STM32F1xx_HAL_Driver/Src/stm32f1xx_hal_i2c.o
 .debug_macro   0x0000000000019830      0x1d3 ./Drivers/STM32F1xx_HAL_Driver/Src/stm32f1xx_hal_rcc.o
 .debug_macro   0x0000000000019a03      0x1c1 ./Drivers/STM32F1xx_HAL_Driver/Src/stm32f1xx_hal_rcc_ex.o
 .debug_macro   0x0000000000019bc4      0x1c2 ./Drivers/STM32F1xx_HAL_Driver/Src/stm32f1xx_hal_tim.o
 .debug_macro   0x0000000000019d86      0x1c1 ./Drivers/STM32F1xx_HAL_Driver/Src/stm32f1xx_hal_tim_ex.o
 .debug_macro   0x0000000000019f47      0x1c2 ./Drivers/STM32F1xx_HAL_Driver/Src/stm32f1xx_hal_uart.o

.debug_line     0x0000000000000000    0x16934
 .debug_line    0x0000000000000000      0x7e3 ./Core/Src/Moto.o
 .debug_line    0x00000000000007e3      0x7b1 ./Core/Src/adc.o
 .debug_line    0x0000000000000f94      0x6f1 ./Core/Src/dma.o
 .debug_line    0x0000000000001685      0x70c ./Core/Src/gpio.o
 .debug_line    0x0000000000001d91      0x75b ./Core/Src/i2c.o
 .debug_line    0x00000000000024ec      0x772 ./Core/Src/kalman.o
 .debug_line    0x0000000000002c5e      0xb29 ./Core/Src/main.o
 .debug_line    0x0000000000003787      0xc9e ./Core/Src/oled.o
 .debug_line    0x0000000000004425      0x9a3 ./Core/Src/scan_red.o
 .debug_line    0x0000000000004dc8      0x6f6 ./Core/Src/stm32f1xx_hal_msp.o
 .debug_line    0x00000000000054be      0x818 ./Core/Src/stm32f1xx_it.o
 .debug_line    0x0000000000005cd6      0x774 ./Core/Src/system_stm32f1xx.o
 .debug_line    0x000000000000644a      0x7c8 ./Core/Src/tim.o
 .debug_line    0x0000000000006c12      0x765 ./Core/Src/usart.o
 .debug_line    0x0000000000007377       0x87 ./Core/Startup/startup_stm32f103c8tx.o
 .debug_line    0x00000000000073fe      0x9a1 ./Drivers/STM32F1xx_HAL_Driver/Src/stm32f1xx_hal.o
 .debug_line    0x0000000000007d9f     0x1018 ./Drivers/STM32F1xx_HAL_Driver/Src/stm32f1xx_hal_adc.o
 .debug_line    0x0000000000008db7      0xb89 ./Drivers/STM32F1xx_HAL_Driver/Src/stm32f1xx_hal_cortex.o
 .debug_line    0x0000000000009940      0xdf9 ./Drivers/STM32F1xx_HAL_Driver/Src/stm32f1xx_hal_dma.o
 .debug_line    0x000000000000a739      0xa38 ./Drivers/STM32F1xx_HAL_Driver/Src/stm32f1xx_hal_gpio.o
 .debug_line    0x000000000000b171     0x3a8b ./Drivers/STM32F1xx_HAL_Driver/Src/stm32f1xx_hal_i2c.o
 .debug_line    0x000000000000ebfc      0xdaf ./Drivers/STM32F1xx_HAL_Driver/Src/stm32f1xx_hal_rcc.o
 .debug_line    0x000000000000f9ab      0x8ed ./Drivers/STM32F1xx_HAL_Driver/Src/stm32f1xx_hal_rcc_ex.o
 .debug_line    0x0000000000010298     0x3357 ./Drivers/STM32F1xx_HAL_Driver/Src/stm32f1xx_hal_tim.o
 .debug_line    0x00000000000135ef     0x18c9 ./Drivers/STM32F1xx_HAL_Driver/Src/stm32f1xx_hal_tim_ex.o
 .debug_line    0x0000000000014eb8     0x1a7c ./Drivers/STM32F1xx_HAL_Driver/Src/stm32f1xx_hal_uart.o

.debug_str      0x0000000000000000    0x925f4
 .debug_str     0x0000000000000000    0x897b1 ./Core/Src/Moto.o
                                      0x89b8e (size before relaxing)
 .debug_str     0x00000000000897b1      0x286 ./Core/Src/adc.o
                                      0x89ad9 (size before relaxing)
 .debug_str     0x0000000000089a37      0x2bf ./Core/Src/dma.o
                                      0x8996c (size before relaxing)
 .debug_str     0x0000000000089cf6       0x2c ./Core/Src/gpio.o
                                      0x899d9 (size before relaxing)
 .debug_str     0x0000000000089d22      0x2a1 ./Core/Src/i2c.o
                                      0x89bc8 (size before relaxing)
 .debug_str     0x0000000000089fc3       0x62 ./Core/Src/kalman.o
                                      0x89651 (size before relaxing)
 .debug_str     0x000000000008a025     0x4412 ./Core/Src/main.o
                                      0x8de92 (size before relaxing)
 .debug_str     0x000000000008e437      0x10e ./Core/Src/oled.o
                                      0x8d9a6 (size before relaxing)
 .debug_str     0x000000000008e545      0x84e ./Core/Src/scan_red.o
                                      0x8ddb2 (size before relaxing)
 .debug_str     0x000000000008ed93       0x5a ./Core/Src/stm32f1xx_hal_msp.o
                                      0x89696 (size before relaxing)
 .debug_str     0x000000000008eded      0x143 ./Core/Src/stm32f1xx_it.o
                                      0x89985 (size before relaxing)
 .debug_str     0x000000000008ef30       0x7e ./Core/Src/system_stm32f1xx.o
                                      0x895b6 (size before relaxing)
 .debug_str     0x000000000008efae      0x1ea ./Core/Src/tim.o
                                      0x89daf (size before relaxing)
 .debug_str     0x000000000008f198       0x51 ./Core/Src/usart.o
                                      0x89b2e (size before relaxing)
 .debug_str     0x000000000008f1e9       0x36 ./Core/Startup/startup_stm32f103c8tx.o
                                         0x62 (size before relaxing)
 .debug_str     0x000000000008f21f      0x384 ./Drivers/STM32F1xx_HAL_Driver/Src/stm32f1xx_hal.o
                                      0x89ce9 (size before relaxing)
 .debug_str     0x000000000008f5a3      0x37e ./Drivers/STM32F1xx_HAL_Driver/Src/stm32f1xx_hal_adc.o
                                      0x89c93 (size before relaxing)
 .debug_str     0x000000000008f921      0x29e ./Drivers/STM32F1xx_HAL_Driver/Src/stm32f1xx_hal_cortex.o
                                      0x89c35 (size before relaxing)
 .debug_str     0x000000000008fbbf      0x1e2 ./Drivers/STM32F1xx_HAL_Driver/Src/stm32f1xx_hal_dma.o
                                      0x8995f (size before relaxing)
 .debug_str     0x000000000008fda1      0x2e4 ./Drivers/STM32F1xx_HAL_Driver/Src/stm32f1xx_hal_gpio.o
                                      0x8993c (size before relaxing)
 .debug_str     0x0000000000090085      0xb42 ./Drivers/STM32F1xx_HAL_Driver/Src/stm32f1xx_hal_i2c.o
                                      0x8a62a (size before relaxing)
 .debug_str     0x0000000000090bc7      0x209 ./Drivers/STM32F1xx_HAL_Driver/Src/stm32f1xx_hal_rcc.o
                                      0x899e5 (size before relaxing)
 .debug_str     0x0000000000090dd0       0x84 ./Drivers/STM32F1xx_HAL_Driver/Src/stm32f1xx_hal_rcc_ex.o
                                      0x89735 (size before relaxing)
 .debug_str     0x0000000000090e54      0xd49 ./Drivers/STM32F1xx_HAL_Driver/Src/stm32f1xx_hal_tim.o
                                      0x8a9d0 (size before relaxing)
 .debug_str     0x0000000000091b9d      0x493 ./Drivers/STM32F1xx_HAL_Driver/Src/stm32f1xx_hal_tim_ex.o
                                      0x8a1ec (size before relaxing)
 .debug_str     0x0000000000092030      0x5c4 ./Drivers/STM32F1xx_HAL_Driver/Src/stm32f1xx_hal_uart.o
                                      0x89ff0 (size before relaxing)

.comment        0x0000000000000000       0x50
 .comment       0x0000000000000000       0x50 ./Core/Src/Moto.o
                                         0x51 (size before relaxing)
 .comment       0x0000000000000050       0x51 ./Core/Src/adc.o
 .comment       0x0000000000000050       0x51 ./Core/Src/dma.o
 .comment       0x0000000000000050       0x51 ./Core/Src/gpio.o
 .comment       0x0000000000000050       0x51 ./Core/Src/i2c.o
 .comment       0x0000000000000050       0x51 ./Core/Src/kalman.o
 .comment       0x0000000000000050       0x51 ./Core/Src/main.o
 .comment       0x0000000000000050       0x51 ./Core/Src/oled.o
 .comment       0x0000000000000050       0x51 ./Core/Src/scan_red.o
 .comment       0x0000000000000050       0x51 ./Core/Src/stm32f1xx_hal_msp.o
 .comment       0x0000000000000050       0x51 ./Core/Src/stm32f1xx_it.o
 .comment       0x0000000000000050       0x51 ./Core/Src/system_stm32f1xx.o
 .comment       0x0000000000000050       0x51 ./Core/Src/tim.o
 .comment       0x0000000000000050       0x51 ./Core/Src/usart.o
 .comment       0x0000000000000050       0x51 ./Drivers/STM32F1xx_HAL_Driver/Src/stm32f1xx_hal.o
 .comment       0x0000000000000050       0x51 ./Drivers/STM32F1xx_HAL_Driver/Src/stm32f1xx_hal_adc.o
 .comment       0x0000000000000050       0x51 ./Drivers/STM32F1xx_HAL_Driver/Src/stm32f1xx_hal_cortex.o
 .comment       0x0000000000000050       0x51 ./Drivers/STM32F1xx_HAL_Driver/Src/stm32f1xx_hal_dma.o
 .comment       0x0000000000000050       0x51 ./Drivers/STM32F1xx_HAL_Driver/Src/stm32f1xx_hal_gpio.o
 .comment       0x0000000000000050       0x51 ./Drivers/STM32F1xx_HAL_Driver/Src/stm32f1xx_hal_i2c.o
 .comment       0x0000000000000050       0x51 ./Drivers/STM32F1xx_HAL_Driver/Src/stm32f1xx_hal_rcc.o
 .comment       0x0000000000000050       0x51 ./Drivers/STM32F1xx_HAL_Driver/Src/stm32f1xx_hal_rcc_ex.o
 .comment       0x0000000000000050       0x51 ./Drivers/STM32F1xx_HAL_Driver/Src/stm32f1xx_hal_tim.o
 .comment       0x0000000000000050       0x51 ./Drivers/STM32F1xx_HAL_Driver/Src/stm32f1xx_hal_tim_ex.o
 .comment       0x0000000000000050       0x51 ./Drivers/STM32F1xx_HAL_Driver/Src/stm32f1xx_hal_uart.o

.debug_frame    0x0000000000000000     0x4b50
 .debug_frame   0x0000000000000000       0x9c ./Core/Src/Moto.o
 .debug_frame   0x000000000000009c       0x7c ./Core/Src/adc.o
 .debug_frame   0x0000000000000118       0x34 ./Core/Src/dma.o
 .debug_frame   0x000000000000014c       0x34 ./Core/Src/gpio.o
 .debug_frame   0x0000000000000180       0x74 ./Core/Src/i2c.o
 .debug_frame   0x00000000000001f4       0x80 ./Core/Src/kalman.o
 .debug_frame   0x0000000000000274       0x90 ./Core/Src/main.o
 .debug_frame   0x0000000000000304      0x210 ./Core/Src/oled.o
 .debug_frame   0x0000000000000514       0x58 ./Core/Src/scan_red.o
 .debug_frame   0x000000000000056c       0x38 ./Core/Src/stm32f1xx_hal_msp.o
 .debug_frame   0x00000000000005a4      0x160 ./Core/Src/stm32f1xx_it.o
 .debug_frame   0x0000000000000704       0x58 ./Core/Src/system_stm32f1xx.o
 .debug_frame   0x000000000000075c       0xa8 ./Core/Src/tim.o
 .debug_frame   0x0000000000000804       0x74 ./Core/Src/usart.o
 .debug_frame   0x0000000000000878      0x334 ./Drivers/STM32F1xx_HAL_Driver/Src/stm32f1xx_hal.o
 .debug_frame   0x0000000000000bac      0x40c ./Drivers/STM32F1xx_HAL_Driver/Src/stm32f1xx_hal_adc.o
 .debug_frame   0x0000000000000fb8      0x428 ./Drivers/STM32F1xx_HAL_Driver/Src/stm32f1xx_hal_cortex.o
 .debug_frame   0x00000000000013e0      0x208 ./Drivers/STM32F1xx_HAL_Driver/Src/stm32f1xx_hal_dma.o
 .debug_frame   0x00000000000015e8      0x14c ./Drivers/STM32F1xx_HAL_Driver/Src/stm32f1xx_hal_gpio.o
 .debug_frame   0x0000000000001734      0xc5c ./Drivers/STM32F1xx_HAL_Driver/Src/stm32f1xx_hal_i2c.o
 .debug_frame   0x0000000000002390      0x21c ./Drivers/STM32F1xx_HAL_Driver/Src/stm32f1xx_hal_rcc.o
 .debug_frame   0x00000000000025ac       0x84 ./Drivers/STM32F1xx_HAL_Driver/Src/stm32f1xx_hal_rcc_ex.o
 .debug_frame   0x0000000000002630     0x11b8 ./Drivers/STM32F1xx_HAL_Driver/Src/stm32f1xx_hal_tim.o
 .debug_frame   0x00000000000037e8      0x638 ./Drivers/STM32F1xx_HAL_Driver/Src/stm32f1xx_hal_tim_ex.o
 .debug_frame   0x0000000000003e20      0x914 ./Drivers/STM32F1xx_HAL_Driver/Src/stm32f1xx_hal_uart.o
 .debug_frame   0x0000000000004734       0x38 c:/program_fast/st/stm32cubeide_1.10.1/stm32cubeide/plugins/com.st.stm32cube.ide.mcu.externaltools.gnu-tools-for-stm32.10.3-2021.10.win32_1.0.200.202301161003/tools/bin/../lib/gcc/arm-none-eabi/10.3.1/../../../../arm-none-eabi/lib/thumb/v7-m/nofp\libm.a(lib_a-s_atan.o)
 .debug_frame   0x000000000000476c       0x20 c:/program_fast/st/stm32cubeide_1.10.1/stm32cubeide/plugins/com.st.stm32cube.ide.mcu.externaltools.gnu-tools-for-stm32.10.3-2021.10.win32_1.0.200.202301161003/tools/bin/../lib/gcc/arm-none-eabi/10.3.1/../../../../arm-none-eabi/lib/thumb/v7-m/nofp\libm.a(lib_a-s_fabs.o)
 .debug_frame   0x000000000000478c       0x2c c:/program_fast/st/stm32cubeide_1.10.1/stm32cubeide/plugins/com.st.stm32cube.ide.mcu.externaltools.gnu-tools-for-stm32.10.3-2021.10.win32_1.0.200.202301161003/tools/bin/../lib/gcc/arm-none-eabi/10.3.1/../../../../arm-none-eabi/lib/thumb/v7-m/nofp\libc_nano.a(lib_a-init.o)
 .debug_frame   0x00000000000047b8       0x20 c:/program_fast/st/stm32cubeide_1.10.1/stm32cubeide/plugins/com.st.stm32cube.ide.mcu.externaltools.gnu-tools-for-stm32.10.3-2021.10.win32_1.0.200.202301161003/tools/bin/../lib/gcc/arm-none-eabi/10.3.1/../../../../arm-none-eabi/lib/thumb/v7-m/nofp\libc_nano.a(lib_a-memset.o)
 .debug_frame   0x00000000000047d8       0xac c:/program_fast/st/stm32cubeide_1.10.1/stm32cubeide/plugins/com.st.stm32cube.ide.mcu.externaltools.gnu-tools-for-stm32.10.3-2021.10.win32_1.0.200.202301161003/tools/bin/../lib/gcc/arm-none-eabi/10.3.1/thumb/v7-m/nofp\libgcc.a(_arm_addsubdf3.o)
 .debug_frame   0x0000000000004884       0x50 c:/program_fast/st/stm32cubeide_1.10.1/stm32cubeide/plugins/com.st.stm32cube.ide.mcu.externaltools.gnu-tools-for-stm32.10.3-2021.10.win32_1.0.200.202301161003/tools/bin/../lib/gcc/arm-none-eabi/10.3.1/thumb/v7-m/nofp\libgcc.a(_arm_muldivdf3.o)
 .debug_frame   0x00000000000048d4       0xc4 c:/program_fast/st/stm32cubeide_1.10.1/stm32cubeide/plugins/com.st.stm32cube.ide.mcu.externaltools.gnu-tools-for-stm32.10.3-2021.10.win32_1.0.200.202301161003/tools/bin/../lib/gcc/arm-none-eabi/10.3.1/thumb/v7-m/nofp\libgcc.a(_arm_cmpdf2.o)
 .debug_frame   0x0000000000004998       0x24 c:/program_fast/st/stm32cubeide_1.10.1/stm32cubeide/plugins/com.st.stm32cube.ide.mcu.externaltools.gnu-tools-for-stm32.10.3-2021.10.win32_1.0.200.202301161003/tools/bin/../lib/gcc/arm-none-eabi/10.3.1/thumb/v7-m/nofp\libgcc.a(_arm_truncdfsf2.o)
 .debug_frame   0x00000000000049bc       0x4c c:/program_fast/st/stm32cubeide_1.10.1/stm32cubeide/plugins/com.st.stm32cube.ide.mcu.externaltools.gnu-tools-for-stm32.10.3-2021.10.win32_1.0.200.202301161003/tools/bin/../lib/gcc/arm-none-eabi/10.3.1/thumb/v7-m/nofp\libgcc.a(_arm_addsubsf3.o)
 .debug_frame   0x0000000000004a08       0x38 c:/program_fast/st/stm32cubeide_1.10.1/stm32cubeide/plugins/com.st.stm32cube.ide.mcu.externaltools.gnu-tools-for-stm32.10.3-2021.10.win32_1.0.200.202301161003/tools/bin/../lib/gcc/arm-none-eabi/10.3.1/thumb/v7-m/nofp\libgcc.a(_arm_muldivsf3.o)
 .debug_frame   0x0000000000004a40       0xc8 c:/program_fast/st/stm32cubeide_1.10.1/stm32cubeide/plugins/com.st.stm32cube.ide.mcu.externaltools.gnu-tools-for-stm32.10.3-2021.10.win32_1.0.200.202301161003/tools/bin/../lib/gcc/arm-none-eabi/10.3.1/thumb/v7-m/nofp\libgcc.a(_arm_cmpsf2.o)
 .debug_frame   0x0000000000004b08       0x24 c:/program_fast/st/stm32cubeide_1.10.1/stm32cubeide/plugins/com.st.stm32cube.ide.mcu.externaltools.gnu-tools-for-stm32.10.3-2021.10.win32_1.0.200.202301161003/tools/bin/../lib/gcc/arm-none-eabi/10.3.1/thumb/v7-m/nofp\libgcc.a(_arm_fixsfsi.o)
 .debug_frame   0x0000000000004b2c       0x24 c:/program_fast/st/stm32cubeide_1.10.1/stm32cubeide/plugins/com.st.stm32cube.ide.mcu.externaltools.gnu-tools-for-stm32.10.3-2021.10.win32_1.0.200.202301161003/tools/bin/../lib/gcc/arm-none-eabi/10.3.1/thumb/v7-m/nofp\libgcc.a(_arm_fixunssfsi.o)
