../Core/Src/oled.c:18:6:OLED_WriteCommand	40	static
../Core/Src/oled.c:30:6:OLED_WriteData	40	static
../Core/Src/oled.c:44:6:OLED_SetCursor	16	static
../Core/Src/oled.c:56:6:OLED_Clear	16	static
../Core/Src/oled.c:76:6:OLED_ShowChar	24	static
../Core/Src/oled.c:98:6:OLED_ShowString	24	static
../Core/Src/oled.c:111:10:OLED_Pow	24	static
../Core/Src/oled.c:129:6:OLED_ShowNum	32	static
../Core/Src/oled.c:146:6:OLED_ShowSignedNum	32	static
../Core/Src/oled.c:174:6:OLED_ShowHexNum	24	static
../Core/Src/oled.c:199:6:OLED_ShowBinNum	32	static
../Core/Src/oled.c:214:6:OLED_ShowChinese	24	static
../Core/Src/oled.c:235:6:OLED_ShowPicture	24	static
../Core/Src/oled.c:253:6:OLED_Init	8	static
