Component: ARM Compiler 5.06 update 5 (build 528) Tool: armlink [4d35e2]

==============================================================================

Section Cross References

    startup_stm32f103xb.o(RESET) refers to startup_stm32f103xb.o(STACK) for __initial_sp
    startup_stm32f103xb.o(RESET) refers to startup_stm32f103xb.o(.text) for Reset_Handler
    startup_stm32f103xb.o(RESET) refers to stm32f1xx_it.o(i.NMI_Handler) for NMI_Handler
    startup_stm32f103xb.o(RESET) refers to stm32f1xx_it.o(i.HardFault_Handler) for HardFault_Handler
    startup_stm32f103xb.o(RESET) refers to stm32f1xx_it.o(i.MemManage_Handler) for MemManage_Handler
    startup_stm32f103xb.o(RESET) refers to stm32f1xx_it.o(i.BusFault_Handler) for BusFault_Handler
    startup_stm32f103xb.o(RESET) refers to stm32f1xx_it.o(i.UsageFault_Handler) for UsageFault_Handler
    startup_stm32f103xb.o(RESET) refers to stm32f1xx_it.o(i.SVC_Handler) for SVC_Handler
    startup_stm32f103xb.o(RESET) refers to stm32f1xx_it.o(i.DebugMon_Handler) for DebugMon_Handler
    startup_stm32f103xb.o(RESET) refers to stm32f1xx_it.o(i.PendSV_Handler) for PendSV_Handler
    startup_stm32f103xb.o(RESET) refers to stm32f1xx_it.o(i.SysTick_Handler) for SysTick_Handler
    startup_stm32f103xb.o(RESET) refers to stm32f1xx_it.o(i.DMA1_Channel1_IRQHandler) for DMA1_Channel1_IRQHandler
    startup_stm32f103xb.o(RESET) refers to stm32f1xx_it.o(i.EXTI15_10_IRQHandler) for EXTI15_10_IRQHandler
    startup_stm32f103xb.o(.text) refers to system_stm32f1xx_1.o(i.SystemInit) for SystemInit
    startup_stm32f103xb.o(.text) refers to entry.o(.ARM.Collect$$$$00000000) for __main
    kalman.o(i.KalmanFilter) refers to fadd.o(.text) for __aeabi_fadd
    kalman.o(i.KalmanFilter) refers to fdiv.o(.text) for __aeabi_fdiv
    kalman.o(i.KalmanFilter) refers to fmul.o(.text) for __aeabi_fmul
    kalman.o(i.Kalman_Init) refers to d2f.o(.text) for __aeabi_d2f
    kalman.o(i.UserKalFil) refers to fdiv.o(.text) for __aeabi_fdiv
    kalman.o(i.UserKalFil) refers to kalman.o(i.KalmanFilter) for KalmanFilter
    moto.o(i.BACK_Power_Set) refers to fscalb.o(.text) for __ARM_scalbnf
    moto.o(i.BACK_Power_Set) refers to moto.o(i.PWM_SETDUTY) for PWM_SETDUTY
    moto.o(i.GO_Power_Set) refers to fscalb.o(.text) for __ARM_scalbnf
    moto.o(i.GO_Power_Set) refers to moto.o(i.PWM_SETDUTY) for PWM_SETDUTY
    moto.o(i.PWM_OUT_Init) refers to stm32f1xx_hal_tim.o(i.HAL_TIM_PWM_Start) for HAL_TIM_PWM_Start
    moto.o(i.PWM_OUT_Init) refers to tim.o(.bss) for htim2
    moto.o(i.PWM_SETDUTY) refers to ffixui.o(.text) for __aeabi_f2uiz
    moto.o(i.PWM_SETDUTY) refers to tim.o(.bss) for htim2
    pid.o(i.fuzzy) refers to d2f.o(.text) for __aeabi_d2f
    pid.o(i.fuzzy) refers to f2d.o(.text) for __aeabi_f2d
    pid.o(i.fuzzy) refers to dadd.o(.text) for __aeabi_dsub
    pid.o(i.fuzzy) refers to dfixi.o(.text) for __aeabi_d2iz
    pid.o(i.fuzzy) refers to fmul.o(.text) for __aeabi_fmul
    pid.o(i.fuzzy) refers to fadd.o(.text) for __aeabi_fadd
    pid.o(i.fuzzy) refers to pid.o(.constdata) for .constdata
    pid.o(i.speed_pid) refers to fadd.o(.text) for __aeabi_fsub
    pid.o(i.speed_pid) refers to fflti.o(.text) for __aeabi_i2f
    pid.o(i.speed_pid) refers to ffixi.o(.text) for __aeabi_f2iz
    pid.o(i.speed_pid) refers to pid.o(i.fuzzy) for fuzzy
    pid.o(i.speed_pid) refers to fmul.o(.text) for __aeabi_fmul
    pid.o(i.speed_pid) refers to pid.o(.data) for .data
    pid.o(i.speed_pid) refers to pid.o(.bss) for .bss
    oled.o(i.OLED_Clear) refers to oled.o(i.OLED_SetCursor) for OLED_SetCursor
    oled.o(i.OLED_Clear) refers to oled.o(i.OLED_WriteData) for OLED_WriteData
    oled.o(i.OLED_Init) refers to stm32f1xx_hal.o(i.HAL_Delay) for HAL_Delay
    oled.o(i.OLED_Init) refers to oled.o(i.OLED_WriteCommand) for OLED_WriteCommand
    oled.o(i.OLED_Init) refers to oled.o(i.OLED_Clear) for OLED_Clear
    oled.o(i.OLED_SetCursor) refers to oled.o(i.OLED_WriteCommand) for OLED_WriteCommand
    oled.o(i.OLED_ShowBinNum) refers to oled.o(i.OLED_Pow) for OLED_Pow
    oled.o(i.OLED_ShowBinNum) refers to oled.o(i.OLED_ShowChar) for OLED_ShowChar
    oled.o(i.OLED_ShowChar) refers to oled.o(i.OLED_SetCursor) for OLED_SetCursor
    oled.o(i.OLED_ShowChar) refers to oled.o(i.OLED_WriteData) for OLED_WriteData
    oled.o(i.OLED_ShowChar) refers to oled.o(.constdata) for .constdata
    oled.o(i.OLED_ShowChinese) refers to oled.o(i.OLED_SetCursor) for OLED_SetCursor
    oled.o(i.OLED_ShowChinese) refers to oled.o(i.OLED_WriteData) for OLED_WriteData
    oled.o(i.OLED_ShowChinese) refers to oled.o(.constdata) for .constdata
    oled.o(i.OLED_ShowHexNum) refers to oled.o(i.OLED_Pow) for OLED_Pow
    oled.o(i.OLED_ShowHexNum) refers to oled.o(i.OLED_ShowChar) for OLED_ShowChar
    oled.o(i.OLED_ShowNum) refers to oled.o(i.OLED_Pow) for OLED_Pow
    oled.o(i.OLED_ShowNum) refers to oled.o(i.OLED_ShowChar) for OLED_ShowChar
    oled.o(i.OLED_ShowPicture) refers to oled.o(i.OLED_SetCursor) for OLED_SetCursor
[...]
    Removing stm32f1xx_hal_tim.o(i.HAL_TIM_OnePulse_MspInit), (2 bytes).
    Removing stm32f1xx_hal_tim.o(i.HAL_TIM_OnePulse_Start), (104 bytes).
    Removing stm32f1xx_hal_tim.o(i.HAL_TIM_OnePulse_Start_IT), (124 bytes).
    Removing stm32f1xx_hal_tim.o(i.HAL_TIM_OnePulse_Stop), (100 bytes).
    Removing stm32f1xx_hal_tim.o(i.HAL_TIM_OnePulse_Stop_IT), (120 bytes).
    Removing stm32f1xx_hal_tim.o(i.HAL_TIM_PWM_DeInit), (92 bytes).
    Removing stm32f1xx_hal_tim.o(i.HAL_TIM_PWM_GetState), (6 bytes).
    Removing stm32f1xx_hal_tim.o(i.HAL_TIM_PWM_MspDeInit), (2 bytes).
    Removing stm32f1xx_hal_tim.o(i.HAL_TIM_PWM_PulseFinishedCallback), (2 bytes).
    Removing stm32f1xx_hal_tim.o(i.HAL_TIM_PWM_PulseFinishedHalfCpltCallback), (2 bytes).
    Removing stm32f1xx_hal_tim.o(i.HAL_TIM_PWM_Start_DMA), (400 bytes).
    Removing stm32f1xx_hal_tim.o(i.HAL_TIM_PWM_Start_IT), (216 bytes).
    Removing stm32f1xx_hal_tim.o(i.HAL_TIM_PWM_Stop), (112 bytes).
    Removing stm32f1xx_hal_tim.o(i.HAL_TIM_PWM_Stop_DMA), (184 bytes).
    Removing stm32f1xx_hal_tim.o(i.HAL_TIM_PWM_Stop_IT), (164 bytes).
    Removing stm32f1xx_hal_tim.o(i.HAL_TIM_PeriodElapsedCallback), (2 bytes).
    Removing stm32f1xx_hal_tim.o(i.HAL_TIM_PeriodElapsedHalfCpltCallback), (2 bytes).
    Removing stm32f1xx_hal_tim.o(i.HAL_TIM_ReadCapturedValue), (42 bytes).
    Removing stm32f1xx_hal_tim.o(i.HAL_TIM_SlaveConfigSynchro), (82 bytes).
    Removing stm32f1xx_hal_tim.o(i.HAL_TIM_SlaveConfigSynchro_IT), (82 bytes).
    Removing stm32f1xx_hal_tim.o(i.HAL_TIM_TriggerCallback), (2 bytes).
    Removing stm32f1xx_hal_tim.o(i.HAL_TIM_TriggerHalfCpltCallback), (2 bytes).
    Removing stm32f1xx_hal_tim.o(i.TIM_DMACaptureCplt), (110 bytes).
    Removing stm32f1xx_hal_tim.o(i.TIM_DMACaptureHalfCplt), (56 bytes).
    Removing stm32f1xx_hal_tim.o(i.TIM_DMADelayPulseCplt), (94 bytes).
    Removing stm32f1xx_hal_tim.o(i.TIM_DMADelayPulseHalfCplt), (56 bytes).
    Removing stm32f1xx_hal_tim.o(i.TIM_DMAError), (84 bytes).
    Removing stm32f1xx_hal_tim.o(i.TIM_DMAPeriodElapsedCplt), (22 bytes).
    Removing stm32f1xx_hal_tim.o(i.TIM_DMAPeriodElapsedHalfCplt), (10 bytes).
    Removing stm32f1xx_hal_tim.o(i.TIM_DMATriggerCplt), (22 bytes).
    Removing stm32f1xx_hal_tim.o(i.TIM_DMATriggerHalfCplt), (10 bytes).
    Removing stm32f1xx_hal_tim.o(i.TIM_SlaveTimer_SetConfig), (134 bytes).
    Removing stm32f1xx_hal_tim.o(i.TIM_TI1_SetConfig), (88 bytes).
    Removing stm32f1xx_hal_tim.o(i.TIM_TI2_SetConfig), (54 bytes).
    Removing stm32f1xx_hal_tim_ex.o(.rev16_text), (4 bytes).
    Removing stm32f1xx_hal_tim_ex.o(.revsh_text), (4 bytes).
    Removing stm32f1xx_hal_tim_ex.o(.rrx_text), (6 bytes).
    Removing stm32f1xx_hal_tim_ex.o(i.HAL_TIMEx_BreakCallback), (2 bytes).
    Removing stm32f1xx_hal_tim_ex.o(i.HAL_TIMEx_CommutCallback), (2 bytes).
    Removing stm32f1xx_hal_tim_ex.o(i.HAL_TIMEx_CommutHalfCpltCallback), (2 bytes).
    Removing stm32f1xx_hal_tim_ex.o(i.HAL_TIMEx_ConfigBreakDeadTime), (84 bytes).
    Removing stm32f1xx_hal_tim_ex.o(i.HAL_TIMEx_ConfigCommutEvent), (112 bytes).
    Removing stm32f1xx_hal_tim_ex.o(i.HAL_TIMEx_ConfigCommutEvent_DMA), (144 bytes).
    Removing stm32f1xx_hal_tim_ex.o(i.HAL_TIMEx_ConfigCommutEvent_IT), (112 bytes).
    Removing stm32f1xx_hal_tim_ex.o(i.HAL_TIMEx_GetChannelNState), (34 bytes).
    Removing stm32f1xx_hal_tim_ex.o(i.HAL_TIMEx_HallSensor_DeInit), (76 bytes).
    Removing stm32f1xx_hal_tim_ex.o(i.HAL_TIMEx_HallSensor_GetState), (6 bytes).
    Removing stm32f1xx_hal_tim_ex.o(i.HAL_TIMEx_HallSensor_Init), (208 bytes).
    Removing stm32f1xx_hal_tim_ex.o(i.HAL_TIMEx_HallSensor_MspDeInit), (2 bytes).
    Removing stm32f1xx_hal_tim_ex.o(i.HAL_TIMEx_HallSensor_MspInit), (2 bytes).
    Removing stm32f1xx_hal_tim_ex.o(i.HAL_TIMEx_HallSensor_Start), (128 bytes).
    Removing stm32f1xx_hal_tim_ex.o(i.HAL_TIMEx_HallSensor_Start_DMA), (184 bytes).
    Removing stm32f1xx_hal_tim_ex.o(i.HAL_TIMEx_HallSensor_Start_IT), (140 bytes).
    Removing stm32f1xx_hal_tim_ex.o(i.HAL_TIMEx_HallSensor_Stop), (58 bytes).
    Removing stm32f1xx_hal_tim_ex.o(i.HAL_TIMEx_HallSensor_Stop_DMA), (70 bytes).
    Removing stm32f1xx_hal_tim_ex.o(i.HAL_TIMEx_HallSensor_Stop_IT), (68 bytes).
    Removing stm32f1xx_hal_tim_ex.o(i.HAL_TIMEx_OCN_Start), (156 bytes).
    Removing stm32f1xx_hal_tim_ex.o(i.HAL_TIMEx_OCN_Start_DMA), (356 bytes).
    Removing stm32f1xx_hal_tim_ex.o(i.HAL_TIMEx_OCN_Start_IT), (208 bytes).
    Removing stm32f1xx_hal_tim_ex.o(i.HAL_TIMEx_OCN_Stop), (104 bytes).
    Removing stm32f1xx_hal_tim_ex.o(i.HAL_TIMEx_OCN_Stop_DMA), (158 bytes).
    Removing stm32f1xx_hal_tim_ex.o(i.HAL_TIMEx_OCN_Stop_IT), (160 bytes).
    Removing stm32f1xx_hal_tim_ex.o(i.HAL_TIMEx_OnePulseN_Start), (100 bytes).
    Removing stm32f1xx_hal_tim_ex.o(i.HAL_TIMEx_OnePulseN_Start_IT), (120 bytes).
    Removing stm32f1xx_hal_tim_ex.o(i.HAL_TIMEx_OnePulseN_Stop), (98 bytes).
    Removing stm32f1xx_hal_tim_ex.o(i.HAL_TIMEx_OnePulseN_Stop_IT), (120 bytes).
    Removing stm32f1xx_hal_tim_ex.o(i.HAL_TIMEx_PWMN_Start), (156 bytes).
    Removing stm32f1xx_hal_tim_ex.o(i.HAL_TIMEx_PWMN_Start_DMA), (356 bytes).
    Removing stm32f1xx_hal_tim_ex.o(i.HAL_TIMEx_PWMN_Start_IT), (208 bytes).
    Removing stm32f1xx_hal_tim_ex.o(i.HAL_TIMEx_PWMN_Stop), (104 bytes).
    Removing stm32f1xx_hal_tim_ex.o(i.HAL_TIMEx_PWMN_Stop_DMA), (158 bytes).
    Removing stm32f1xx_hal_tim_ex.o(i.HAL_TIMEx_PWMN_Stop_IT), (160 bytes).
    Removing stm32f1xx_hal_tim_ex.o(i.HAL_TIMEx_RemapConfig), (4 bytes).
    Removing stm32f1xx_hal_tim_ex.o(i.TIMEx_DMACommutationCplt), (16 bytes).
    Removing stm32f1xx_hal_tim_ex.o(i.TIMEx_DMACommutationHalfCplt), (16 bytes).
    Removing stm32f1xx_hal_tim_ex.o(i.TIM_CCxNChannelCmd), (26 bytes).
    Removing stm32f1xx_hal_tim_ex.o(i.TIM_DMADelayPulseNCplt), (94 bytes).
    Removing stm32f1xx_hal_tim_ex.o(i.TIM_DMAErrorCCxN), (62 bytes).
    Removing stm32f1xx_hal_uart.o(.rev16_text), (4 bytes).
    Removing stm32f1xx_hal_uart.o(.revsh_text), (4 bytes).
    Removing stm32f1xx_hal_uart.o(.rrx_text), (6 bytes).
    Removing stm32f1xx_hal_uart.o(i.HAL_HalfDuplex_EnableReceiver), (50 bytes).
    Removing stm32f1xx_hal_uart.o(i.HAL_HalfDuplex_EnableTransmitter), (50 bytes).
    Removing stm32f1xx_hal_uart.o(i.HAL_HalfDuplex_Init), (108 bytes).
    Removing stm32f1xx_hal_uart.o(i.HAL_LIN_Init), (128 bytes).
    Removing stm32f1xx_hal_uart.o(i.HAL_LIN_SendBreak), (46 bytes).
    Removing stm32f1xx_hal_uart.o(i.HAL_MultiProcessor_EnterMuteMode), (46 bytes).
    Removing stm32f1xx_hal_uart.o(i.HAL_MultiProcessor_ExitMuteMode), (46 bytes).
    Removing stm32f1xx_hal_uart.o(i.HAL_MultiProcessor_Init), (142 bytes).
    Removing stm32f1xx_hal_uart.o(i.HAL_UARTEx_ReceiveToIdle), (248 bytes).
    Removing stm32f1xx_hal_uart.o(i.HAL_UARTEx_ReceiveToIdle_DMA), (74 bytes).
    Removing stm32f1xx_hal_uart.o(i.HAL_UARTEx_ReceiveToIdle_IT), (74 bytes).
    Removing stm32f1xx_hal_uart.o(i.HAL_UARTEx_RxEventCallback), (2 bytes).
    Removing stm32f1xx_hal_uart.o(i.HAL_UART_Abort), (156 bytes).
    Removing stm32f1xx_hal_uart.o(i.HAL_UART_AbortCpltCallback), (2 bytes).
    Removing stm32f1xx_hal_uart.o(i.HAL_UART_AbortReceive), (106 bytes).
    Removing stm32f1xx_hal_uart.o(i.HAL_UART_AbortReceiveCpltCallback), (2 bytes).
    Removing stm32f1xx_hal_uart.o(i.HAL_UART_AbortReceive_IT), (112 bytes).
    Removing stm32f1xx_hal_uart.o(i.HAL_UART_AbortTransmit), (78 bytes).
    Removing stm32f1xx_hal_uart.o(i.HAL_UART_AbortTransmitCpltCallback), (2 bytes).
    Removing stm32f1xx_hal_uart.o(i.HAL_UART_AbortTransmit_IT), (84 bytes).
    Removing stm32f1xx_hal_uart.o(i.HAL_UART_Abort_IT), (188 bytes).
    Removing stm32f1xx_hal_uart.o(i.HAL_UART_DMAPause), (102 bytes).
    Removing stm32f1xx_hal_uart.o(i.HAL_UART_DMAResume), (94 bytes).
    Removing stm32f1xx_hal_uart.o(i.HAL_UART_DMAStop), (88 bytes).
    Removing stm32f1xx_hal_uart.o(i.HAL_UART_DeInit), (52 bytes).
    Removing stm32f1xx_hal_uart.o(i.HAL_UART_ErrorCallback), (2 bytes).
    Removing stm32f1xx_hal_uart.o(i.HAL_UART_GetError), (4 bytes).
    Removing stm32f1xx_hal_uart.o(i.HAL_UART_GetState), (10 bytes).
    Removing stm32f1xx_hal_uart.o(i.HAL_UART_IRQHandler), (524 bytes).
    Removing stm32f1xx_hal_uart.o(i.HAL_UART_MspDeInit), (2 bytes).
    Removing stm32f1xx_hal_uart.o(i.HAL_UART_MspInit), (2 bytes).
    Removing stm32f1xx_hal_uart.o(i.HAL_UART_Receive), (196 bytes).
    Removing stm32f1xx_hal_uart.o(i.HAL_UART_Receive_DMA), (42 bytes).
    Removing stm32f1xx_hal_uart.o(i.HAL_UART_Receive_IT), (42 bytes).
    Removing stm32f1xx_hal_uart.o(i.HAL_UART_RxCpltCallback), (2 bytes).
    Removing stm32f1xx_hal_uart.o(i.HAL_UART_RxHalfCpltCallback), (2 bytes).
    Removing stm32f1xx_hal_uart.o(i.HAL_UART_Transmit), (176 bytes).
    Removing stm32f1xx_hal_uart.o(i.HAL_UART_Transmit_DMA), (128 bytes).
    Removing stm32f1xx_hal_uart.o(i.HAL_UART_Transmit_IT), (62 bytes).
    Removing stm32f1xx_hal_uart.o(i.HAL_UART_TxCpltCallback), (2 bytes).
    Removing stm32f1xx_hal_uart.o(i.HAL_UART_TxHalfCpltCallback), (2 bytes).
    Removing stm32f1xx_hal_uart.o(i.UART_DMAAbortOnError), (16 bytes).
    Removing stm32f1xx_hal_uart.o(i.UART_DMAError), (74 bytes).
    Removing stm32f1xx_hal_uart.o(i.UART_DMAReceiveCplt), (90 bytes).
    Removing stm32f1xx_hal_uart.o(i.UART_DMARxAbortCallback), (44 bytes).
    Removing stm32f1xx_hal_uart.o(i.UART_DMARxHalfCplt), (26 bytes).
    Removing stm32f1xx_hal_uart.o(i.UART_DMARxOnlyAbortCallback), (22 bytes).
    Removing stm32f1xx_hal_uart.o(i.UART_DMATransmitCplt), (46 bytes).
    Removing stm32f1xx_hal_uart.o(i.UART_DMATxAbortCallback), (44 bytes).
    Removing stm32f1xx_hal_uart.o(i.UART_DMATxHalfCplt), (10 bytes).
    Removing stm32f1xx_hal_uart.o(i.UART_DMATxOnlyAbortCallback), (20 bytes).
    Removing stm32f1xx_hal_uart.o(i.UART_EndRxTransfer), (48 bytes).
    Removing stm32f1xx_hal_uart.o(i.UART_EndTxTransfer), (18 bytes).
    Removing stm32f1xx_hal_uart.o(i.UART_Receive_IT), (182 bytes).
    Removing stm32f1xx_hal_uart.o(i.UART_Start_Receive_DMA), (116 bytes).
    Removing stm32f1xx_hal_uart.o(i.UART_Start_Receive_IT), (54 bytes).
    Removing stm32f1xx_hal_uart.o(i.UART_WaitOnFlagUntilTimeout), (98 bytes).
    Removing system_stm32f1xx_1.o(.rev16_text), (4 bytes).
    Removing system_stm32f1xx_1.o(.revsh_text), (4 bytes).
    Removing system_stm32f1xx_1.o(.rrx_text), (6 bytes).
    Removing system_stm32f1xx_1.o(i.SystemCoreClockUpdate), (104 bytes).

518 unused section(s) (total 42172 bytes) removed from the image.

==============================================================================

Image Symbol Table

    Local Symbols

    Symbol Name                              Value     Ov Type        Size  Object(Section)

    ../Core/Src/adc.c                        0x00000000   Number         0  adc.o ABSOLUTE
    ../Core/Src/dma.c                        0x00000000   Number         0  dma.o ABSOLUTE
    ../Core/Src/gpio.c                       0x00000000   Number         0  gpio.o ABSOLUTE
    ../Core/Src/i2c.c                        0x00000000   Number         0  i2c.o ABSOLUTE
    ../Core/Src/main.c                       0x00000000   Number         0  main.o ABSOLUTE
    ../Core/Src/stm32f1xx_hal_msp.c          0x00000000   Number         0  stm32f1xx_hal_msp.o ABSOLUTE
    ../Core/Src/stm32f1xx_it.c               0x00000000   Number         0  stm32f1xx_it.o ABSOLUTE
    ../Core/Src/system_stm32f1xx.c           0x00000000   Number         0  system_stm32f1xx_1.o ABSOLUTE
    ../Core/Src/tim.c                        0x00000000   Number         0  tim.o ABSOLUTE
    ../Core/Src/usart.c                      0x00000000   Number         0  usart.o ABSOLUTE
    ../Drivers/STM32F1xx_HAL_Driver/Src/stm32f1xx_hal.c 0x00000000   Number         0  stm32f1xx_hal.o ABSOLUTE
    ../Drivers/STM32F1xx_HAL_Driver/Src/stm32f1xx_hal_adc.c 0x00000000   Number         0  stm32f1xx_hal_adc.o ABSOLUTE
    ../Drivers/STM32F1xx_HAL_Driver/Src/stm32f1xx_hal_adc_ex.c 0x00000000   Number         0  stm32f1xx_hal_adc_ex.o ABSOLUTE
    ../Drivers/STM32F1xx_HAL_Driver/Src/stm32f1xx_hal_cortex.c 0x00000000   Number         0  stm32f1xx_hal_cortex.o ABSOLUTE
    ../Drivers/STM32F1xx_HAL_Driver/Src/stm32f1xx_hal_dma.c 0x00000000   Number         0  stm32f1xx_hal_dma.o ABSOLUTE
    ../Drivers/STM32F1xx_HAL_Driver/Src/stm32f1xx_hal_exti.c 0x00000000   Number         0  stm32f1xx_hal_exti.o ABSOLUTE
    ../Drivers/STM32F1xx_HAL_Driver/Src/stm32f1xx_hal_flash.c 0x00000000   Number         0  stm32f1xx_hal_flash.o ABSOLUTE
    ../Drivers/STM32F1xx_HAL_Driver/Src/stm32f1xx_hal_flash_ex.c 0x00000000   Number         0  stm32f1xx_hal_flash_ex.o ABSOLUTE
    ../Drivers/STM32F1xx_HAL_Driver/Src/stm32f1xx_hal_gpio.c 0x00000000   Number         0  stm32f1xx_hal_gpio.o ABSOLUTE
    ../Drivers/STM32F1xx_HAL_Driver/Src/stm32f1xx_hal_gpio_ex.c 0x00000000   Number         0  stm32f1xx_hal_gpio_ex.o ABSOLUTE
    ../Drivers/STM32F1xx_HAL_Driver/Src/stm32f1xx_hal_i2c.c 0x00000000   Number         0  stm32f1xx_hal_i2c.o ABSOLUTE
    ../Drivers/STM32F1xx_HAL_Driver/Src/stm32f1xx_hal_pwr.c 0x00000000   Number         0  stm32f1xx_hal_pwr.o ABSOLUTE
    ../Drivers/STM32F1xx_HAL_Driver/Src/stm32f1xx_hal_rcc.c 0x00000000   Number         0  stm32f1xx_hal_rcc.o ABSOLUTE
    ../Drivers/STM32F1xx_HAL_Driver/Src/stm32f1xx_hal_rcc_ex.c 0x00000000   Number         0  stm32f1xx_hal_rcc_ex.o ABSOLUTE
    ../Drivers/STM32F1xx_HAL_Driver/Src/stm32f1xx_hal_tim.c 0x00000000   Number         0  stm32f1xx_hal_tim.o ABSOLUTE
    ../Drivers/STM32F1xx_HAL_Driver/Src/stm32f1xx_hal_tim_ex.c 0x00000000   Number         0  stm32f1xx_hal_tim_ex.o ABSOLUTE
    ../Drivers/STM32F1xx_HAL_Driver/Src/stm32f1xx_hal_uart.c 0x00000000   Number         0  stm32f1xx_hal_uart.o ABSOLUTE
    ../clib/microlib/init/entry.s            0x00000000   Number         0  entry9b.o ABSOLUTE
    ../clib/microlib/init/entry.s            0x00000000   Number         0  entry10a.o ABSOLUTE
    ../clib/microlib/init/entry.s            0x00000000   Number         0  entry10b.o ABSOLUTE
    ../clib/microlib/init/entry.s            0x00000000   Number         0  entry11b.o ABSOLUTE
    ../clib/microlib/init/entry.s            0x00000000   Number         0  entry11a.o ABSOLUTE
    ../clib/microlib/init/entry.s            0x00000000   Number         0  entry2.o ABSOLUTE
    ../clib/microlib/init/entry.s            0x00000000   Number         0  entry.o ABSOLUTE
    ../clib/microlib/init/entry.s            0x00000000   Number         0  entry5.o ABSOLUTE
    ../clib/microlib/init/entry.s            0x00000000   Number         0  entry7a.o ABSOLUTE
    ../clib/microlib/init/entry.s            0x00000000   Number         0  entry7b.o ABSOLUTE
    ../clib/microlib/init/entry.s            0x00000000   Number         0  entry8a.o ABSOLUTE
    ../clib/microlib/init/entry.s            0x00000000   Number         0  entry8b.o ABSOLUTE
    ../clib/microlib/init/entry.s            0x00000000   Number         0  entry9a.o ABSOLUTE
    ../clib/microlib/longlong.c              0x00000000   Number         0  llsshr.o ABSOLUTE
    ../clib/microlib/longlong.c              0x00000000   Number         0  llshl.o ABSOLUTE
    ../clib/microlib/longlong.c              0x00000000   Number         0  llushr.o ABSOLUTE
    ../clib/microlib/string/memset.c         0x00000000   Number         0  memseta.o ABSOLUTE
    ../clib/microlib/stubs.s                 0x00000000   Number         0  iusefp.o ABSOLUTE
    ../fplib/microlib/d2f.c                  0x00000000   Number         0  d2f.o ABSOLUTE
    ../fplib/microlib/f2d.c                  0x00000000   Number         0  f2d.o ABSOLUTE
    ../fplib/microlib/fpadd.c                0x00000000   Number         0  dadd.o ABSOLUTE
    ../fplib/microlib/fpadd.c                0x00000000   Number         0  fadd.o ABSOLUTE
    ../fplib/microlib/fpdiv.c                0x00000000   Number         0  ddiv.o ABSOLUTE
    ../fplib/microlib/fpdiv.c                0x00000000   Number         0  fdiv.o ABSOLUTE
    ../fplib/microlib/fpepilogue.c           0x00000000   Number         0  depilogue.o ABSOLUTE
    ../fplib/microlib/fpepilogue.c           0x00000000   Number         0  fepilogue.o ABSOLUTE
    ../fplib/microlib/fpfix.c                0x00000000   Number         0  dfixi.o ABSOLUTE
    ../fplib/microlib/fpfix.c                0x00000000   Number         0  ffixi.o ABSOLUTE
    ../fplib/microlib/fpfix.c                0x00000000   Number         0  ffixui.o ABSOLUTE
    ../fplib/microlib/fpflt.c                0x00000000   Number         0  fflti.o ABSOLUTE
    ../fplib/microlib/fpflt.c                0x00000000   Number         0  dflti.o ABSOLUTE
    ../fplib/microlib/fpflt.c                0x00000000   Number         0  ffltui.o ABSOLUTE
    ../fplib/microlib/fpmul.c                0x00000000   Number         0  dmul.o ABSOLUTE
    ../fplib/microlib/fpmul.c                0x00000000   Number         0  fmul.o ABSOLUTE
    ../fplib/microlib/fpscalb.c              0x00000000   Number         0  fscalb.o ABSOLUTE
    ../fplib/microlib/fpscalb.c              0x00000000   Number         0  dscalb.o ABSOLUTE
    ../mathlib/atan.c                        0x00000000   Number         0  atan_x.o ABSOLUTE
    ../mathlib/atan.c                        0x00000000   Number         0  atan.o ABSOLUTE
    ../mathlib/dunder.c                      0x00000000   Number         0  dunder.o ABSOLUTE
    ../mathlib/fpclassify.c                  0x00000000   Number         0  fpclassify.o ABSOLUTE
    ../mathlib/poly.c                        0x00000000   Number         0  poly.o ABSOLUTE
    ..\Core\Src\Moto.c                       0x00000000   Number         0  moto.o ABSOLUTE
    ..\Core\Src\adc.c                        0x00000000   Number         0  adc.o ABSOLUTE
    ..\Core\Src\dma.c                        0x00000000   Number         0  dma.o ABSOLUTE
    ..\Core\Src\follow.c                     0x00000000   Number         0  follow.o ABSOLUTE
    ..\Core\Src\gpio.c                       0x00000000   Number         0  gpio.o ABSOLUTE
    ..\Core\Src\i2c.c                        0x00000000   Number         0  i2c.o ABSOLUTE
    ..\Core\Src\kalman.c                     0x00000000   Number         0  kalman.o ABSOLUTE
    ..\Core\Src\main.c                       0x00000000   Number         0  main.o ABSOLUTE
    ..\Core\Src\oled.c                       0x00000000   Number         0  oled.o ABSOLUTE
    ..\Core\Src\pid.c                        0x00000000   Number         0  pid.o ABSOLUTE
    ..\Core\Src\scan_red.c                   0x00000000   Number         0  scan_red.o ABSOLUTE
    ..\Core\Src\stm32f1xx_hal_msp.c          0x00000000   Number         0  stm32f1xx_hal_msp.o ABSOLUTE
    ..\Core\Src\stm32f1xx_it.c               0x00000000   Number         0  stm32f1xx_it.o ABSOLUTE
    ..\Core\Src\system_stm32f1xx.c           0x00000000   Number         0  system_stm32f1xx_1.o ABSOLUTE
    ..\Core\Src\tim.c                        0x00000000   Number         0  tim.o ABSOLUTE
    ..\Core\Src\usart.c                      0x00000000   Number         0  usart.o ABSOLUTE
    ..\Drivers\STM32F1xx_HAL_Driver\Src\stm32f1xx_hal.c 0x00000000   Number         0  stm32f1xx_hal.o ABSOLUTE
    ..\Drivers\STM32F1xx_HAL_Driver\Src\stm32f1xx_hal_adc.c 0x00000000   Number         0  stm32f1xx_hal_adc.o ABSOLUTE
    ..\Drivers\STM32F1xx_HAL_Driver\Src\stm32f1xx_hal_adc_ex.c 0x00000000   Number         0  stm32f1xx_hal_adc_ex.o ABSOLUTE
    ..\Drivers\STM32F1xx_HAL_Driver\Src\stm32f1xx_hal_cortex.c 0x00000000   Number         0  stm32f1xx_hal_cortex.o ABSOLUTE
    ..\Drivers\STM32F1xx_HAL_Driver\Src\stm32f1xx_hal_dma.c 0x00000000   Number         0  stm32f1xx_hal_dma.o ABSOLUTE
    ..\Drivers\STM32F1xx_HAL_Driver\Src\stm32f1xx_hal_exti.c 0x00000000   Number         0  stm32f1xx_hal_exti.o ABSOLUTE
    ..\Drivers\STM32F1xx_HAL_Driver\Src\stm32f1xx_hal_flash.c 0x00000000   Number         0  stm32f1xx_hal_flash.o ABSOLUTE
    ..\Drivers\STM32F1xx_HAL_Driver\Src\stm32f1xx_hal_flash_ex.c 0x00000000   Number         0  stm32f1xx_hal_flash_ex.o ABSOLUTE
    ..\Drivers\STM32F1xx_HAL_Driver\Src\stm32f1xx_hal_gpio.c 0x00000000   Number         0  stm32f1xx_hal_gpio.o ABSOLUTE
    ..\Drivers\STM32F1xx_HAL_Driver\Src\stm32f1xx_hal_gpio_ex.c 0x00000000   Number         0  stm32f1xx_hal_gpio_ex.o ABSOLUTE
    ..\Drivers\STM32F1xx_HAL_Driver\Src\stm32f1xx_hal_i2c.c 0x00000000   Number         0  stm32f1xx_hal_i2c.o ABSOLUTE
    ..\Drivers\STM32F1xx_HAL_Driver\Src\stm32f1xx_hal_pwr.c 0x00000000   Number         0  stm32f1xx_hal_pwr.o ABSOLUTE
    ..\Drivers\STM32F1xx_HAL_Driver\Src\stm32f1xx_hal_rcc.c 0x00000000   Number         0  stm32f1xx_hal_rcc.o ABSOLUTE
    ..\Drivers\STM32F1xx_HAL_Driver\Src\stm32f1xx_hal_rcc_ex.c 0x00000000   Number         0  stm32f1xx_hal_rcc_ex.o ABSOLUTE
    ..\Drivers\STM32F1xx_HAL_Driver\Src\stm32f1xx_hal_tim.c 0x00000000   Number         0  stm32f1xx_hal_tim.o ABSOLUTE
    ..\Drivers\STM32F1xx_HAL_Driver\Src\stm32f1xx_hal_tim_ex.c 0x00000000   Number         0  stm32f1xx_hal_tim_ex.o ABSOLUTE
    ..\Drivers\STM32F1xx_HAL_Driver\Src\stm32f1xx_hal_uart.c 0x00000000   Number         0  stm32f1xx_hal_uart.o ABSOLUTE
    ..\\Core\\Src\\Moto.c                    0x00000000   Number         0  moto.o ABSOLUTE
    ..\\Core\\Src\\follow.c                  0x00000000   Number         0  follow.o ABSOLUTE
    ..\\Core\\Src\\kalman.c                  0x00000000   Number         0  kalman.o ABSOLUTE
    ..\\Core\\Src\\oled.c                    0x00000000   Number         0  oled.o ABSOLUTE
    ..\\Core\\Src\\pid.c                     0x00000000   Number         0  pid.o ABSOLUTE
    ..\\Core\\Src\\scan_red.c                0x00000000   Number         0  scan_red.o ABSOLUTE
    dc.s                                     0x00000000   Number         0  dc.o ABSOLUTE
    handlers.s                               0x00000000   Number         0  handlers.o ABSOLUTE
    init.s                                   0x00000000   Number         0  init.o ABSOLUTE
    startup_stm32f103xb.s                    0x00000000   Number         0  startup_stm32f103xb.o ABSOLUTE
    RESET                                    0x08000000   Section      236  startup_stm32f103xb.o(RESET)
    .ARM.Collect$$$$00000000                 0x080000ec   Section        0  entry.o(.ARM.Collect$$$$00000000)
    .ARM.Collect$$$$00000001                 0x080000ec   Section        4  entry2.o(.ARM.Collect$$$$00000001)
    .ARM.Collect$$$$00000004                 0x080000f0   Section        4  entry5.o(.ARM.Collect$$$$00000004)
    .ARM.Collect$$$$00000008                 0x080000f4   Section        0  entry7b.o(.ARM.Collect$$$$00000008)
    .ARM.Collect$$$$0000000A                 0x080000f4   Section        0  entry8b.o(.ARM.Collect$$$$0000000A)
    .ARM.Collect$$$$0000000B                 0x080000f4   Section        8  entry9a.o(.ARM.Collect$$$$0000000B)
    .ARM.Collect$$$$0000000D                 0x080000fc   Section        0  entry10a.o(.ARM.Collect$$$$0000000D)
    .ARM.Collect$$$$0000000F                 0x080000fc   Section        0  entry11a.o(.ARM.Collect$$$$0000000F)
    .ARM.Collect$$$$00002712                 0x080000fc   Section        4  entry2.o(.ARM.Collect$$$$00002712)
    __lit__00000000                          0x080000fc   Data           4  entry2.o(.ARM.Collect$$$$00002712)
    .text                                    0x08000100   Section       36  startup_stm32f103xb.o(.text)
    .text                                    0x08000124   Section        0  llushr.o(.text)
    .text                                    0x08000144   Section        0  memseta.o(.text)
    .text                                    0x08000168   Section        0  fadd.o(.text)
    .text                                    0x08000218   Section        0  fmul.o(.text)
    .text                                    0x0800027c   Section        0  fdiv.o(.text)
    .text                                    0x080002f8   Section        0  fscalb.o(.text)
    .text                                    0x08000310   Section        0  dadd.o(.text)
    .text                                    0x0800045e   Section        0  dmul.o(.text)
    .text                                    0x08000542   Section        0  ddiv.o(.text)
    .text                                    0x08000620   Section        0  fflti.o(.text)
    .text                                    0x08000632   Section        0  ffltui.o(.text)
    .text                                    0x0800063c   Section        0  dflti.o(.text)
    .text                                    0x0800065e   Section        0  ffixi.o(.text)
    .text                                    0x08000690   Section        0  ffixui.o(.text)
    .text                                    0x080006b8   Section        0  dfixi.o(.text)
    .text                                    0x080006f6   Section        0  f2d.o(.text)
    .text                                    0x0800071c   Section        0  d2f.o(.text)
    .text                                    0x08000754   Section        0  llshl.o(.text)
    .text                                    0x08000772   Section        0  llsshr.o(.text)
    .text                                    0x08000796   Section        0  iusefp.o(.text)
    .text                                    0x08000796   Section        0  fepilogue.o(.text)
    .text                                    0x08000804   Section        0  depilogue.o(.text)
    .text                                    0x080008be   Section        0  dscalb.o(.text)
    .text                                    0x080008ec   Section       36  init.o(.text)
    i.ADC_ConversionStop_Disable             0x08000910   Section        0  stm32f1xx_hal_adc.o(i.ADC_ConversionStop_Disable)
    i.ADC_DMAConvCplt                        0x08000964   Section        0  stm32f1xx_hal_adc.o(i.ADC_DMAConvCplt)
    i.ADC_DMAError                           0x080009b2   Section        0  stm32f1xx_hal_adc.o(i.ADC_DMAError)
    i.ADC_DMAHalfConvCplt                    0x080009cc   Section        0  stm32f1xx_hal_adc.o(i.ADC_DMAHalfConvCplt)
    i.ADC_Enable                             0x080009d8   Section        0  stm32f1xx_hal_adc.o(i.ADC_Enable)
    i.BusFault_Handler                       0x08000a50   Section        0  stm32f1xx_it.o(i.BusFault_Handler)
    i.Coordinate_Conversion                  0x08000a54   Section        0  scan_red.o(i.Coordinate_Conversion)
    i.Cross_negative_feedback                0x08000a84   Section        0  scan_red.o(i.Cross_negative_feedback)
    i.DMA1_Channel1_IRQHandler               0x08000abc   Section        0  stm32f1xx_it.o(i.DMA1_Channel1_IRQHandler)
    i.DMA_SetConfig                          0x08000ac8   Section        0  stm32f1xx_hal_dma.o(i.DMA_SetConfig)
    DMA_SetConfig                            0x08000ac9   Thumb Code    42  stm32f1xx_hal_dma.o(i.DMA_SetConfig)
    i.DebugMon_Handler                       0x08000af2   Section        0  stm32f1xx_it.o(i.DebugMon_Handler)
    i.EXTI15_10_IRQHandler                   0x08000af4   Section        0  stm32f1xx_it.o(i.EXTI15_10_IRQHandler)
    i.Error_Handler                          0x08000afc   Section        0  main.o(i.Error_Handler)
    i.GO_Power_Set                           0x08000b00   Section        0  moto.o(i.GO_Power_Set)
    i.HAL_ADC_ConfigChannel                  0x08000b40   Section        0  stm32f1xx_hal_adc.o(i.HAL_ADC_ConfigChannel)
    i.HAL_ADC_ConvCpltCallback               0x08000c3c   Section        0  stm32f1xx_hal_adc.o(i.HAL_ADC_ConvCpltCallback)
    i.HAL_ADC_ConvHalfCpltCallback           0x08000c3e   Section        0  stm32f1xx_hal_adc.o(i.HAL_ADC_ConvHalfCpltCallback)
    i.HAL_ADC_ErrorCallback                  0x08000c40   Section        0  stm32f1xx_hal_adc.o(i.HAL_ADC_ErrorCallback)
    i.HAL_ADC_Init                           0x08000c44   Section        0  stm32f1xx_hal_adc.o(i.HAL_ADC_Init)
    i.HAL_ADC_MspInit                        0x08000d60   Section        0  adc.o(i.HAL_ADC_MspInit)
    i.HAL_ADC_Start_DMA                      0x08000e0c   Section        0  stm32f1xx_hal_adc.o(i.HAL_ADC_Start_DMA)
    i.HAL_DMA_IRQHandler                     0x08000f18   Section        0  stm32f1xx_hal_dma.o(i.HAL_DMA_IRQHandler)
    i.HAL_DMA_Init                           0x08001070   Section        0  stm32f1xx_hal_dma.o(i.HAL_DMA_Init)
    i.HAL_DMA_Start_IT                       0x080010cc   Section        0  stm32f1xx_hal_dma.o(i.HAL_DMA_Start_IT)
    i.HAL_Delay                              0x0800113c   Section        0  stm32f1xx_hal.o(i.HAL_Delay)
    i.HAL_GPIO_EXTI_Callback                 0x08001160   Section        0  stm32f1xx_it.o(i.HAL_GPIO_EXTI_Callback)
    i.HAL_GPIO_EXTI_IRQHandler               0x080011a4   Section        0  stm32f1xx_hal_gpio.o(i.HAL_GPIO_EXTI_IRQHandler)
    i.HAL_GPIO_Init                          0x080011bc   Section        0  stm32f1xx_hal_gpio.o(i.HAL_GPIO_Init)
    i.HAL_GPIO_ReadPin                       0x08001388   Section        0  stm32f1xx_hal_gpio.o(i.HAL_GPIO_ReadPin)
    i.HAL_GetTick                            0x08001394   Section        0  stm32f1xx_hal.o(i.HAL_GetTick)
    i.HAL_I2C_Init                           0x080013a0   Section        0  stm32f1xx_hal_i2c.o(i.HAL_I2C_Init)
    i.HAL_I2C_Mem_Write                      0x08001528   Section        0  stm32f1xx_hal_i2c.o(i.HAL_I2C_Mem_Write)
    i.HAL_I2C_MspInit                        0x08001658   Section        0  i2c.o(i.HAL_I2C_MspInit)
    i.HAL_IncTick                            0x080016b4   Section        0  stm32f1xx_hal.o(i.HAL_IncTick)
    i.HAL_Init                               0x080016c4   Section        0  stm32f1xx_hal.o(i.HAL_Init)
    i.HAL_InitTick                           0x080016e8   Section        0  stm32f1xx_hal.o(i.HAL_InitTick)
    i.HAL_MspInit                            0x08001728   Section        0  stm32f1xx_hal_msp.o(i.HAL_MspInit)
    i.HAL_NVIC_EnableIRQ                     0x08001764   Section        0  stm32f1xx_hal_cortex.o(i.HAL_NVIC_EnableIRQ)
    i.HAL_NVIC_SetPriority                   0x08001780   Section        0  stm32f1xx_hal_cortex.o(i.HAL_NVIC_SetPriority)
    i.HAL_NVIC_SetPriorityGrouping           0x080017c0   Section        0  stm32f1xx_hal_cortex.o(i.HAL_NVIC_SetPriorityGrouping)
    i.HAL_RCCEx_PeriphCLKConfig              0x080017e4   Section        0  stm32f1xx_hal_rcc_ex.o(i.HAL_RCCEx_PeriphCLKConfig)
    i.HAL_RCC_ClockConfig                    0x080018cc   Section        0  stm32f1xx_hal_rcc.o(i.HAL_RCC_ClockConfig)
    i.HAL_RCC_GetPCLK1Freq                   0x08001a04   Section        0  stm32f1xx_hal_rcc.o(i.HAL_RCC_GetPCLK1Freq)
    i.HAL_RCC_GetPCLK2Freq                   0x08001a24   Section        0  stm32f1xx_hal_rcc.o(i.HAL_RCC_GetPCLK2Freq)
    i.HAL_RCC_GetSysClockFreq                0x08001a44   Section        0  stm32f1xx_hal_rcc.o(i.HAL_RCC_GetSysClockFreq)
    i.HAL_RCC_OscConfig                      0x08001ab0   Section        0  stm32f1xx_hal_rcc.o(i.HAL_RCC_OscConfig)
    i.HAL_SYSTICK_Config                     0x08001dc8   Section        0  stm32f1xx_hal_cortex.o(i.HAL_SYSTICK_Config)
    i.HAL_TIMEx_MasterConfigSynchronization  0x08001df0   Section        0  stm32f1xx_hal_tim_ex.o(i.HAL_TIMEx_MasterConfigSynchronization)
    i.HAL_TIM_Base_Init                      0x08001e58   Section        0  stm32f1xx_hal_tim.o(i.HAL_TIM_Base_Init)
    i.HAL_TIM_Base_MspInit                   0x08001eb4   Section        0  tim.o(i.HAL_TIM_Base_MspInit)
    i.HAL_TIM_ConfigClockSource              0x08001ed8   Section        0  stm32f1xx_hal_tim.o(i.HAL_TIM_ConfigClockSource)
    i.HAL_TIM_MspPostInit                    0x08001fb0   Section        0  tim.o(i.HAL_TIM_MspPostInit)
    i.HAL_TIM_PWM_ConfigChannel              0x08001ff8   Section        0  stm32f1xx_hal_tim.o(i.HAL_TIM_PWM_ConfigChannel)
    i.HAL_TIM_PWM_Init                       0x080020be   Section        0  stm32f1xx_hal_tim.o(i.HAL_TIM_PWM_Init)
    i.HAL_TIM_PWM_MspInit                    0x08002118   Section        0  stm32f1xx_hal_tim.o(i.HAL_TIM_PWM_MspInit)
    i.HAL_TIM_PWM_Start                      0x0800211c   Section        0  stm32f1xx_hal_tim.o(i.HAL_TIM_PWM_Start)
    i.HAL_UART_Init                          0x080021bc   Section        0  stm32f1xx_hal_uart.o(i.HAL_UART_Init)
    i.HAL_UART_MspInit                       0x08002220   Section        0  usart.o(i.HAL_UART_MspInit)
    i.HardFault_Handler                      0x08002290   Section        0  stm32f1xx_it.o(i.HardFault_Handler)
    i.I2C_IsAcknowledgeFailed                0x08002292   Section        0  stm32f1xx_hal_i2c.o(i.I2C_IsAcknowledgeFailed)
    I2C_IsAcknowledgeFailed                  0x08002293   Thumb Code    46  stm32f1xx_hal_i2c.o(i.I2C_IsAcknowledgeFailed)
    i.I2C_RequestMemoryWrite                 0x080022c0   Section        0  stm32f1xx_hal_i2c.o(i.I2C_RequestMemoryWrite)
    I2C_RequestMemoryWrite                   0x080022c1   Thumb Code   162  stm32f1xx_hal_i2c.o(i.I2C_RequestMemoryWrite)
    i.I2C_WaitOnBTFFlagUntilTimeout          0x08002368   Section        0  stm32f1xx_hal_i2c.o(i.I2C_WaitOnBTFFlagUntilTimeout)
    I2C_WaitOnBTFFlagUntilTimeout            0x08002369   Thumb Code    76  stm32f1xx_hal_i2c.o(i.I2C_WaitOnBTFFlagUntilTimeout)
    i.I2C_WaitOnFlagUntilTimeout             0x080023b4   Section        0  stm32f1xx_hal_i2c.o(i.I2C_WaitOnFlagUntilTimeout)
    I2C_WaitOnFlagUntilTimeout               0x080023b5   Thumb Code   104  stm32f1xx_hal_i2c.o(i.I2C_WaitOnFlagUntilTimeout)
    i.I2C_WaitOnMasterAddressFlagUntilTimeout 0x0800241c   Section        0  stm32f1xx_hal_i2c.o(i.I2C_WaitOnMasterAddressFlagUntilTimeout)
    I2C_WaitOnMasterAddressFlagUntilTimeout  0x0800241d   Thumb Code   152  stm32f1xx_hal_i2c.o(i.I2C_WaitOnMasterAddressFlagUntilTimeout)
    i.I2C_WaitOnTXEFlagUntilTimeout          0x080024b4   Section        0  stm32f1xx_hal_i2c.o(i.I2C_WaitOnTXEFlagUntilTimeout)
    I2C_WaitOnTXEFlagUntilTimeout            0x080024b5   Thumb Code    76  stm32f1xx_hal_i2c.o(i.I2C_WaitOnTXEFlagUntilTimeout)
    i.KalmanFilter                           0x08002500   Section        0  kalman.o(i.KalmanFilter)
    i.Kalman_Init                            0x08002558   Section        0  kalman.o(i.Kalman_Init)
    i.MX_ADC1_Init                           0x08002584   Section        0  adc.o(i.MX_ADC1_Init)
    i.MX_DMA_Init                            0x08002600   Section        0  dma.o(i.MX_DMA_Init)
    i.MX_GPIO_Init                           0x0800262c   Section        0  gpio.o(i.MX_GPIO_Init)
    i.MX_I2C1_Init                           0x080026b0   Section        0  i2c.o(i.MX_I2C1_Init)
    i.MX_TIM2_Init                           0x080026f0   Section        0  tim.o(i.MX_TIM2_Init)
    i.MX_USART1_UART_Init                    0x080027bc   Section        0  usart.o(i.MX_USART1_UART_Init)
    i.MemManage_Handler                      0x080027f4   Section        0  stm32f1xx_it.o(i.MemManage_Handler)
    i.NMI_Handler                            0x080027f6   Section        0  stm32f1xx_it.o(i.NMI_Handler)
    i.OLED_Clear                             0x080027f8   Section        0  oled.o(i.OLED_Clear)
    i.OLED_Init                              0x0800281e   Section        0  oled.o(i.OLED_Init)
    i.OLED_Pow                               0x080028b8   Section        0  oled.o(i.OLED_Pow)
    i.OLED_SetCursor                         0x080028c6   Section        0  oled.o(i.OLED_SetCursor)
    i.OLED_ShowChar                          0x080028e8   Section        0  oled.o(i.OLED_ShowChar)
    i.OLED_ShowNum                           0x08002950   Section        0  oled.o(i.OLED_ShowNum)
    i.OLED_ShowString                        0x08002992   Section        0  oled.o(i.OLED_ShowString)
    i.OLED_WriteCommand                      0x080029b8   Section        0  oled.o(i.OLED_WriteCommand)
    i.OLED_WriteData                         0x080029dc   Section        0  oled.o(i.OLED_WriteData)
    i.PWM_OUT_Init                           0x08002a00   Section        0  moto.o(i.PWM_OUT_Init)
    i.PWM_SETDUTY                            0x08002a2c   Section        0  moto.o(i.PWM_SETDUTY)
    i.PendSV_Handler                         0x08002a60   Section        0  stm32f1xx_it.o(i.PendSV_Handler)
    i.SVC_Handler                            0x08002a62   Section        0  stm32f1xx_it.o(i.SVC_Handler)
    i.SysTick_Handler                        0x08002a64   Section        0  stm32f1xx_it.o(i.SysTick_Handler)
    i.SystemClock_Config                     0x08002a68   Section        0  main.o(i.SystemClock_Config)
    i.SystemInit                             0x08002ae2   Section        0  system_stm32f1xx_1.o(i.SystemInit)
    i.TIM_Base_SetConfig                     0x08002ae4   Section        0  stm32f1xx_hal_tim.o(i.TIM_Base_SetConfig)
    i.TIM_CCxChannelCmd                      0x08002b50   Section        0  stm32f1xx_hal_tim.o(i.TIM_CCxChannelCmd)
    i.TIM_ETR_SetConfig                      0x08002b6a   Section        0  stm32f1xx_hal_tim.o(i.TIM_ETR_SetConfig)
    i.TIM_ITRx_SetConfig                     0x08002b7e   Section        0  stm32f1xx_hal_tim.o(i.TIM_ITRx_SetConfig)
    TIM_ITRx_SetConfig                       0x08002b7f   Thumb Code    16  stm32f1xx_hal_tim.o(i.TIM_ITRx_SetConfig)
    i.TIM_OC1_SetConfig                      0x08002b90   Section        0  stm32f1xx_hal_tim.o(i.TIM_OC1_SetConfig)
    TIM_OC1_SetConfig                        0x08002b91   Thumb Code    82  stm32f1xx_hal_tim.o(i.TIM_OC1_SetConfig)
    i.TIM_OC2_SetConfig                      0x08002be8   Section        0  stm32f1xx_hal_tim.o(i.TIM_OC2_SetConfig)
    i.TIM_OC3_SetConfig                      0x08002c44   Section        0  stm32f1xx_hal_tim.o(i.TIM_OC3_SetConfig)
    TIM_OC3_SetConfig                        0x08002c45   Thumb Code    84  stm32f1xx_hal_tim.o(i.TIM_OC3_SetConfig)
    i.TIM_OC4_SetConfig                      0x08002c9c   Section        0  stm32f1xx_hal_tim.o(i.TIM_OC4_SetConfig)
    TIM_OC4_SetConfig                        0x08002c9d   Thumb Code    64  stm32f1xx_hal_tim.o(i.TIM_OC4_SetConfig)
    i.TIM_TI1_ConfigInputStage               0x08002ce0   Section        0  stm32f1xx_hal_tim.o(i.TIM_TI1_ConfigInputStage)
    TIM_TI1_ConfigInputStage                 0x08002ce1   Thumb Code    34  stm32f1xx_hal_tim.o(i.TIM_TI1_ConfigInputStage)
    i.TIM_TI2_ConfigInputStage               0x08002d02   Section        0  stm32f1xx_hal_tim.o(i.TIM_TI2_ConfigInputStage)
    TIM_TI2_ConfigInputStage                 0x08002d03   Thumb Code    36  stm32f1xx_hal_tim.o(i.TIM_TI2_ConfigInputStage)
    i.UART_SetConfig                         0x08002d28   Section        0  stm32f1xx_hal_uart.o(i.UART_SetConfig)
    UART_SetConfig                           0x08002d29   Thumb Code   178  stm32f1xx_hal_uart.o(i.UART_SetConfig)
    i.UsageFault_Handler                     0x08002de0   Section        0  stm32f1xx_it.o(i.UsageFault_Handler)
    i.UserKalFil                             0x08002de2   Section        0  kalman.o(i.UserKalFil)
    i.__ARM_fpclassify                       0x08002dfc   Section        0  fpclassify.o(i.__ARM_fpclassify)
    i.__NVIC_SetPriority                     0x08002e24   Section        0  stm32f1xx_hal_cortex.o(i.__NVIC_SetPriority)
    __NVIC_SetPriority                       0x08002e25   Thumb Code    32  stm32f1xx_hal_cortex.o(i.__NVIC_SetPriority)
    i.__kernel_poly                          0x08002e44   Section        0  poly.o(i.__kernel_poly)
    i.__mathlib_dbl_infnan                   0x08002eee   Section        0  dunder.o(i.__mathlib_dbl_infnan)
    i.__mathlib_dbl_underflow                0x08002ef4   Section        0  dunder.o(i.__mathlib_dbl_underflow)
    i.__scatterload_copy                     0x08002f04   Section       14  handlers.o(i.__scatterload_copy)
    i.__scatterload_null                     0x08002f12   Section        2  handlers.o(i.__scatterload_null)
    i.__scatterload_zeroinit                 0x08002f14   Section       14  handlers.o(i.__scatterload_zeroinit)
    i.atan                                   0x08002f24   Section        0  atan.o(i.atan)
    i.follow_task_init                       0x08003144   Section        0  main.o(i.follow_task_init)
    i.fuzzy                                  0x080032b0   Section        0  pid.o(i.fuzzy)
    i.main                                   0x080035f0   Section        0  main.o(i.main)
    i.main_follw_task                        0x08003788   Section        0  follow.o(i.main_follw_task)
    i.speed_pid                              0x0800386c   Section        0  pid.o(i.speed_pid)
    .constdata                               0x08003904   Section      588  pid.o(.constdata)
    fuzzyRuleKp                              0x08003904   Data         196  pid.o(.constdata)
    fuzzyRuleKi                              0x080039c8   Data         196  pid.o(.constdata)
    fuzzyRuleKd                              0x08003a8c   Data         196  pid.o(.constdata)
    .constdata                               0x08003b50   Section     3760  oled.o(.constdata)
    .constdata                               0x08004a00   Section       16  system_stm32f1xx_1.o(.constdata)
    .constdata                               0x08004a10   Section        8  system_stm32f1xx_1.o(.constdata)
    .constdata                               0x08004a18   Section      152  atan.o(.constdata)
    atanhi                                   0x08004a18   Data          32  atan.o(.constdata)
    atanlo                                   0x08004a38   Data          32  atan.o(.constdata)
    aTodd                                    0x08004a58   Data          40  atan.o(.constdata)
    aTeven                                   0x08004a80   Data          48  atan.o(.constdata)
    .data                                    0x20000000   Section        8  pid.o(.data)
    sumE                                     0x20000000   Data           4  pid.o(.data)
    lastE                                    0x20000004   Data           4  pid.o(.data)
    .data                                    0x20000008   Section       28  main.o(.data)
    .data                                    0x20000024   Section        4  main.o(.data)
    .data                                    0x20000028   Section        4  main.o(.data)
    .data                                    0x2000002c   Section        4  main.o(.data)
    .data                                    0x20000030   Section       12  stm32f1xx_hal.o(.data)
    .data                                    0x2000003c   Section        4  system_stm32f1xx_1.o(.data)
    .bss                                     0x20000040   Section       12  pid.o(.bss)
    pid                                      0x20000040   Data          12  pid.o(.bss)
    .bss                                     0x2000004c   Section       96  main.o(.bss)
    .bss                                     0x200000ac   Section      116  adc.o(.bss)
    .bss                                     0x20000120   Section       84  i2c.o(.bss)
    .bss                                     0x20000174   Section       72  tim.o(.bss)
    .bss                                     0x200001bc   Section       68  usart.o(.bss)
    STACK                                    0x20000200   Section     1024  startup_stm32f103xb.o(STACK)

    Global Symbols

    Symbol Name                              Value     Ov Type        Size  Object(Section)

    BuildAttributes$$THM_ISAv4$P$D$K$B$S$PE$A:L22UL41UL21$X:L11$S22US41US21$IEEE1$IW$USESV6$~STKCKD$USESV7$~SHL$OTIME$ROPI$IEEEX$EBA8$MICROLIB$REQ8$PRES8$EABIv2 0x00000000   Number         0  anon$$obj.o ABSOLUTE
    __ARM_use_no_argv                        0x00000000   Number         0  main.o ABSOLUTE
    __cpp_initialize__aeabi_                  - Undefined Weak Reference
    __cxa_finalize                            - Undefined Weak Reference
    __decompress                              - Undefined Weak Reference
    _clock_init                               - Undefined Weak Reference
    _microlib_exit                            - Undefined Weak Reference
    __Vectors_Size                           0x000000ec   Number         0  startup_stm32f103xb.o ABSOLUTE
    __Vectors                                0x08000000   Data           4  startup_stm32f103xb.o(RESET)
    __Vectors_End                            0x080000ec   Data           0  startup_stm32f103xb.o(RESET)
    __main                                   0x080000ed   Thumb Code     0  entry.o(.ARM.Collect$$$$00000000)
    _main_stk                                0x080000ed   Thumb Code     0  entry2.o(.ARM.Collect$$$$00000001)
    _main_scatterload                        0x080000f1   Thumb Code     0  entry5.o(.ARM.Collect$$$$00000004)
    __main_after_scatterload                 0x080000f5   Thumb Code     0  entry5.o(.ARM.Collect$$$$00000004)
    _main_clock                              0x080000f5   Thumb Code     0  entry7b.o(.ARM.Collect$$$$00000008)
    _main_cpp_init                           0x080000f5   Thumb Code     0  entry8b.o(.ARM.Collect$$$$0000000A)
    _main_init                               0x080000f5   Thumb Code     0  entry9a.o(.ARM.Collect$$$$0000000B)
    __rt_final_cpp                           0x080000fd   Thumb Code     0  entry10a.o(.ARM.Collect$$$$0000000D)
    __rt_final_exit                          0x080000fd   Thumb Code     0  entry11a.o(.ARM.Collect$$$$0000000F)
    Reset_Handler                            0x08000101   Thumb Code     8  startup_stm32f103xb.o(.text)
    ADC1_2_IRQHandler                        0x0800011b   Thumb Code     0  startup_stm32f103xb.o(.text)
    CAN1_RX1_IRQHandler                      0x0800011b   Thumb Code     0  startup_stm32f103xb.o(.text)
    CAN1_SCE_IRQHandler                      0x0800011b   Thumb Code     0  startup_stm32f103xb.o(.text)
    DMA1_Channel2_IRQHandler                 0x0800011b   Thumb Code     0  startup_stm32f103xb.o(.text)
    DMA1_Channel3_IRQHandler                 0x0800011b   Thumb Code     0  startup_stm32f103xb.o(.text)
    DMA1_Channel4_IRQHandler                 0x0800011b   Thumb Code     0  startup_stm32f103xb.o(.text)
    DMA1_Channel5_IRQHandler                 0x0800011b   Thumb Code     0  startup_stm32f103xb.o(.text)
    DMA1_Channel6_IRQHandler                 0x0800011b   Thumb Code     0  startup_stm32f103xb.o(.text)
    DMA1_Channel7_IRQHandler                 0x0800011b   Thumb Code     0  startup_stm32f103xb.o(.text)
    EXTI0_IRQHandler                         0x0800011b   Thumb Code     0  startup_stm32f103xb.o(.text)
    EXTI1_IRQHandler                         0x0800011b   Thumb Code     0  startup_stm32f103xb.o(.text)
    EXTI2_IRQHandler                         0x0800011b   Thumb Code     0  startup_stm32f103xb.o(.text)
    EXTI3_IRQHandler                         0x0800011b   Thumb Code     0  startup_stm32f103xb.o(.text)
    EXTI4_IRQHandler                         0x0800011b   Thumb Code     0  startup_stm32f103xb.o(.text)
    EXTI9_5_IRQHandler                       0x0800011b   Thumb Code     0  startup_stm32f103xb.o(.text)
    FLASH_IRQHandler                         0x0800011b   Thumb Code     0  startup_stm32f103xb.o(.text)
    I2C1_ER_IRQHandler                       0x0800011b   Thumb Code     0  startup_stm32f103xb.o(.text)
    I2C1_EV_IRQHandler                       0x0800011b   Thumb Code     0  startup_stm32f103xb.o(.text)
    I2C2_ER_IRQHandler                       0x0800011b   Thumb Code     0  startup_stm32f103xb.o(.text)
    I2C2_EV_IRQHandler                       0x0800011b   Thumb Code     0  startup_stm32f103xb.o(.text)
    PVD_IRQHandler                           0x0800011b   Thumb Code     0  startup_stm32f103xb.o(.text)
    RCC_IRQHandler                           0x0800011b   Thumb Code     0  startup_stm32f103xb.o(.text)
    RTC_Alarm_IRQHandler                     0x0800011b   Thumb Code     0  startup_stm32f103xb.o(.text)
    RTC_IRQHandler                           0x0800011b   Thumb Code     0  startup_stm32f103xb.o(.text)
    SPI1_IRQHandler                          0x0800011b   Thumb Code     0  startup_stm32f103xb.o(.text)
    SPI2_IRQHandler                          0x0800011b   Thumb Code     0  startup_stm32f103xb.o(.text)
    TAMPER_IRQHandler                        0x0800011b   Thumb Code     0  startup_stm32f103xb.o(.text)
    TIM1_BRK_IRQHandler                      0x0800011b   Thumb Code     0  startup_stm32f103xb.o(.text)
    TIM1_CC_IRQHandler                       0x0800011b   Thumb Code     0  startup_stm32f103xb.o(.text)
    TIM1_TRG_COM_IRQHandler                  0x0800011b   Thumb Code     0  startup_stm32f103xb.o(.text)
    TIM1_UP_IRQHandler                       0x0800011b   Thumb Code     0  startup_stm32f103xb.o(.text)
    TIM2_IRQHandler                          0x0800011b   Thumb Code     0  startup_stm32f103xb.o(.text)
    TIM3_IRQHandler                          0x0800011b   Thumb Code     0  startup_stm32f103xb.o(.text)
    TIM4_IRQHandler                          0x0800011b   Thumb Code     0  startup_stm32f103xb.o(.text)
    USART1_IRQHandler                        0x0800011b   Thumb Code     0  startup_stm32f103xb.o(.text)
    USART2_IRQHandler                        0x0800011b   Thumb Code     0  startup_stm32f103xb.o(.text)
    USART3_IRQHandler                        0x0800011b   Thumb Code     0  startup_stm32f103xb.o(.text)
    USBWakeUp_IRQHandler                     0x0800011b   Thumb Code     0  startup_stm32f103xb.o(.text)
    USB_HP_CAN1_TX_IRQHandler                0x0800011b   Thumb Code     0  startup_stm32f103xb.o(.text)
    USB_LP_CAN1_RX0_IRQHandler               0x0800011b   Thumb Code     0  startup_stm32f103xb.o(.text)
    WWDG_IRQHandler                          0x0800011b   Thumb Code     0  startup_stm32f103xb.o(.text)
    __aeabi_llsr                             0x08000125   Thumb Code    32  llushr.o(.text)
    _ll_ushift_r                             0x08000125   Thumb Code     0  llushr.o(.text)
    __aeabi_memset                           0x08000145   Thumb Code    14  memseta.o(.text)
    __aeabi_memset4                          0x08000145   Thumb Code     0  memseta.o(.text)
    __aeabi_memset8                          0x08000145   Thumb Code     0  memseta.o(.text)
    __aeabi_memclr                           0x08000153   Thumb Code     4  memseta.o(.text)
    __aeabi_memclr4                          0x08000153   Thumb Code     0  memseta.o(.text)
    __aeabi_memclr8                          0x08000153   Thumb Code     0  memseta.o(.text)
    _memset$wrapper                          0x08000157   Thumb Code    18  memseta.o(.text)
    __aeabi_fadd                             0x08000169   Thumb Code   164  fadd.o(.text)
    __aeabi_fsub                             0x0800020d   Thumb Code     6  fadd.o(.text)
    __aeabi_frsub                            0x08000213   Thumb Code     6  fadd.o(.text)
    __aeabi_fmul                             0x08000219   Thumb Code   100  fmul.o(.text)
    __aeabi_fdiv                             0x0800027d   Thumb Code   124  fdiv.o(.text)
    __ARM_scalbnf                            0x080002f9   Thumb Code    24  fscalb.o(.text)
    scalbnf                                  0x080002f9   Thumb Code     0  fscalb.o(.text)
    __aeabi_dadd                             0x08000311   Thumb Code   322  dadd.o(.text)
    __aeabi_dsub                             0x08000453   Thumb Code     6  dadd.o(.text)
    __aeabi_drsub                            0x08000459   Thumb Code     6  dadd.o(.text)
    __aeabi_dmul                             0x0800045f   Thumb Code   228  dmul.o(.text)
    __aeabi_ddiv                             0x08000543   Thumb Code   222  ddiv.o(.text)
    __aeabi_i2f                              0x08000621   Thumb Code    18  fflti.o(.text)
    __aeabi_ui2f                             0x08000633   Thumb Code    10  ffltui.o(.text)
    __aeabi_i2d                              0x0800063d   Thumb Code    34  dflti.o(.text)
    __aeabi_f2iz                             0x0800065f   Thumb Code    50  ffixi.o(.text)
    __aeabi_f2uiz                            0x08000691   Thumb Code    40  ffixui.o(.text)
    __aeabi_d2iz                             0x080006b9   Thumb Code    62  dfixi.o(.text)
    __aeabi_f2d                              0x080006f7   Thumb Code    38  f2d.o(.text)
    __aeabi_d2f                              0x0800071d   Thumb Code    56  d2f.o(.text)
    __aeabi_llsl                             0x08000755   Thumb Code    30  llshl.o(.text)
    _ll_shift_l                              0x08000755   Thumb Code     0  llshl.o(.text)
    __aeabi_lasr                             0x08000773   Thumb Code    36  llsshr.o(.text)
    _ll_sshift_r                             0x08000773   Thumb Code     0  llsshr.o(.text)
    __I$use$fp                               0x08000797   Thumb Code     0  iusefp.o(.text)
    _float_round                             0x08000797   Thumb Code    18  fepilogue.o(.text)
    _float_epilogue                          0x080007a9   Thumb Code    92  fepilogue.o(.text)
    _double_round                            0x08000805   Thumb Code    30  depilogue.o(.text)
    _double_epilogue                         0x08000823   Thumb Code   156  depilogue.o(.text)
    __ARM_scalbn                             0x080008bf   Thumb Code    46  dscalb.o(.text)
    scalbn                                   0x080008bf   Thumb Code     0  dscalb.o(.text)
    __scatterload                            0x080008ed   Thumb Code    28  init.o(.text)
    __scatterload_rt2                        0x080008ed   Thumb Code     0  init.o(.text)
    ADC_ConversionStop_Disable               0x08000911   Thumb Code    84  stm32f1xx_hal_adc.o(i.ADC_ConversionStop_Disable)
    ADC_DMAConvCplt                          0x08000965   Thumb Code    78  stm32f1xx_hal_adc.o(i.ADC_DMAConvCplt)
    ADC_DMAError                             0x080009b3   Thumb Code    26  stm32f1xx_hal_adc.o(i.ADC_DMAError)
    ADC_DMAHalfConvCplt                      0x080009cd   Thumb Code    10  stm32f1xx_hal_adc.o(i.ADC_DMAHalfConvCplt)
    ADC_Enable                               0x080009d9   Thumb Code   112  stm32f1xx_hal_adc.o(i.ADC_Enable)
    BusFault_Handler                         0x08000a51   Thumb Code     2  stm32f1xx_it.o(i.BusFault_Handler)
    Coordinate_Conversion                    0x08000a55   Thumb Code    30  scan_red.o(i.Coordinate_Conversion)
    Cross_negative_feedback                  0x08000a85   Thumb Code    48  scan_red.o(i.Cross_negative_feedback)
    DMA1_Channel1_IRQHandler                 0x08000abd   Thumb Code     6  stm32f1xx_it.o(i.DMA1_Channel1_IRQHandler)
    DebugMon_Handler                         0x08000af3   Thumb Code     2  stm32f1xx_it.o(i.DebugMon_Handler)
    EXTI15_10_IRQHandler                     0x08000af5   Thumb Code     8  stm32f1xx_it.o(i.EXTI15_10_IRQHandler)
    Error_Handler                            0x08000afd   Thumb Code     4  main.o(i.Error_Handler)
    GO_Power_Set                             0x08000b01   Thumb Code    56  moto.o(i.GO_Power_Set)
    HAL_ADC_ConfigChannel                    0x08000b41   Thumb Code   240  stm32f1xx_hal_adc.o(i.HAL_ADC_ConfigChannel)
    HAL_ADC_ConvCpltCallback                 0x08000c3d   Thumb Code     2  stm32f1xx_hal_adc.o(i.HAL_ADC_ConvCpltCallback)
    HAL_ADC_ConvHalfCpltCallback             0x08000c3f   Thumb Code     2  stm32f1xx_hal_adc.o(i.HAL_ADC_ConvHalfCpltCallback)
    HAL_ADC_ErrorCallback                    0x08000c41   Thumb Code     2  stm32f1xx_hal_adc.o(i.HAL_ADC_ErrorCallback)
    HAL_ADC_Init                             0x08000c45   Thumb Code   270  stm32f1xx_hal_adc.o(i.HAL_ADC_Init)
    HAL_ADC_MspInit                          0x08000d61   Thumb Code   148  adc.o(i.HAL_ADC_MspInit)
    HAL_ADC_Start_DMA                        0x08000e0d   Thumb Code   246  stm32f1xx_hal_adc.o(i.HAL_ADC_Start_DMA)
    HAL_DMA_IRQHandler                       0x08000f19   Thumb Code   320  stm32f1xx_hal_dma.o(i.HAL_DMA_IRQHandler)
    HAL_DMA_Init                             0x08001071   Thumb Code    84  stm32f1xx_hal_dma.o(i.HAL_DMA_Init)
    HAL_DMA_Start_IT                         0x080010cd   Thumb Code   112  stm32f1xx_hal_dma.o(i.HAL_DMA_Start_IT)
    HAL_Delay                                0x0800113d   Thumb Code    32  stm32f1xx_hal.o(i.HAL_Delay)
    HAL_GPIO_EXTI_Callback                   0x08001161   Thumb Code    50  stm32f1xx_it.o(i.HAL_GPIO_EXTI_Callback)
    HAL_GPIO_EXTI_IRQHandler                 0x080011a5   Thumb Code    18  stm32f1xx_hal_gpio.o(i.HAL_GPIO_EXTI_IRQHandler)
    HAL_GPIO_Init                            0x080011bd   Thumb Code   426  stm32f1xx_hal_gpio.o(i.HAL_GPIO_Init)
    HAL_GPIO_ReadPin                         0x08001389   Thumb Code    10  stm32f1xx_hal_gpio.o(i.HAL_GPIO_ReadPin)
    HAL_GetTick                              0x08001395   Thumb Code     6  stm32f1xx_hal.o(i.HAL_GetTick)
    HAL_I2C_Init                             0x080013a1   Thumb Code   376  stm32f1xx_hal_i2c.o(i.HAL_I2C_Init)
    HAL_I2C_Mem_Write                        0x08001529   Thumb Code   294  stm32f1xx_hal_i2c.o(i.HAL_I2C_Mem_Write)
    HAL_I2C_MspInit                          0x08001659   Thumb Code    80  i2c.o(i.HAL_I2C_MspInit)
    HAL_IncTick                              0x080016b5   Thumb Code    12  stm32f1xx_hal.o(i.HAL_IncTick)
    HAL_Init                                 0x080016c5   Thumb Code    32  stm32f1xx_hal.o(i.HAL_Init)
    HAL_InitTick                             0x080016e9   Thumb Code    54  stm32f1xx_hal.o(i.HAL_InitTick)
    HAL_MspInit                              0x08001729   Thumb Code    52  stm32f1xx_hal_msp.o(i.HAL_MspInit)
    HAL_NVIC_EnableIRQ                       0x08001765   Thumb Code    26  stm32f1xx_hal_cortex.o(i.HAL_NVIC_EnableIRQ)
    HAL_NVIC_SetPriority                     0x08001781   Thumb Code    60  stm32f1xx_hal_cortex.o(i.HAL_NVIC_SetPriority)
    HAL_NVIC_SetPriorityGrouping             0x080017c1   Thumb Code    26  stm32f1xx_hal_cortex.o(i.HAL_NVIC_SetPriorityGrouping)
    HAL_RCCEx_PeriphCLKConfig                0x080017e5   Thumb Code   220  stm32f1xx_hal_rcc_ex.o(i.HAL_RCCEx_PeriphCLKConfig)
    HAL_RCC_ClockConfig                      0x080018cd   Thumb Code   292  stm32f1xx_hal_rcc.o(i.HAL_RCC_ClockConfig)
    HAL_RCC_GetPCLK1Freq                     0x08001a05   Thumb Code    20  stm32f1xx_hal_rcc.o(i.HAL_RCC_GetPCLK1Freq)
    HAL_RCC_GetPCLK2Freq                     0x08001a25   Thumb Code    20  stm32f1xx_hal_rcc.o(i.HAL_RCC_GetPCLK2Freq)
    HAL_RCC_GetSysClockFreq                  0x08001a45   Thumb Code    74  stm32f1xx_hal_rcc.o(i.HAL_RCC_GetSysClockFreq)
    HAL_RCC_OscConfig                        0x08001ab1   Thumb Code   770  stm32f1xx_hal_rcc.o(i.HAL_RCC_OscConfig)
    HAL_SYSTICK_Config                       0x08001dc9   Thumb Code    40  stm32f1xx_hal_cortex.o(i.HAL_SYSTICK_Config)
    HAL_TIMEx_MasterConfigSynchronization    0x08001df1   Thumb Code    92  stm32f1xx_hal_tim_ex.o(i.HAL_TIMEx_MasterConfigSynchronization)
    HAL_TIM_Base_Init                        0x08001e59   Thumb Code    90  stm32f1xx_hal_tim.o(i.HAL_TIM_Base_Init)
    HAL_TIM_Base_MspInit                     0x08001eb5   Thumb Code    30  tim.o(i.HAL_TIM_Base_MspInit)
    HAL_TIM_ConfigClockSource                0x08001ed9   Thumb Code   214  stm32f1xx_hal_tim.o(i.HAL_TIM_ConfigClockSource)
    HAL_TIM_MspPostInit                      0x08001fb1   Thumb Code    62  tim.o(i.HAL_TIM_MspPostInit)
    HAL_TIM_PWM_ConfigChannel                0x08001ff9   Thumb Code   198  stm32f1xx_hal_tim.o(i.HAL_TIM_PWM_ConfigChannel)
    HAL_TIM_PWM_Init                         0x080020bf   Thumb Code    90  stm32f1xx_hal_tim.o(i.HAL_TIM_PWM_Init)
    HAL_TIM_PWM_MspInit                      0x08002119   Thumb Code     2  stm32f1xx_hal_tim.o(i.HAL_TIM_PWM_MspInit)
    HAL_TIM_PWM_Start                        0x0800211d   Thumb Code   148  stm32f1xx_hal_tim.o(i.HAL_TIM_PWM_Start)
    HAL_UART_Init                            0x080021bd   Thumb Code    98  stm32f1xx_hal_uart.o(i.HAL_UART_Init)
    HAL_UART_MspInit                         0x08002221   Thumb Code   100  usart.o(i.HAL_UART_MspInit)
    HardFault_Handler                        0x08002291   Thumb Code     2  stm32f1xx_it.o(i.HardFault_Handler)
    KalmanFilter                             0x08002501   Thumb Code    88  kalman.o(i.KalmanFilter)
    Kalman_Init                              0x08002559   Thumb Code    44  kalman.o(i.Kalman_Init)
    MX_ADC1_Init                             0x08002585   Thumb Code   116  adc.o(i.MX_ADC1_Init)
    MX_DMA_Init                              0x08002601   Thumb Code    40  dma.o(i.MX_DMA_Init)
    MX_GPIO_Init                             0x0800262d   Thumb Code   118  gpio.o(i.MX_GPIO_Init)
    MX_I2C1_Init                             0x080026b1   Thumb Code    50  i2c.o(i.MX_I2C1_Init)
    MX_TIM2_Init                             0x080026f1   Thumb Code   198  tim.o(i.MX_TIM2_Init)
    MX_USART1_UART_Init                      0x080027bd   Thumb Code    48  usart.o(i.MX_USART1_UART_Init)
    MemManage_Handler                        0x080027f5   Thumb Code     2  stm32f1xx_it.o(i.MemManage_Handler)
    NMI_Handler                              0x080027f7   Thumb Code     2  stm32f1xx_it.o(i.NMI_Handler)
    OLED_Clear                               0x080027f9   Thumb Code    38  oled.o(i.OLED_Clear)
    OLED_Init                                0x0800281f   Thumb Code   154  oled.o(i.OLED_Init)
    OLED_Pow                                 0x080028b9   Thumb Code    14  oled.o(i.OLED_Pow)
    OLED_SetCursor                           0x080028c7   Thumb Code    34  oled.o(i.OLED_SetCursor)
    OLED_ShowChar                            0x080028e9   Thumb Code    98  oled.o(i.OLED_ShowChar)
    OLED_ShowNum                             0x08002951   Thumb Code    66  oled.o(i.OLED_ShowNum)
    OLED_ShowString                          0x08002993   Thumb Code    38  oled.o(i.OLED_ShowString)
    OLED_WriteCommand                        0x080029b9   Thumb Code    30  oled.o(i.OLED_WriteCommand)
    OLED_WriteData                           0x080029dd   Thumb Code    30  oled.o(i.OLED_WriteData)
    PWM_OUT_Init                             0x08002a01   Thumb Code    38  moto.o(i.PWM_OUT_Init)
    PWM_SETDUTY                              0x08002a2d   Thumb Code    48  moto.o(i.PWM_SETDUTY)
    PendSV_Handler                           0x08002a61   Thumb Code     2  stm32f1xx_it.o(i.PendSV_Handler)
    SVC_Handler                              0x08002a63   Thumb Code     2  stm32f1xx_it.o(i.SVC_Handler)
    SysTick_Handler                          0x08002a65   Thumb Code     4  stm32f1xx_it.o(i.SysTick_Handler)
    SystemClock_Config                       0x08002a69   Thumb Code   122  main.o(i.SystemClock_Config)
    SystemInit                               0x08002ae3   Thumb Code     2  system_stm32f1xx_1.o(i.SystemInit)
    TIM_Base_SetConfig                       0x08002ae5   Thumb Code    94  stm32f1xx_hal_tim.o(i.TIM_Base_SetConfig)
    TIM_CCxChannelCmd                        0x08002b51   Thumb Code    26  stm32f1xx_hal_tim.o(i.TIM_CCxChannelCmd)
    TIM_ETR_SetConfig                        0x08002b6b   Thumb Code    20  stm32f1xx_hal_tim.o(i.TIM_ETR_SetConfig)
    TIM_OC2_SetConfig                        0x08002be9   Thumb Code    86  stm32f1xx_hal_tim.o(i.TIM_OC2_SetConfig)
    UsageFault_Handler                       0x08002de1   Thumb Code     2  stm32f1xx_it.o(i.UsageFault_Handler)
    UserKalFil                               0x08002de3   Thumb Code    26  kalman.o(i.UserKalFil)
    __ARM_fpclassify                         0x08002dfd   Thumb Code    40  fpclassify.o(i.__ARM_fpclassify)
    __kernel_poly                            0x08002e45   Thumb Code   170  poly.o(i.__kernel_poly)
    __mathlib_dbl_infnan                     0x08002eef   Thumb Code     6  dunder.o(i.__mathlib_dbl_infnan)
    __mathlib_dbl_underflow                  0x08002ef5   Thumb Code    10  dunder.o(i.__mathlib_dbl_underflow)
    __scatterload_copy                       0x08002f05   Thumb Code    14  handlers.o(i.__scatterload_copy)
    __scatterload_null                       0x08002f13   Thumb Code     2  handlers.o(i.__scatterload_null)
    __scatterload_zeroinit                   0x08002f15   Thumb Code    14  handlers.o(i.__scatterload_zeroinit)
    atan                                     0x08002f25   Thumb Code   474  atan.o(i.atan)
    follow_task_init                         0x08003145   Thumb Code   306  main.o(i.follow_task_init)
    fuzzy                                    0x080032b1   Thumb Code   796  pid.o(i.fuzzy)
    main                                     0x080035f1   Thumb Code   364  main.o(i.main)
    main_follw_task                          0x08003789   Thumb Code   176  follow.o(i.main_follw_task)
    speed_pid                                0x0800386d   Thumb Code   144  pid.o(i.speed_pid)
    OLED_F8x16                               0x08003b50   Data        1520  oled.o(.constdata)
    GBK                                      0x08004140   Data         192  oled.o(.constdata)
    Picture                                  0x08004200   Data        2048  oled.o(.constdata)
    AHBPrescTable                            0x08004a00   Data          16  system_stm32f1xx_1.o(.constdata)
    APBPrescTable                            0x08004a10   Data           8  system_stm32f1xx_1.o(.constdata)
    Region$$Table$$Base                      0x08004ab0   Number         0  anon$$obj.o(Region$$Table)
    Region$$Table$$Limit                     0x08004ad0   Number         0  anon$$obj.o(Region$$Table)
    Mode_mark                                0x20000008   Data           1  main.o(.data)
    ADC                                      0x2000000a   Data           6  main.o(.data)
    ADCData                                  0x20000010   Data           6  main.o(.data)
    ADCRelay                                 0x20000016   Data           6  main.o(.data)
    POWER_PP                                 0x2000001c   Data           8  main.o(.data)
    L2R_Difference                           0x20000024   Data           4  main.o(.data)
    PID_POWER                                0x20000028   Data           4  main.o(.data)
    Adjust                                   0x2000002c   Data           4  main.o(.data)
    uwTickFreq                               0x20000030   Data           1  stm32f1xx_hal.o(.data)
    uwTickPrio                               0x20000034   Data           4  stm32f1xx_hal.o(.data)
    uwTick                                   0x20000038   Data           4  stm32f1xx_hal.o(.data)
    SystemCoreClock                          0x2000003c   Data           4  system_stm32f1xx_1.o(.data)
    KalRT                                    0x2000004c   Data          24  main.o(.bss)
    KalRR                                    0x20000064   Data          24  main.o(.bss)
    KalMM                                    0x2000007c   Data          24  main.o(.bss)
    KalLL                                    0x20000094   Data          24  main.o(.bss)
    hadc1                                    0x200000ac   Data          48  adc.o(.bss)
    hdma_adc1                                0x200000dc   Data          68  adc.o(.bss)
    hi2c1                                    0x20000120   Data          84  i2c.o(.bss)
    htim2                                    0x20000174   Data          72  tim.o(.bss)
    huart1                                   0x200001bc   Data          68  usart.o(.bss)
    __initial_sp                             0x20000600   Data           0  startup_stm32f103xb.o(STACK)



==============================================================================

Memory Map of the image

  Image Entry point : 0x080000ed

  Load Region LR_IROM1 (Base: 0x08000000, Size: 0x00004b10, Max: 0x00010000, ABSOLUTE)

    Execution Region ER_IROM1 (Exec base: 0x08000000, Load base: 0x08000000, Size: 0x00004ad0, Max: 0x00010000, ABSOLUTE)

    Exec Addr    Load Addr    Size         Type   Attr      Idx    E Section Name        Object

    0x08000000   0x08000000   0x000000ec   Data   RO            3    RESET               startup_stm32f103xb.o
    0x080000ec   0x080000ec   0x00000000   Code   RO         3929  * .ARM.Collect$$$$00000000  mc_w.l(entry.o)
    0x080000ec   0x080000ec   0x00000004   Code   RO         3984    .ARM.Collect$$$$00000001  mc_w.l(entry2.o)
    0x080000f0   0x080000f0   0x00000004   Code   RO         3987    .ARM.Collect$$$$00000004  mc_w.l(entry5.o)
    0x080000f4   0x080000f4   0x00000000   Code   RO         3989    .ARM.Collect$$$$00000008  mc_w.l(entry7b.o)
    0x080000f4   0x080000f4   0x00000000   Code   RO         3991    .ARM.Collect$$$$0000000A  mc_w.l(entry8b.o)
    0x080000f4   0x080000f4   0x00000008   Code   RO         3992    .ARM.Collect$$$$0000000B  mc_w.l(entry9a.o)
    0x080000fc   0x080000fc   0x00000000   Code   RO         3994    .ARM.Collect$$$$0000000D  mc_w.l(entry10a.o)
    0x080000fc   0x080000fc   0x00000000   Code   RO         3996    .ARM.Collect$$$$0000000F  mc_w.l(entry11a.o)
    0x080000fc   0x080000fc   0x00000004   Code   RO         3985    .ARM.Collect$$$$00002712  mc_w.l(entry2.o)
    0x08000100   0x08000100   0x00000024   Code   RO            4    .text               startup_stm32f103xb.o
    0x08000124   0x08000124   0x00000020   Code   RO         3932    .text               mc_w.l(llushr.o)
    0x08000144   0x08000144   0x00000024   Code   RO         3934    .text               mc_w.l(memseta.o)
    0x08000168   0x08000168   0x000000b0   Code   RO         3936    .text               mf_w.l(fadd.o)
    0x08000218   0x08000218   0x00000064   Code   RO         3938    .text               mf_w.l(fmul.o)
    0x0800027c   0x0800027c   0x0000007c   Code   RO         3940    .text               mf_w.l(fdiv.o)
    0x080002f8   0x080002f8   0x00000018   Code   RO         3942    .text               mf_w.l(fscalb.o)
    0x08000310   0x08000310   0x0000014e   Code   RO         3944    .text               mf_w.l(dadd.o)
    0x0800045e   0x0800045e   0x000000e4   Code   RO         3946    .text               mf_w.l(dmul.o)
    0x08000542   0x08000542   0x000000de   Code   RO         3948    .text               mf_w.l(ddiv.o)
    0x08000620   0x08000620   0x00000012   Code   RO         3950    .text               mf_w.l(fflti.o)
    0x08000632   0x08000632   0x0000000a   Code   RO         3952    .text               mf_w.l(ffltui.o)
    0x0800063c   0x0800063c   0x00000022   Code   RO         3954    .text               mf_w.l(dflti.o)
    0x0800065e   0x0800065e   0x00000032   Code   RO         3956    .text               mf_w.l(ffixi.o)
    0x08000690   0x08000690   0x00000028   Code   RO         3958    .text               mf_w.l(ffixui.o)
    0x080006b8   0x080006b8   0x0000003e   Code   RO         3960    .text               mf_w.l(dfixi.o)
    0x080006f6   0x080006f6   0x00000026   Code   RO         3962    .text               mf_w.l(f2d.o)
    0x0800071c   0x0800071c   0x00000038   Code   RO         3964    .text               mf_w.l(d2f.o)
    0x08000754   0x08000754   0x0000001e   Code   RO         3998    .text               mc_w.l(llshl.o)
    0x08000772   0x08000772   0x00000024   Code   RO         4000    .text               mc_w.l(llsshr.o)
    0x08000796   0x08000796   0x00000000   Code   RO         4002    .text               mc_w.l(iusefp.o)
    0x08000796   0x08000796   0x0000006e   Code   RO         4003    .text               mf_w.l(fepilogue.o)
    0x08000804   0x08000804   0x000000ba   Code   RO         4005    .text               mf_w.l(depilogue.o)
    0x080008be   0x080008be   0x0000002e   Code   RO         4007    .text               mf_w.l(dscalb.o)
    0x080008ec   0x080008ec   0x00000024   Code   RO         4009    .text               mc_w.l(init.o)
    0x08000910   0x08000910   0x00000054   Code   RO          871    i.ADC_ConversionStop_Disable  stm32f1xx_hal_adc.o
    0x08000964   0x08000964   0x0000004e   Code   RO          872    i.ADC_DMAConvCplt   stm32f1xx_hal_adc.o
    0x080009b2   0x080009b2   0x0000001a   Code   RO          873    i.ADC_DMAError      stm32f1xx_hal_adc.o
    0x080009cc   0x080009cc   0x0000000a   Code   RO          874    i.ADC_DMAHalfConvCplt  stm32f1xx_hal_adc.o
    0x080009d6   0x080009d6   0x00000002   PAD
    0x080009d8   0x080009d8   0x00000078   Code   RO          875    i.ADC_Enable        stm32f1xx_hal_adc.o
    0x08000a50   0x08000a50   0x00000002   Code   RO          692    i.BusFault_Handler  stm32f1xx_it.o
    0x08000a52   0x08000a52   0x00000002   PAD
    0x08000a54   0x08000a54   0x00000030   Code   RO          378    i.Coordinate_Conversion  scan_red.o
    0x08000a84   0x08000a84   0x00000038   Code   RO          379    i.Cross_negative_feedback  scan_red.o
    0x08000abc   0x08000abc   0x0000000c   Code   RO          693    i.DMA1_Channel1_IRQHandler  stm32f1xx_it.o
    0x08000ac8   0x08000ac8   0x0000002a   Code   RO         1525    i.DMA_SetConfig     stm32f1xx_hal_dma.o
    0x08000af2   0x08000af2   0x00000002   Code   RO          694    i.DebugMon_Handler  stm32f1xx_it.o
    0x08000af4   0x08000af4   0x00000008   Code   RO          695    i.EXTI15_10_IRQHandler  stm32f1xx_it.o
    0x08000afc   0x08000afc   0x00000004   Code   RO          412    i.Error_Handler     main.o
    0x08000b00   0x08000b00   0x00000040   Code   RO          192    i.GO_Power_Set      moto.o
    0x08000b40   0x08000b40   0x000000fc   Code   RO          877    i.HAL_ADC_ConfigChannel  stm32f1xx_hal_adc.o
    0x08000c3c   0x08000c3c   0x00000002   Code   RO          878    i.HAL_ADC_ConvCpltCallback  stm32f1xx_hal_adc.o
    0x08000c3e   0x08000c3e   0x00000002   Code   RO          879    i.HAL_ADC_ConvHalfCpltCallback  stm32f1xx_hal_adc.o
    0x08000c40   0x08000c40   0x00000002   Code   RO          881    i.HAL_ADC_ErrorCallback  stm32f1xx_hal_adc.o
    0x08000c42   0x08000c42   0x00000002   PAD
    0x08000c44   0x08000c44   0x0000011c   Code   RO          886    i.HAL_ADC_Init      stm32f1xx_hal_adc.o
    0x08000d60   0x08000d60   0x000000ac   Code   RO          495    i.HAL_ADC_MspInit   adc.o
    0x08000e0c   0x08000e0c   0x0000010c   Code   RO          893    i.HAL_ADC_Start_DMA  stm32f1xx_hal_adc.o
    0x08000f18   0x08000f18   0x00000158   Code   RO         1531    i.HAL_DMA_IRQHandler  stm32f1xx_hal_dma.o
    0x08001070   0x08001070   0x0000005c   Code   RO         1532    i.HAL_DMA_Init      stm32f1xx_hal_dma.o
    0x080010cc   0x080010cc   0x00000070   Code   RO         1536    i.HAL_DMA_Start_IT  stm32f1xx_hal_dma.o
    0x0800113c   0x0800113c   0x00000024   Code   RO         1154    i.HAL_Delay         stm32f1xx_hal.o
    0x08001160   0x08001160   0x00000044   Code   RO          696    i.HAL_GPIO_EXTI_Callback  stm32f1xx_it.o
    0x080011a4   0x080011a4   0x00000018   Code   RO         1461    i.HAL_GPIO_EXTI_IRQHandler  stm32f1xx_hal_gpio.o
    0x080011bc   0x080011bc   0x000001cc   Code   RO         1462    i.HAL_GPIO_Init     stm32f1xx_hal_gpio.o
    0x08001388   0x08001388   0x0000000a   Code   RO         1464    i.HAL_GPIO_ReadPin  stm32f1xx_hal_gpio.o
    0x08001392   0x08001392   0x00000002   PAD
    0x08001394   0x08001394   0x0000000c   Code   RO         1158    i.HAL_GetTick       stm32f1xx_hal.o
    0x080013a0   0x080013a0   0x00000188   Code   RO         2133    i.HAL_I2C_Init      stm32f1xx_hal_i2c.o
    0x08001528   0x08001528   0x00000130   Code   RO         2154    i.HAL_I2C_Mem_Write  stm32f1xx_hal_i2c.o
    0x08001658   0x08001658   0x0000005c   Code   RO          561    i.HAL_I2C_MspInit   i2c.o
    0x080016b4   0x080016b4   0x00000010   Code   RO         1164    i.HAL_IncTick       stm32f1xx_hal.o
    0x080016c4   0x080016c4   0x00000024   Code   RO         1165    i.HAL_Init          stm32f1xx_hal.o
    0x080016e8   0x080016e8   0x00000040   Code   RO         1166    i.HAL_InitTick      stm32f1xx_hal.o
    0x08001728   0x08001728   0x0000003c   Code   RO          786    i.HAL_MspInit       stm32f1xx_hal_msp.o
    0x08001764   0x08001764   0x0000001a   Code   RO         1622    i.HAL_NVIC_EnableIRQ  stm32f1xx_hal_cortex.o
    0x0800177e   0x0800177e   0x00000002   PAD
    0x08001780   0x08001780   0x00000040   Code   RO         1628    i.HAL_NVIC_SetPriority  stm32f1xx_hal_cortex.o
    0x080017c0   0x080017c0   0x00000024   Code   RO         1629    i.HAL_NVIC_SetPriorityGrouping  stm32f1xx_hal_cortex.o
    0x080017e4   0x080017e4   0x000000e8   Code   RO         1425    i.HAL_RCCEx_PeriphCLKConfig  stm32f1xx_hal_rcc_ex.o
    0x080018cc   0x080018cc   0x00000138   Code   RO         1322    i.HAL_RCC_ClockConfig  stm32f1xx_hal_rcc.o
    0x08001a04   0x08001a04   0x00000020   Code   RO         1329    i.HAL_RCC_GetPCLK1Freq  stm32f1xx_hal_rcc.o
    0x08001a24   0x08001a24   0x00000020   Code   RO         1330    i.HAL_RCC_GetPCLK2Freq  stm32f1xx_hal_rcc.o
    0x08001a44   0x08001a44   0x0000006c   Code   RO         1331    i.HAL_RCC_GetSysClockFreq  stm32f1xx_hal_rcc.o
    0x08001ab0   0x08001ab0   0x00000318   Code   RO         1334    i.HAL_RCC_OscConfig  stm32f1xx_hal_rcc.o
    0x08001dc8   0x08001dc8   0x00000028   Code   RO         1633    i.HAL_SYSTICK_Config  stm32f1xx_hal_cortex.o
    0x08001df0   0x08001df0   0x00000068   Code   RO         3279    i.HAL_TIMEx_MasterConfigSynchronization  stm32f1xx_hal_tim_ex.o
    0x08001e58   0x08001e58   0x0000005a   Code   RO         2556    i.HAL_TIM_Base_Init  stm32f1xx_hal_tim.o
    0x08001eb2   0x08001eb2   0x00000002   PAD
    0x08001eb4   0x08001eb4   0x00000024   Code   RO          603    i.HAL_TIM_Base_MspInit  tim.o
    0x08001ed8   0x08001ed8   0x000000d6   Code   RO         2565    i.HAL_TIM_ConfigClockSource  stm32f1xx_hal_tim.o
    0x08001fae   0x08001fae   0x00000002   PAD
    0x08001fb0   0x08001fb0   0x00000048   Code   RO          604    i.HAL_TIM_MspPostInit  tim.o
    0x08001ff8   0x08001ff8   0x000000c6   Code   RO         2628    i.HAL_TIM_PWM_ConfigChannel  stm32f1xx_hal_tim.o
    0x080020be   0x080020be   0x0000005a   Code   RO         2631    i.HAL_TIM_PWM_Init  stm32f1xx_hal_tim.o
    0x08002118   0x08002118   0x00000002   Code   RO         2633    i.HAL_TIM_PWM_MspInit  stm32f1xx_hal_tim.o
    0x0800211a   0x0800211a   0x00000002   PAD
    0x0800211c   0x0800211c   0x000000a0   Code   RO         2636    i.HAL_TIM_PWM_Start  stm32f1xx_hal_tim.o
    0x080021bc   0x080021bc   0x00000062   Code   RO         3556    i.HAL_UART_Init     stm32f1xx_hal_uart.o
    0x0800221e   0x0800221e   0x00000002   PAD
    0x08002220   0x08002220   0x00000070   Code   RO          651    i.HAL_UART_MspInit  usart.o
    0x08002290   0x08002290   0x00000002   Code   RO          697    i.HardFault_Handler  stm32f1xx_it.o
    0x08002292   0x08002292   0x0000002e   Code   RO         2175    i.I2C_IsAcknowledgeFailed  stm32f1xx_hal_i2c.o
    0x080022c0   0x080022c0   0x000000a8   Code   RO         2186    i.I2C_RequestMemoryWrite  stm32f1xx_hal_i2c.o
    0x08002368   0x08002368   0x0000004c   Code   RO         2190    i.I2C_WaitOnBTFFlagUntilTimeout  stm32f1xx_hal_i2c.o
    0x080023b4   0x080023b4   0x00000068   Code   RO         2191    i.I2C_WaitOnFlagUntilTimeout  stm32f1xx_hal_i2c.o
    0x0800241c   0x0800241c   0x00000098   Code   RO         2192    i.I2C_WaitOnMasterAddressFlagUntilTimeout  stm32f1xx_hal_i2c.o
    0x080024b4   0x080024b4   0x0000004c   Code   RO         2194    i.I2C_WaitOnTXEFlagUntilTimeout  stm32f1xx_hal_i2c.o
    0x08002500   0x08002500   0x00000058   Code   RO           13    i.KalmanFilter      kalman.o
    0x08002558   0x08002558   0x0000002c   Code   RO           14    i.Kalman_Init       kalman.o
    0x08002584   0x08002584   0x0000007c   Code   RO          496    i.MX_ADC1_Init      adc.o
    0x08002600   0x08002600   0x0000002c   Code   RO          536    i.MX_DMA_Init       dma.o
    0x0800262c   0x0800262c   0x00000084   Code   RO          470    i.MX_GPIO_Init      gpio.o
    0x080026b0   0x080026b0   0x00000040   Code   RO          562    i.MX_I2C1_Init      i2c.o
    0x080026f0   0x080026f0   0x000000cc   Code   RO          605    i.MX_TIM2_Init      tim.o
    0x080027bc   0x080027bc   0x00000038   Code   RO          652    i.MX_USART1_UART_Init  usart.o
    0x080027f4   0x080027f4   0x00000002   Code   RO          698    i.MemManage_Handler  stm32f1xx_it.o
    0x080027f6   0x080027f6   0x00000002   Code   RO          699    i.NMI_Handler       stm32f1xx_it.o
    0x080027f8   0x080027f8   0x00000026   Code   RO          274    i.OLED_Clear        oled.o
    0x0800281e   0x0800281e   0x0000009a   Code   RO          275    i.OLED_Init         oled.o
    0x080028b8   0x080028b8   0x0000000e   Code   RO          276    i.OLED_Pow          oled.o
    0x080028c6   0x080028c6   0x00000022   Code   RO          277    i.OLED_SetCursor    oled.o
    0x080028e8   0x080028e8   0x00000068   Code   RO          279    i.OLED_ShowChar     oled.o
    0x08002950   0x08002950   0x00000042   Code   RO          282    i.OLED_ShowNum      oled.o
    0x08002992   0x08002992   0x00000026   Code   RO          285    i.OLED_ShowString   oled.o
    0x080029b8   0x080029b8   0x00000024   Code   RO          286    i.OLED_WriteCommand  oled.o
    0x080029dc   0x080029dc   0x00000024   Code   RO          287    i.OLED_WriteData    oled.o
    0x08002a00   0x08002a00   0x0000002c   Code   RO          193    i.PWM_OUT_Init      moto.o
    0x08002a2c   0x08002a2c   0x00000034   Code   RO          194    i.PWM_SETDUTY       moto.o
    0x08002a60   0x08002a60   0x00000002   Code   RO          700    i.PendSV_Handler    stm32f1xx_it.o
    0x08002a62   0x08002a62   0x00000002   Code   RO          701    i.SVC_Handler       stm32f1xx_it.o
    0x08002a64   0x08002a64   0x00000004   Code   RO          702    i.SysTick_Handler   stm32f1xx_it.o
    0x08002a68   0x08002a68   0x0000007a   Code   RO          413    i.SystemClock_Config  main.o
    0x08002ae2   0x08002ae2   0x00000002   Code   RO         3885    i.SystemInit        system_stm32f1xx_1.o
    0x08002ae4   0x08002ae4   0x0000006c   Code   RO         2649    i.TIM_Base_SetConfig  stm32f1xx_hal_tim.o
    0x08002b50   0x08002b50   0x0000001a   Code   RO         2650    i.TIM_CCxChannelCmd  stm32f1xx_hal_tim.o
    0x08002b6a   0x08002b6a   0x00000014   Code   RO         2660    i.TIM_ETR_SetConfig  stm32f1xx_hal_tim.o
    0x08002b7e   0x08002b7e   0x00000010   Code   RO         2661    i.TIM_ITRx_SetConfig  stm32f1xx_hal_tim.o
    0x08002b8e   0x08002b8e   0x00000002   PAD
    0x08002b90   0x08002b90   0x00000058   Code   RO         2662    i.TIM_OC1_SetConfig  stm32f1xx_hal_tim.o
    0x08002be8   0x08002be8   0x0000005c   Code   RO         2663    i.TIM_OC2_SetConfig  stm32f1xx_hal_tim.o
    0x08002c44   0x08002c44   0x00000058   Code   RO         2664    i.TIM_OC3_SetConfig  stm32f1xx_hal_tim.o
    0x08002c9c   0x08002c9c   0x00000044   Code   RO         2665    i.TIM_OC4_SetConfig  stm32f1xx_hal_tim.o
    0x08002ce0   0x08002ce0   0x00000022   Code   RO         2667    i.TIM_TI1_ConfigInputStage  stm32f1xx_hal_tim.o
    0x08002d02   0x08002d02   0x00000024   Code   RO         2669    i.TIM_TI2_ConfigInputStage  stm32f1xx_hal_tim.o
    0x08002d26   0x08002d26   0x00000002   PAD
    0x08002d28   0x08002d28   0x000000b8   Code   RO         3582    i.UART_SetConfig    stm32f1xx_hal_uart.o
    0x08002de0   0x08002de0   0x00000002   Code   RO          703    i.UsageFault_Handler  stm32f1xx_it.o
    0x08002de2   0x08002de2   0x0000001a   Code   RO           15    i.UserKalFil        kalman.o
    0x08002dfc   0x08002dfc   0x00000028   Code   RO         3980    i.__ARM_fpclassify  m_ws.l(fpclassify.o)
    0x08002e24   0x08002e24   0x00000020   Code   RO         1635    i.__NVIC_SetPriority  stm32f1xx_hal_cortex.o
    0x08002e44   0x08002e44   0x000000aa   Code   RO         3982    i.__kernel_poly     m_ws.l(poly.o)
    0x08002eee   0x08002eee   0x00000006   Code   RO         3967    i.__mathlib_dbl_infnan  m_ws.l(dunder.o)
    0x08002ef4   0x08002ef4   0x00000010   Code   RO         3972    i.__mathlib_dbl_underflow  m_ws.l(dunder.o)
    0x08002f04   0x08002f04   0x0000000e   Code   RO         4013    i.__scatterload_copy  mc_w.l(handlers.o)
    0x08002f12   0x08002f12   0x00000002   Code   RO         4014    i.__scatterload_null  mc_w.l(handlers.o)
    0x08002f14   0x08002f14   0x0000000e   Code   RO         4015    i.__scatterload_zeroinit  mc_w.l(handlers.o)
    0x08002f22   0x08002f22   0x00000002   PAD
    0x08002f24   0x08002f24   0x00000220   Code   RO         3920    i.atan              m_ws.l(atan.o)
    0x08003144   0x08003144   0x0000016c   Code   RO          414    i.follow_task_init  main.o
    0x080032b0   0x080032b0   0x00000340   Code   RO          237    i.fuzzy             pid.o
    0x080035f0   0x080035f0   0x00000198   Code   RO          416    i.main              main.o
    0x08003788   0x08003788   0x000000e4   Code   RO          810    i.main_follw_task   follow.o
    0x0800386c   0x0800386c   0x00000098   Code   RO          238    i.speed_pid         pid.o
    0x08003904   0x08003904   0x0000024c   Data   RO          240    .constdata          pid.o
    0x08003b50   0x08003b50   0x00000eb0   Data   RO          288    .constdata          oled.o
    0x08004a00   0x08004a00   0x00000010   Data   RO         3886    .constdata          system_stm32f1xx_1.o
    0x08004a10   0x08004a10   0x00000008   Data   RO         3887    .constdata          system_stm32f1xx_1.o
    0x08004a18   0x08004a18   0x00000098   Data   RO         3921    .constdata          m_ws.l(atan.o)
    0x08004ab0   0x08004ab0   0x00000020   Data   RO         4011    Region$$Table       anon$$obj.o


    Execution Region RW_IRAM1 (Exec base: 0x20000000, Load base: 0x08004ad0, Size: 0x00000600, Max: 0x00005000, ABSOLUTE)

    Exec Addr    Load Addr    Size         Type   Attr      Idx    E Section Name        Object

    0x20000000   0x08004ad0   0x00000008   Data   RW          241    .data               pid.o
    0x20000008   0x08004ad8   0x0000001c   Data   RW          418    .data               main.o
    0x20000024   0x08004af4   0x00000004   Data   RW          419    .data               main.o
    0x20000028   0x08004af8   0x00000004   Data   RW          420    .data               main.o
    0x2000002c   0x08004afc   0x00000004   Data   RW          421    .data               main.o
    0x20000030   0x08004b00   0x0000000c   Data   RW         1172    .data               stm32f1xx_hal.o
    0x2000003c   0x08004b0c   0x00000004   Data   RW         3888    .data               system_stm32f1xx_1.o
    0x20000040        -       0x0000000c   Zero   RW          239    .bss                pid.o
    0x2000004c        -       0x00000060   Zero   RW          417    .bss                main.o
    0x200000ac        -       0x00000074   Zero   RW          497    .bss                adc.o
    0x20000120        -       0x00000054   Zero   RW          563    .bss                i2c.o
    0x20000174        -       0x00000048   Zero   RW          606    .bss                tim.o
    0x200001bc        -       0x00000044   Zero   RW          653    .bss                usart.o
    0x20000200        -       0x00000400   Zero   RW            1    STACK               startup_stm32f103xb.o


==============================================================================

Image component sizes


      Code (inc. data)   RO Data    RW Data    ZI Data      Debug   Object Name

       296         32          0          0        116       1767   adc.o
        44          4          0          0          0        730   dma.o
       228         52          0          0          0        502   follow.o
       132         14          0          0          0        891   gpio.o
       156         26          0          0         84       1569   i2c.o
       158          0          0          0          0     450996   kalman.o
       898        102          0         40         96       3193   main.o
       160         18          0          0          0       2166   moto.o
       520         18       3760          0          0       5976   oled.o
       984         44        588          8         12       3224   pid.o
       104         26          0          0          0       1278   scan_red.o
        36          8        236          0       1024        788   startup_stm32f103xb.o
       164         28          0         12          0       5793   stm32f1xx_hal.o
      1128         56          0          0          0       8490   stm32f1xx_hal_adc.o
       198         14          0          0          0      28831   stm32f1xx_hal_cortex.o
       590         32          0          0          0       3527   stm32f1xx_hal_dma.o
       494         40          0          0          0       3378   stm32f1xx_hal_gpio.o
      1318         32          0          0          0       9063   stm32f1xx_hal_i2c.o
        60          8          0          0          0        850   stm32f1xx_hal_msp.o
      1276        100          0          0          0       5256   stm32f1xx_hal_rcc.o
       232         12          0          0          0       1412   stm32f1xx_hal_rcc_ex.o
      1330         46          0          0          0      12484   stm32f1xx_hal_tim.o
       104         12          0          0          0       1332   stm32f1xx_hal_tim_ex.o
       282          6          0          0          0       1828   stm32f1xx_hal_uart.o
       108         24          0          0          0       5173   stm32f1xx_it.o
         2          0         24          4          0       1071   system_stm32f1xx_1.o
       312         22          0          0         72       2260   tim.o
       168         20          0          0         68       1626   usart.o

    ----------------------------------------------------------------------
     11504        796       4640         64       1472     565454   Object Totals
         0          0         32          0          0          0   (incl. Generated)
        22          0          0          0          0          0   (incl. Padding)

    ----------------------------------------------------------------------

      Code (inc. data)   RO Data    RW Data    ZI Data      Debug   Library Member Name

       544         70        152          0          0        124   atan.o
        22          6          0          0          0        136   dunder.o
        40          0          0          0          0         68   fpclassify.o
       170          0          0          0          0         96   poly.o
         0          0          0          0          0          0   entry.o
         0          0          0          0          0          0   entry10a.o
         0          0          0          0          0          0   entry11a.o
         8          4          0          0          0          0   entry2.o
         4          0          0          0          0          0   entry5.o
         0          0          0          0          0          0   entry7b.o
         0          0          0          0          0          0   entry8b.o
         8          4          0          0          0          0   entry9a.o
        30          0          0          0          0          0   handlers.o
        36          8          0          0          0         68   init.o
         0          0          0          0          0          0   iusefp.o
        30          0          0          0          0         68   llshl.o
        36          0          0          0          0         68   llsshr.o
        32          0          0          0          0         68   llushr.o
        36          0          0          0          0        108   memseta.o
        56          0          0          0          0         88   d2f.o
       334          0          0          0          0        148   dadd.o
       222          0          0          0          0        100   ddiv.o
       186          0          0          0          0        176   depilogue.o
        62          0          0          0          0         80   dfixi.o
        34          0          0          0          0         76   dflti.o
       228          0          0          0          0         96   dmul.o
        46          0          0          0          0         80   dscalb.o
        38          0          0          0          0         68   f2d.o
       176          0          0          0          0        140   fadd.o
       124          0          0          0          0         88   fdiv.o
       110          0          0          0          0        168   fepilogue.o
        50          0          0          0          0         68   ffixi.o
        40          0          0          0          0         68   ffixui.o
        18          0          0          0          0         68   fflti.o
        10          0          0          0          0         68   ffltui.o
       100          0          0          0          0         76   fmul.o
        24          0          0          0          0         68   fscalb.o

    ----------------------------------------------------------------------
      2856         92        152          0          0       2528   Library Totals
         2          0          0          0          0          0   (incl. Padding)

    ----------------------------------------------------------------------

      Code (inc. data)   RO Data    RW Data    ZI Data      Debug   Library Name

       776         76        152          0          0        424   m_ws.l
       220         16          0          0          0        380   mc_w.l
      1858          0          0          0          0       1724   mf_w.l

    ----------------------------------------------------------------------
      2856         92        152          0          0       2528   Library Totals

    ----------------------------------------------------------------------

==============================================================================


      Code (inc. data)   RO Data    RW Data    ZI Data      Debug   

     14360        888       4792         64       1472     561218   Grand Totals
     14360        888       4792         64       1472     561218   ELF Image Totals
     14360        888       4792         64          0          0   ROM Totals

==============================================================================

    Total RO  Size (Code + RO Data)                19152 (  18.70kB)
    Total RW  Size (RW Data + ZI Data)              1536 (   1.50kB)
    Total ROM Size (Code + RO Data + RW Data)      19216 (  18.77kB)

==============================================================================

