BL51 BANKED LINKER/LOCATER V6.22                                                        09/24/2022  16:30:07  PAGE 1


BL51 BANKED LINKER/LOCATER V6.22, INVOKED BY:
D:\FILEGAME\KEIL\C51\BIN\BL51.EXE .\Objects\STARTUP.obj, .\Objects\main.obj TO .\Objects\Ñ­¼£³µ_2022_A PRINT (.\Listings
>> \Ñ­¼£³µ_2022_A.m51) RAMSIZE (256)


MEMORY MODEL: SMALL


INPUT MODULES INCLUDED:
  .\Objects\STARTUP.obj (?C_STARTUP)
  .\Objects\main.obj (MAIN)
  D:\FILEGAME\KEIL\C51\LIB\C51S.LIB (?C_INIT)
  D:\FILEGAME\KEIL\C51\LIB\C51S.LIB (?C?IMUL)


LINK MAP OF MODULE:  .\Objects\Ñ­¼£³µ_2022_A (?C_STARTUP)


            TYPE    BASE      LENGTH    RELOCATION   SEGMENT NAME
            -----------------------------------------------------

            * * * * * * *   D A T A   M E M O R Y   * * * * * * *
            REG     0000H     0008H     ABSOLUTE     "REG BANK 0"
            REG     0008H     0008H     ABSOLUTE     "REG BANK 1"
            DATA    0010H     0002H     UNIT         _DATA_GROUP_
                    0012H     0006H                  *** GAP ***
            REG     0018H     0008H     ABSOLUTE     "REG BANK 3"
            DATA    0020H     000EH     UNIT         ?DT?MAIN
            IDATA   002EH     0001H     UNIT         ?STACK

            * * * * * * *   C O D E   M E M O R Y   * * * * * * *
            CODE    0000H     0003H     ABSOLUTE     
            CODE    0003H     0003H     UNIT         ?PR?CAR_SERVO_INIT?MAIN
                    0006H     0005H                  *** GAP ***
            CODE    000BH     0003H     ABSOLUTE     
            CODE    000EH     0009H     UNIT         ?PR?CAR_MOTOR_INIT?MAIN
                    0017H     0004H                  *** GAP ***
            CODE    001BH     0003H     ABSOLUTE     
            CODE    001EH     00BEH     UNIT         ?PR?_CTRY?MAIN
            CODE    00DCH     008CH     UNIT         ?C_C51STARTUP
            CODE    0168H     0035H     UNIT         ?PR?TIMER0_ISR?MAIN
            CODE    019DH     0035H     UNIT         ?PR?TIMER1_ISR?MAIN
            CODE    01D2H     0035H     UNIT         ?PR?MAIN?MAIN
            CODE    0207H     002DH     UNIT         ?PR?DAOCHE?MAIN
            CODE    0234H     0017H     UNIT         ?C_INITSEG
            CODE    024BH     0015H     UNIT         ?PR?INITTIMER0?MAIN
            CODE    0260H     0015H     UNIT         ?PR?TIMER1INIT?MAIN
            CODE    0275H     0012H     UNIT         ?C?LIB_CODE
            CODE    0287H     0011H     UNIT         ?PR?_TIMER0VALUE?MAIN
            CODE    0298H     0011H     UNIT         ?PR?_TIMER1VALUE?MAIN



OVERLAY MAP OF MODULE:   .\Objects\Ñ­¼£³µ_2022_A (?C_STARTUP)


SEGMENT                           DATA_GROUP 
  +--> CALLED SEGMENT           START    LENGTH
BL51 BANKED LINKER/LOCATER V6.22                                                      09/24/2022  16:30:07  PAGE 2


-----------------------------------------------
?C_C51STARTUP                   -----    -----
  +--> ?PR?MAIN?MAIN
  +--> ?C_INITSEG

?PR?MAIN?MAIN                   -----    -----
  +--> ?PR?CAR_SERVO_INIT?MAIN
  +--> ?PR?CAR_MOTOR_INIT?MAIN
  +--> ?PR?_CTRY?MAIN
  +--> ?PR?DAOCHE?MAIN

?PR?CAR_SERVO_INIT?MAIN         -----    -----
  +--> ?PR?INITTIMER0?MAIN

?PR?CAR_MOTOR_INIT?MAIN         -----    -----
  +--> ?PR?TIMER1INIT?MAIN

?PR?_CTRY?MAIN                  0010H    0002H

*** NEW ROOT ***************************************************

?PR?TIMER0_ISR?MAIN             -----    -----
  +--> ?PR?_TIMER0VALUE?MAIN

*** NEW ROOT ***************************************************

?PR?TIMER1_ISR?MAIN             -----    -----
  +--> ?PR?_TIMER1VALUE?MAIN



SYMBOL TABLE OF MODULE:  .\Objects\Ñ­¼£³µ_2022_A (?C_STARTUP)

  VALUE           TYPE          NAME
  ----------------------------------

  -------         MODULE        ?C_STARTUP
  C:00DCH         SEGMENT       ?C_C51STARTUP
  I:002EH         SEGMENT       ?STACK
  C:0000H         PUBLIC        ?C_STARTUP
  D:00E0H         SYMBOL        ACC
  D:00F0H         SYMBOL        B
  D:0083H         SYMBOL        DPH
  D:0082H         SYMBOL        DPL
  N:0000H         SYMBOL        IBPSTACK
  N:0100H         SYMBOL        IBPSTACKTOP
  N:0080H         SYMBOL        IDATALEN
  C:00DFH         SYMBOL        IDATALOOP
  N:0000H         SYMBOL        PBPSTACK
  N:0100H         SYMBOL        PBPSTACKTOP
  N:0000H         SYMBOL        PDATALEN
  N:0000H         SYMBOL        PDATASTART
  N:0000H         SYMBOL        PPAGE
  N:0000H         SYMBOL        PPAGEENABLE
  D:00A0H         SYMBOL        PPAGE_SFR
  D:0081H         SYMBOL        SP
  C:00DCH         SYMBOL        STARTUP1
BL51 BANKED LINKER/LOCATER V6.22                                                      09/24/2022  16:30:07  PAGE 3


  N:0000H         SYMBOL        XBPSTACK
  N:0000H         SYMBOL        XBPSTACKTOP
  N:0000H         SYMBOL        XDATALEN
  N:0000H         SYMBOL        XDATASTART
  C:0000H         LINE#         126
  C:00DCH         LINE#         133
  C:00DEH         LINE#         134
  C:00DFH         LINE#         135
  C:00E0H         LINE#         136
  C:00E2H         LINE#         185
  C:00E5H         LINE#         196
  -------         ENDMOD        ?C_STARTUP

  -------         MODULE        MAIN
  C:0000H         SYMBOL        _ICE_DUMMY_
  D:0080H         PUBLIC        P0
  C:0003H         PUBLIC        Car_Servo_Init
  D:0090H         PUBLIC        P1
  D:00A0H         PUBLIC        P2
  B:00A0H.3       PUBLIC        AB
  C:000EH         PUBLIC        Car_Motor_Init
  D:00B0H         PUBLIC        P3
  B:00A8H.7       PUBLIC        EA
  B:00A0H.0       PUBLIC        Car_Servo
  D:00A8H         PUBLIC        IE
  B:00A0H.1       PUBLIC        LEDA
  B:00A0H.2       PUBLIC        LEDB
  D:00B8H         PUBLIC        IP
  D:0022H         PUBLIC        Servo0PwmDuty
  D:0024H         PUBLIC        Motor0PwmDuty
  C:01D2H         PUBLIC        main
  D:0026H         PUBLIC        path
  B:00B0H.3       PUBLIC        Car_Motor_EN1
  D:0098H         PUBLIC        SCON
  C:0287H         PUBLIC        _Timer0Value
  D:0089H         PUBLIC        TMOD
  D:0088H         PUBLIC        TCON
  C:0298H         PUBLIC        _Timer1Value
  C:001EH         PUBLIC        _ctry
  B:00A8H.1       PUBLIC        ET0
  B:00A8H.3       PUBLIC        ET1
  B:0088H.5       PUBLIC        TF0
  C:024BH         PUBLIC        InitTimer0
  B:0088H.7       PUBLIC        TF1
  C:0260H         PUBLIC        Timer1Init
  D:008CH         PUBLIC        TH0
  D:008DH         PUBLIC        TH1
  D:008AH         PUBLIC        TL0
  D:008BH         PUBLIC        TL1
  B:0088H.4       PUBLIC        TR0
  D:0028H         PUBLIC        pow
  B:0088H.6       PUBLIC        TR1
  B:00B0H.2       PUBLIC        Car_Motor_A1
  B:00B0H.4       PUBLIC        Car_Motor_B1
  C:0168H         PUBLIC        Timer0_isr
  C:019DH         PUBLIC        Timer1_isr
  C:0207H         PUBLIC        daoche
BL51 BANKED LINKER/LOCATER V6.22                                                      09/24/2022  16:30:07  PAGE 4


  D:00C8H         PUBLIC        T2CON
  D:002AH         PUBLIC        i
  D:002CH         PUBLIC        Motor0PwmDuty_daoche
  D:00D0H         PUBLIC        PSW
  -------         PROC          INITTIMER0
  C:024BH         LINE#         21
  C:024BH         LINE#         22
  C:024BH         LINE#         23
  C:024EH         LINE#         24
  C:0251H         LINE#         25
  C:0254H         LINE#         26
  C:0257H         LINE#         27
  C:0259H         LINE#         28
  C:025BH         LINE#         29
  C:025DH         LINE#         30
  C:025FH         LINE#         31
  -------         ENDPROC       INITTIMER0
  -------         PROC          CAR_SERVO_INIT
  C:0003H         LINE#         32
  C:0003H         LINE#         33
  C:0003H         LINE#         34
  -------         ENDPROC       CAR_SERVO_INIT
  -------         PROC          _TIMER0VALUE
  D:0006H         SYMBOL        pwm
  -------         DO            
  D:0006H         SYMBOL        value
  -------         ENDDO         
  C:0287H         LINE#         46
  C:0287H         LINE#         47
  C:0287H         LINE#         49
  C:028FH         LINE#         50
  C:0291H         LINE#         51
  C:0293H         LINE#         52
  C:0295H         LINE#         53
  C:0297H         LINE#         54
  -------         ENDPROC       _TIMER0VALUE
  -------         PROC          TIMER0_ISR
  -------         DO            
  D:0020H         SYMBOL        i
  -------         ENDDO         
  C:0168H         LINE#         63
  C:016FH         LINE#         67
  C:0178H         LINE#         68
  C:0178H         LINE#         69
  C:0178H         LINE#         70
  C:017AH         LINE#         72
  C:0181H         LINE#         73
  C:0183H         LINE#         74
  C:0183H         LINE#         75
  C:0185H         LINE#         77
  C:0193H         LINE#         78
  C:0196H         LINE#         79
  C:0196H         LINE#         80
  C:0196H         LINE#         81
  C:0198H         LINE#         82
  -------         ENDPROC       TIMER0_ISR
  -------         PROC          _TIMER1VALUE
BL51 BANKED LINKER/LOCATER V6.22                                                      09/24/2022  16:30:07  PAGE 5


  D:0006H         SYMBOL        pwm
  -------         DO            
  D:0006H         SYMBOL        value
  -------         ENDDO         
  C:0298H         LINE#         99
  C:0298H         LINE#         100
  C:0298H         LINE#         102
  C:02A0H         LINE#         103
  C:02A2H         LINE#         104
  C:02A4H         LINE#         105
  C:02A6H         LINE#         106
  C:02A8H         LINE#         107
  -------         ENDPROC       _TIMER1VALUE
  -------         PROC          TIMER1INIT
  C:0260H         LINE#         116
  C:0260H         LINE#         117
  C:0260H         LINE#         118
  C:0263H         LINE#         119
  C:0266H         LINE#         120
  C:0269H         LINE#         121
  C:026CH         LINE#         122
  C:026EH         LINE#         123
  C:0270H         LINE#         124
  C:0272H         LINE#         125
  C:0274H         LINE#         126
  -------         ENDPROC       TIMER1INIT
  -------         PROC          CAR_MOTOR_INIT
  C:000EH         LINE#         135
  C:000EH         LINE#         136
  C:000EH         LINE#         137
  C:0010H         LINE#         138
  C:0012H         LINE#         139
  C:0014H         LINE#         140
  -------         ENDPROC       CAR_MOTOR_INIT
  -------         PROC          TIMER1_ISR
  -------         DO            
  D:0021H         SYMBOL        j
  -------         ENDDO         
  C:019DH         LINE#         150
  C:01A4H         LINE#         154
  C:01ADH         LINE#         155
  C:01ADH         LINE#         156
  C:01ADH         LINE#         157
  C:01AFH         LINE#         160
  C:01B6H         LINE#         161
  C:01B8H         LINE#         162
  C:01B8H         LINE#         163
  C:01BAH         LINE#         165
  C:01C8H         LINE#         166
  C:01CBH         LINE#         167
  C:01CBH         LINE#         168
  C:01CBH         LINE#         169
  C:01CDH         LINE#         170
  -------         ENDPROC       TIMER1_ISR
  -------         PROC          _CTRY
  D:0010H         SYMBOL        parameter
  C:001EH         LINE#         180
BL51 BANKED LINKER/LOCATER V6.22                                                      09/24/2022  16:30:07  PAGE 6


  C:0022H         LINE#         181
  C:0022H         LINE#         182
  C:0025H         LINE#         183
  C:0025H         LINE#         184
  C:0049H         LINE#         185
  C:0049H         LINE#         186
  C:0049H         LINE#         187
  C:0049H         LINE#         188
  C:004BH         LINE#         189
  C:004BH         LINE#         190
  C:004BH         LINE#         191
  C:004DH         LINE#         192
  C:004DH         LINE#         193
  C:004DH         LINE#         194
  C:004FH         LINE#         195
  C:004FH         LINE#         196
  C:004FH         LINE#         197
  C:0051H         LINE#         198
  C:0051H         LINE#         199
  C:0051H         LINE#         200
  C:0053H         LINE#         201
  C:0053H         LINE#         202
  C:0053H         LINE#         203
  C:0055H         LINE#         204
  C:0055H         LINE#         205
  C:0055H         LINE#         206
  C:0057H         LINE#         207
  C:0057H         LINE#         208
  C:005FH         LINE#         209
  C:0061H         LINE#         210
  C:0061H         LINE#         211
  C:0063H         LINE#         212
  C:0063H         LINE#         213
  C:0063H         LINE#         215
  C:0063H         LINE#         216
  C:0087H         LINE#         217
  C:0087H         LINE#         218
  C:0087H         LINE#         219
  C:008CH         LINE#         220
  C:0091H         LINE#         221
  C:0091H         LINE#         222
  C:0096H         LINE#         223
  C:009BH         LINE#         224
  C:009BH         LINE#         225
  C:00A0H         LINE#         226
  C:00A5H         LINE#         227
  C:00A5H         LINE#         228
  C:00AAH         LINE#         229
  C:00ACH         LINE#         230
  C:00ACH         LINE#         231
  C:00B1H         LINE#         232
  C:00B6H         LINE#         233
  C:00B6H         LINE#         234
  C:00BBH         LINE#         235
  C:00C0H         LINE#         236
  C:00C0H         LINE#         237
  C:00C5H         LINE#         238
BL51 BANKED LINKER/LOCATER V6.22                                                      09/24/2022  16:30:07  PAGE 7


  C:00CAH         LINE#         239
  C:00CAH         LINE#         240
  C:00D2H         LINE#         241
  C:00D7H         LINE#         242
  C:00D7H         LINE#         243
  C:00DBH         LINE#         244
  C:00DBH         LINE#         245
  C:00DBH         LINE#         247
  -------         ENDPROC       _CTRY
  -------         PROC          DAOCHE
  C:0207H         LINE#         258
  C:0207H         LINE#         259
  C:0207H         LINE#         260
  C:0212H         LINE#         261
  C:0212H         LINE#         262
  C:0214H         LINE#         263
  C:0216H         LINE#         264
  C:0218H         LINE#         265
  C:021AH         LINE#         266
  C:0225H         LINE#         267
  C:0225H         LINE#         268
  C:022AH         LINE#         269
  C:022AH         LINE#         270
  C:022BH         LINE#         274
  C:022DH         LINE#         275
  C:022FH         LINE#         276
  C:0231H         LINE#         277
  C:0233H         LINE#         278
  C:0233H         LINE#         279
  -------         ENDPROC       DAOCHE
  -------         PROC          MAIN
  C:01D2H         LINE#         280
  C:01D2H         LINE#         281
  C:01D2H         LINE#         282
  C:01D5H         LINE#         283
  C:01D8H         LINE#         285
  C:01D8H         LINE#         286
  C:01D8H         LINE#         287
  C:01DFH         LINE#         288
  C:01E6H         LINE#         289
  C:01EFH         LINE#         290
  C:01FEH         LINE#         291
  C:0202H         LINE#         292
  C:0205H         LINE#         293
  -------         ENDPROC       MAIN
  -------         ENDMOD        MAIN

  -------         MODULE        ?C?IMUL
  C:0275H         PUBLIC        ?C?IMUL
  -------         ENDMOD        ?C?IMUL

Program Size: data=41.0 xdata=0 code=672
LINK/LOCATE RUN COMPLETE.  0 WARNING(S),  0 ERROR(S)
