BL51 BANKED LINKER/LOCATER V6.22                                                        09/25/2022  16:40:53  PAGE 1


BL51 BANKED LINKER/LOCATER V6.22, INVOKED BY:
D:\FILEGAME\KEIL\C51\BIN\BL51.EXE .\Objects\STARTUP.obj, .\Objects\main.obj TO .\Objects\Ñ­¼£³µ_2022 PRINT (.\Listings\Ñ
>> ­¼£³µ_2022.m51) RAMSIZE (256)


MEMORY MODEL: SMALL


INPUT MODULES INCLUDED:
  .\Objects\STARTUP.obj (?C_STARTUP)
  .\Objects\main.obj (MAIN)
  D:\FILEGAME\KEIL\C51\LIB\C51S.LIB (?C_INIT)
  D:\FILEGAME\KEIL\C51\LIB\C51S.LIB (?C?IMUL)
  D:\FILEGAME\KEIL\C51\LIB\C51S.LIB (?C?UIDIV)


LINK MAP OF MODULE:  .\Objects\Ñ­¼£³µ_2022 (?C_STARTUP)


            TYPE    BASE      LENGTH    RELOCATION   SEGMENT NAME
            -----------------------------------------------------

            * * * * * * *   D A T A   M E M O R Y   * * * * * * *
            REG     0000H     0008H     ABSOLUTE     "REG BANK 0"
            REG     0008H     0008H     ABSOLUTE     "REG BANK 1"
            DATA    0010H     0003H     UNIT         _DATA_GROUP_
                    0013H     0005H                  *** GAP ***
            REG     0018H     0008H     ABSOLUTE     "REG BANK 3"
            DATA    0020H     0010H     UNIT         ?DT?MAIN
            IDATA   0030H     0001H     UNIT         ?STACK

            * * * * * * *   C O D E   M E M O R Y   * * * * * * *
            CODE    0000H     0003H     ABSOLUTE     
            CODE    0003H     0003H     UNIT         ?PR?CAR_SERVO_INIT?MAIN
            CODE    0006H     0003H     UNIT         ?PR?CAR_SCAN_INIT?MAIN
                    0009H     0002H                  *** GAP ***
            CODE    000BH     0003H     ABSOLUTE     
            CODE    000EH     0009H     UNIT         ?PR?CAR_MOTOR_INIT?MAIN
                    0017H     0004H                  *** GAP ***
            CODE    001BH     0003H     ABSOLUTE     
                    001EH     000DH                  *** GAP ***
            CODE    002BH     0003H     ABSOLUTE     
            CODE    002EH     0132H     UNIT         ?PR?_CTRY?MAIN
            CODE    0160H     008CH     UNIT         ?C_C51STARTUP
            CODE    01ECH     008BH     UNIT         ?PR?DAOCHE?MAIN
            CODE    0277H     0067H     UNIT         ?C?LIB_CODE
            CODE    02DEH     0044H     UNIT         ?PR?TIMER2_ISR?MAIN
            CODE    0322H     0035H     UNIT         ?PR?TIMER0_ISR?MAIN
            CODE    0357H     0035H     UNIT         ?PR?TIMER1_ISR?MAIN
            CODE    038CH     002EH     UNIT         ?PR?_DELAY?MAIN
            CODE    03BAH     001AH     UNIT         ?PR?TIMER2INIT?MAIN
            CODE    03D4H     0019H     UNIT         ?PR?MAIN?MAIN
            CODE    03EDH     0015H     UNIT         ?PR?INITTIMER0?MAIN
            CODE    0402H     0015H     UNIT         ?PR?TIMER1INIT?MAIN
            CODE    0417H     0013H     UNIT         ?C_INITSEG
            CODE    042AH     0011H     UNIT         ?PR?_TIMER0VALUE?MAIN
            CODE    043BH     0011H     UNIT         ?PR?_TIMER1VALUE?MAIN

BL51 BANKED LINKER/LOCATER V6.22                                                      09/25/2022  16:40:53  PAGE 2




OVERLAY MAP OF MODULE:   .\Objects\Ñ­¼£³µ_2022 (?C_STARTUP)


SEGMENT                           DATA_GROUP 
  +--> CALLED SEGMENT           START    LENGTH
-----------------------------------------------
?C_C51STARTUP                   -----    -----
  +--> ?PR?MAIN?MAIN
  +--> ?C_INITSEG

?PR?MAIN?MAIN                   -----    -----
  +--> ?PR?CAR_SCAN_INIT?MAIN
  +--> ?PR?CAR_SERVO_INIT?MAIN
  +--> ?PR?CAR_MOTOR_INIT?MAIN
  +--> ?PR?_CTRY?MAIN
  +--> ?PR?DAOCHE?MAIN

?PR?CAR_SCAN_INIT?MAIN          -----    -----
  +--> ?PR?TIMER2INIT?MAIN

?PR?CAR_SERVO_INIT?MAIN         -----    -----
  +--> ?PR?INITTIMER0?MAIN

?PR?CAR_MOTOR_INIT?MAIN         -----    -----
  +--> ?PR?TIMER1INIT?MAIN

?PR?_CTRY?MAIN                  0010H    0002H

?PR?DAOCHE?MAIN                 -----    -----
  +--> ?PR?_DELAY?MAIN

?PR?_DELAY?MAIN                 0010H    0003H

*** NEW ROOT ***************************************************

?PR?TIMER0_ISR?MAIN             -----    -----
  +--> ?PR?_TIMER0VALUE?MAIN

*** NEW ROOT ***************************************************

?PR?TIMER1_ISR?MAIN             -----    -----
  +--> ?PR?_TIMER1VALUE?MAIN



SYMBOL TABLE OF MODULE:  .\Objects\Ñ­¼£³µ_2022 (?C_STARTUP)

  VALUE           TYPE          NAME
  ----------------------------------

  -------         MODULE        ?C_STARTUP
  C:0160H         SEGMENT       ?C_C51STARTUP
  I:0030H         SEGMENT       ?STACK
  C:0000H         PUBLIC        ?C_STARTUP
  D:00E0H         SYMBOL        ACC
BL51 BANKED LINKER/LOCATER V6.22                                                      09/25/2022  16:40:53  PAGE 3


  D:00F0H         SYMBOL        B
  D:0083H         SYMBOL        DPH
  D:0082H         SYMBOL        DPL
  N:0000H         SYMBOL        IBPSTACK
  N:0100H         SYMBOL        IBPSTACKTOP
  N:0080H         SYMBOL        IDATALEN
  C:0163H         SYMBOL        IDATALOOP
  N:0000H         SYMBOL        PBPSTACK
  N:0100H         SYMBOL        PBPSTACKTOP
  N:0000H         SYMBOL        PDATALEN
  N:0000H         SYMBOL        PDATASTART
  N:0000H         SYMBOL        PPAGE
  N:0000H         SYMBOL        PPAGEENABLE
  D:00A0H         SYMBOL        PPAGE_SFR
  D:0081H         SYMBOL        SP
  C:0160H         SYMBOL        STARTUP1
  N:0000H         SYMBOL        XBPSTACK
  N:0000H         SYMBOL        XBPSTACKTOP
  N:0000H         SYMBOL        XDATALEN
  N:0000H         SYMBOL        XDATASTART
  C:0000H         LINE#         126
  C:0160H         LINE#         133
  C:0162H         LINE#         134
  C:0163H         LINE#         135
  C:0164H         LINE#         136
  C:0166H         LINE#         185
  C:0169H         LINE#         196
  -------         ENDMOD        ?C_STARTUP

  -------         MODULE        MAIN
  C:0000H         SYMBOL        _ICE_DUMMY_
  D:0080H         PUBLIC        P0
  C:0003H         PUBLIC        Car_Servo_Init
  D:0090H         PUBLIC        P1
  D:00A0H         PUBLIC        P2
  B:00A0H.3       PUBLIC        AB
  C:000EH         PUBLIC        Car_Motor_Init
  D:00B0H         PUBLIC        P3
  D:00E8H         PUBLIC        P4
  B:00A8H.7       PUBLIC        EA
  B:00A0H.0       PUBLIC        Car_Servo
  D:00A8H         PUBLIC        IE
  C:0006H         PUBLIC        Car_scan_Init
  B:00A0H.1       PUBLIC        LEDA
  B:00A0H.2       PUBLIC        LEDB
  D:00B8H         PUBLIC        IP
  D:0022H         PUBLIC        Servo0PwmDuty
  D:00CBH         PUBLIC        RCAP2H
  D:0024H         PUBLIC        Motor0PwmDuty
  D:00CAH         PUBLIC        RCAP2L
  C:03D4H         PUBLIC        main
  D:0026H         PUBLIC        path
  D:0028H         PUBLIC        power
  B:00B0H.3       PUBLIC        Car_Motor_EN1
  D:0098H         PUBLIC        SCON
  C:042AH         PUBLIC        _Timer0Value
  D:0089H         PUBLIC        TMOD
BL51 BANKED LINKER/LOCATER V6.22                                                      09/25/2022  16:40:53  PAGE 4


  D:0088H         PUBLIC        TCON
  C:043BH         PUBLIC        _Timer1Value
  C:002EH         PUBLIC        _ctry
  B:00A8H.1       PUBLIC        ET0
  B:00A8H.3       PUBLIC        ET1
  B:0088H.5       PUBLIC        TF0
  C:03EDH         PUBLIC        InitTimer0
  B:00A8H.5       PUBLIC        ET2
  B:0088H.7       PUBLIC        TF1
  C:0402H         PUBLIC        Timer1Init
  B:00C8H.7       PUBLIC        TF2
  D:008CH         PUBLIC        TH0
  C:03BAH         PUBLIC        Timer2Init
  D:008DH         PUBLIC        TH1
  D:00CDH         PUBLIC        TH2
  D:008AH         PUBLIC        TL0
  D:008BH         PUBLIC        TL1
  D:00CCH         PUBLIC        TL2
  D:002AH         PUBLIC        pos
  B:00B8H.5       PUBLIC        PT2
  B:0088H.4       PUBLIC        TR0
  D:002CH         PUBLIC        pow
  B:0088H.6       PUBLIC        TR1
  B:00C8H.2       PUBLIC        TR2
  B:00B0H.2       PUBLIC        Car_Motor_A1
  B:00B0H.4       PUBLIC        Car_Motor_B1
  C:0322H         PUBLIC        Timer0_isr
  C:0357H         PUBLIC        Timer1_isr
  C:02DEH         PUBLIC        Timer2_isr
  C:01ECH         PUBLIC        daoche
  D:00C9H         PUBLIC        T2MOD
  D:00C8H         PUBLIC        T2CON
  D:002EH         PUBLIC        i
  C:039CH         PUBLIC        _Delay
  D:00D0H         PUBLIC        PSW
  C:0393H         SYMBOL        L?0080
  -------         PROC          L?0079
  -------         ENDPROC       L?0079
  C:0393H         SYMBOL        L?0080
  -------         PROC          _DELAY
  D:0007H         SYMBOL        time
  -------         DO            
  D:0006H         SYMBOL        T
  -------         DO            
  D:0010H         SYMBOL        i
  D:0011H         SYMBOL        j
  D:0012H         SYMBOL        k
  -------         ENDDO         
  -------         ENDDO         
  C:039CH         LINE#         13
  C:039CH         LINE#         14
  C:039CH         LINE#         15
  C:039EH         LINE#         16
  C:03A2H         LINE#         17
  C:03A2H         LINE#         20
  C:03A3H         LINE#         21
  C:03A4H         LINE#         22
BL51 BANKED LINKER/LOCATER V6.22                                                      09/25/2022  16:40:53  PAGE 5


  C:03A7H         LINE#         23
  C:03AAH         LINE#         24
  C:03ADH         LINE#         26
  C:03ADH         LINE#         28
  C:03ADH         LINE#         29
  C:03B0H         LINE#         30
  C:03B3H         LINE#         31
  C:03B6H         LINE#         32
  C:03B7H         LINE#         33
  C:03B9H         LINE#         34
  -------         ENDPROC       _DELAY
  -------         PROC          INITTIMER0
  C:03EDH         LINE#         47
  C:03EDH         LINE#         48
  C:03EDH         LINE#         49
  C:03F0H         LINE#         50
  C:03F3H         LINE#         51
  C:03F6H         LINE#         52
  C:03F9H         LINE#         53
  C:03FBH         LINE#         54
  C:03FDH         LINE#         55
  C:03FFH         LINE#         56
  C:0401H         LINE#         57
  -------         ENDPROC       INITTIMER0
  -------         PROC          CAR_SERVO_INIT
  C:0003H         LINE#         58
  C:0003H         LINE#         59
  C:0003H         LINE#         60
  -------         ENDPROC       CAR_SERVO_INIT
  -------         PROC          _TIMER0VALUE
  D:0006H         SYMBOL        pwm
  -------         DO            
  D:0006H         SYMBOL        value
  -------         ENDDO         
  C:042AH         LINE#         72
  C:042AH         LINE#         73
  C:042AH         LINE#         75
  C:0432H         LINE#         76
  C:0434H         LINE#         77
  C:0436H         LINE#         78
  C:0438H         LINE#         79
  C:043AH         LINE#         80
  -------         ENDPROC       _TIMER0VALUE
  -------         PROC          TIMER0_ISR
  -------         DO            
  D:0020H         SYMBOL        i
  -------         ENDDO         
  C:0322H         LINE#         89
  C:0329H         LINE#         93
  C:0332H         LINE#         94
  C:0332H         LINE#         95
  C:0332H         LINE#         96
  C:0334H         LINE#         98
  C:033BH         LINE#         99
  C:033DH         LINE#         100
  C:033DH         LINE#         101
  C:033FH         LINE#         103
BL51 BANKED LINKER/LOCATER V6.22                                                      09/25/2022  16:40:53  PAGE 6


  C:034DH         LINE#         104
  C:0350H         LINE#         105
  C:0350H         LINE#         106
  C:0350H         LINE#         107
  C:0352H         LINE#         108
  -------         ENDPROC       TIMER0_ISR
  -------         PROC          _TIMER1VALUE
  D:0006H         SYMBOL        pwm
  -------         DO            
  D:0006H         SYMBOL        value
  -------         ENDDO         
  C:043BH         LINE#         124
  C:043BH         LINE#         125
  C:043BH         LINE#         127
  C:0443H         LINE#         128
  C:0445H         LINE#         129
  C:0447H         LINE#         130
  C:0449H         LINE#         131
  C:044BH         LINE#         132
  -------         ENDPROC       _TIMER1VALUE
  -------         PROC          TIMER1INIT
  C:0402H         LINE#         141
  C:0402H         LINE#         142
  C:0402H         LINE#         143
  C:0405H         LINE#         144
  C:0408H         LINE#         145
  C:040BH         LINE#         146
  C:040EH         LINE#         147
  C:0410H         LINE#         148
  C:0412H         LINE#         149
  C:0414H         LINE#         150
  C:0416H         LINE#         151
  -------         ENDPROC       TIMER1INIT
  -------         PROC          CAR_MOTOR_INIT
  C:000EH         LINE#         160
  C:000EH         LINE#         161
  C:000EH         LINE#         162
  C:0010H         LINE#         163
  C:0012H         LINE#         164
  C:0014H         LINE#         165
  -------         ENDPROC       CAR_MOTOR_INIT
  -------         PROC          TIMER1_ISR
  -------         DO            
  D:0021H         SYMBOL        j
  -------         ENDDO         
  C:0357H         LINE#         174
  C:035EH         LINE#         178
  C:0367H         LINE#         179
  C:0367H         LINE#         180
  C:0367H         LINE#         181
  C:0369H         LINE#         184
  C:0370H         LINE#         185
  C:0372H         LINE#         186
  C:0372H         LINE#         187
  C:0374H         LINE#         189
  C:0382H         LINE#         190
  C:0385H         LINE#         191
BL51 BANKED LINKER/LOCATER V6.22                                                      09/25/2022  16:40:53  PAGE 7


  C:0385H         LINE#         192
  C:0385H         LINE#         193
  C:0387H         LINE#         194
  -------         ENDPROC       TIMER1_ISR
  -------         PROC          TIMER2INIT
  C:03BAH         LINE#         197
  C:03BAH         LINE#         198
  C:03BAH         LINE#         199
  C:03BDH         LINE#         200
  C:03BFH         LINE#         201
  C:03C2H         LINE#         202
  C:03C5H         LINE#         203
  C:03C8H         LINE#         204
  C:03CBH         LINE#         205
  C:03CDH         LINE#         206
  C:03CFH         LINE#         207
  C:03D1H         LINE#         208
  C:03D3H         LINE#         211
  -------         ENDPROC       TIMER2INIT
  -------         PROC          CAR_SCAN_INIT
  C:0006H         LINE#         212
  C:0006H         LINE#         213
  C:0006H         LINE#         214
  -------         ENDPROC       CAR_SCAN_INIT
  -------         PROC          TIMER2_ISR
  C:02DEH         LINE#         223
  C:02E9H         LINE#         225
  C:02EBH         LINE#         226
  C:02F2H         LINE#         227
  C:02F9H         LINE#         228
  C:0305H         LINE#         229
  C:0319H         LINE#         231
  -------         ENDPROC       TIMER2_ISR
  -------         PROC          _CTRY
  D:0010H         SYMBOL        parameter
  C:002EH         LINE#         241
  C:0032H         LINE#         242
  C:0032H         LINE#         243
  C:0035H         LINE#         244
  C:0035H         LINE#         245
  C:005CH         LINE#         246
  C:005CH         LINE#         247
  C:005CH         LINE#         248
  C:005CH         LINE#         249
  C:005EH         LINE#         250
  C:005EH         LINE#         251
  C:005EH         LINE#         252
  C:0060H         LINE#         253
  C:0060H         LINE#         254
  C:0060H         LINE#         255
  C:0063H         LINE#         256
  C:0063H         LINE#         257
  C:0063H         LINE#         258
  C:0066H         LINE#         259
  C:0066H         LINE#         260
  C:0066H         LINE#         261
  C:0069H         LINE#         262
BL51 BANKED LINKER/LOCATER V6.22                                                      09/25/2022  16:40:53  PAGE 8


  C:0069H         LINE#         263
  C:0069H         LINE#         264
  C:006CH         LINE#         265
  C:006CH         LINE#         266
  C:006CH         LINE#         267
  C:006FH         LINE#         268
  C:006FH         LINE#         269
  C:0077H         LINE#         270
  C:0080H         LINE#         271
  C:0080H         LINE#         272
  C:0083H         LINE#         273
  C:0083H         LINE#         274
  C:0083H         LINE#         275
  C:0086H         LINE#         276
  C:0086H         LINE#         277
  C:0086H         LINE#         279
  C:0086H         LINE#         280
  C:00BAH         LINE#         281
  C:00BAH         LINE#         282
  C:00BAH         LINE#         283
  C:00BFH         LINE#         284
  C:00CEH         LINE#         285
  C:00CEH         LINE#         286
  C:00D3H         LINE#         287
  C:00E2H         LINE#         288
  C:00E2H         LINE#         289
  C:00E7H         LINE#         290
  C:0100H         LINE#         291
  C:0100H         LINE#         292
  C:0105H         LINE#         293
  C:0107H         LINE#         294
  C:0107H         LINE#         295
  C:010CH         LINE#         296
  C:011BH         LINE#         297
  C:011BH         LINE#         298
  C:0120H         LINE#         299
  C:012FH         LINE#         300
  C:012FH         LINE#         301
  C:0134H         LINE#         302
  C:014EH         LINE#         303
  C:014EH         LINE#         304
  C:0156H         LINE#         305
  C:015BH         LINE#         306
  C:015BH         LINE#         307
  C:015FH         LINE#         308
  C:015FH         LINE#         309
  C:015FH         LINE#         311
  -------         ENDPROC       _CTRY
  -------         PROC          DAOCHE
  C:01ECH         LINE#         322
  C:01ECH         LINE#         323
  C:01ECH         LINE#         324
  C:01F7H         LINE#         325
  C:01F7H         LINE#         326
  C:01F9H         LINE#         327
  C:01FBH         LINE#         328
  C:01FDH         LINE#         329
BL51 BANKED LINKER/LOCATER V6.22                                                      09/25/2022  16:40:53  PAGE 9


  C:01FFH         LINE#         330
  C:020BH         LINE#         331
  C:020BH         LINE#         332
  C:020BH         LINE#         333
  C:020EH         LINE#         334
  C:021BH         LINE#         335
  C:0220H         LINE#         336
  C:022EH         LINE#         337
  C:022EH         LINE#         338
  C:0239H         LINE#         339
  C:0239H         LINE#         340
  C:023EH         LINE#         341
  C:023EH         LINE#         343
  C:023FH         LINE#         347
  C:023FH         LINE#         348
  C:0241H         LINE#         349
  C:0243H         LINE#         350
  C:0245H         LINE#         351
  C:0247H         LINE#         352
  C:024DH         LINE#         353
  C:024DH         LINE#         354
  C:024DH         LINE#         355
  C:0250H         LINE#         356
  C:0256H         LINE#         357
  C:0259H         LINE#         358
  C:0267H         LINE#         359
  C:0267H         LINE#         360
  C:0276H         LINE#         361
  C:0276H         LINE#         362
  -------         ENDPROC       DAOCHE
  -------         PROC          MAIN
  C:03D4H         LINE#         363
  C:03D4H         LINE#         364
  C:03D4H         LINE#         365
  C:03D7H         LINE#         366
  C:03DAH         LINE#         367
  C:03DDH         LINE#         369
  C:03DDH         LINE#         370
  C:03DDH         LINE#         371
  C:03E8H         LINE#         372
  C:03EBH         LINE#         373
  -------         ENDPROC       MAIN
  -------         ENDMOD        MAIN

  -------         MODULE        ?C?IMUL
  C:0277H         PUBLIC        ?C?IMUL
  -------         ENDMOD        ?C?IMUL

  -------         MODULE        ?C?UIDIV
  C:0289H         PUBLIC        ?C?UIDIV
  -------         ENDMOD        ?C?UIDIV

Program Size: data=44.0 xdata=0 code=1081
LINK/LOCATE RUN COMPLETE.  0 WARNING(S),  0 ERROR(S)
