BL51 BANKED LINKER/LOCATER V6.22                                                        09/21/2022  15:43:39  PAGE 1


BL51 BANKED LINKER/LOCATER V6.22, INVOKED BY:
D:\FILEGAME\KEIL\C51\BIN\BL51.EXE .\Objects\STARTUP.obj, .\Objects\main.obj TO .\Objects\Ñ­¼£³µ_2022_A PRINT (.\Listings
>> \Ñ­¼£³µ_2022_A.m51) RAMSIZE (256)


MEMORY MODEL: SMALL


INPUT MODULES INCLUDED:
  .\Objects\STARTUP.obj (?C_STARTUP)
  .\Objects\main.obj (MAIN)
  D:\FILEGAME\KEIL\C51\LIB\C51S.LIB (?C_INIT)
  D:\FILEGAME\KEIL\C51\LIB\C51S.LIB (?C?IMUL)


LINK MAP OF MODULE:  .\Objects\Ñ­¼£³µ_2022_A (?C_STARTUP)


            TYPE    BASE      LENGTH    RELOCATION   SEGMENT NAME
            -----------------------------------------------------

            * * * * * * *   D A T A   M E M O R Y   * * * * * * *
            REG     0000H     0008H     ABSOLUTE     "REG BANK 0"
            REG     0008H     0008H     ABSOLUTE     "REG BANK 1"
            DATA    0010H     0002H     UNIT         _DATA_GROUP_
                    0012H     0006H                  *** GAP ***
            REG     0018H     0008H     ABSOLUTE     "REG BANK 3"
            DATA    0020H     000EH     UNIT         ?DT?MAIN
            IDATA   002EH     0001H     UNIT         ?STACK

            * * * * * * *   C O D E   M E M O R Y   * * * * * * *
            CODE    0000H     0003H     ABSOLUTE     
            CODE    0003H     0003H     UNIT         ?PR?CAR_SERVO_INIT?MAIN
                    0006H     0005H                  *** GAP ***
            CODE    000BH     0003H     ABSOLUTE     
            CODE    000EH     0009H     UNIT         ?PR?CAR_MOTOR_INIT?MAIN
                    0017H     0004H                  *** GAP ***
            CODE    001BH     0003H     ABSOLUTE     
            CODE    001EH     00BEH     UNIT         ?PR?_CTRY?MAIN
            CODE    00DCH     008CH     UNIT         ?C_C51STARTUP
            CODE    0168H     006BH     UNIT         ?PR?TIMER1_ISR?MAIN
            CODE    01D3H     0035H     UNIT         ?PR?TIMER0_ISR?MAIN
            CODE    0208H     0035H     UNIT         ?PR?MAIN?MAIN
            CODE    023DH     0025H     UNIT         ?PR?DAOCHE?MAIN
            CODE    0262H     0017H     UNIT         ?C_INITSEG
            CODE    0279H     0015H     UNIT         ?PR?INITTIMER0?MAIN
            CODE    028EH     0015H     UNIT         ?PR?TIMER1INIT?MAIN
            CODE    02A3H     0012H     UNIT         ?C?LIB_CODE
            CODE    02B5H     0011H     UNIT         ?PR?_TIMER0VALUE?MAIN
            CODE    02C6H     0011H     UNIT         ?PR?_TIMER1VALUE?MAIN



OVERLAY MAP OF MODULE:   .\Objects\Ñ­¼£³µ_2022_A (?C_STARTUP)


SEGMENT                           DATA_GROUP 
  +--> CALLED SEGMENT           START    LENGTH
BL51 BANKED LINKER/LOCATER V6.22                                                      09/21/2022  15:43:39  PAGE 2


-----------------------------------------------
?C_C51STARTUP                   -----    -----
  +--> ?PR?MAIN?MAIN
  +--> ?C_INITSEG

?PR?MAIN?MAIN                   -----    -----
  +--> ?PR?CAR_SERVO_INIT?MAIN
  +--> ?PR?CAR_MOTOR_INIT?MAIN
  +--> ?PR?_CTRY?MAIN
  +--> ?PR?DAOCHE?MAIN

?PR?CAR_SERVO_INIT?MAIN         -----    -----
  +--> ?PR?INITTIMER0?MAIN

?PR?CAR_MOTOR_INIT?MAIN         -----    -----
  +--> ?PR?TIMER1INIT?MAIN

?PR?_CTRY?MAIN                  0010H    0002H

*** NEW ROOT ***************************************************

?PR?TIMER0_ISR?MAIN             -----    -----
  +--> ?PR?_TIMER0VALUE?MAIN

*** NEW ROOT ***************************************************

?PR?TIMER1_ISR?MAIN             -----    -----
  +--> ?PR?_TIMER1VALUE?MAIN



SYMBOL TABLE OF MODULE:  .\Objects\Ñ­¼£³µ_2022_A (?C_STARTUP)

  VALUE           TYPE          NAME
  ----------------------------------

  -------         MODULE        ?C_STARTUP
  C:00DCH         SEGMENT       ?C_C51STARTUP
  I:002EH         SEGMENT       ?STACK
  C:0000H         PUBLIC        ?C_STARTUP
  D:00E0H         SYMBOL        ACC
  D:00F0H         SYMBOL        B
  D:0083H         SYMBOL        DPH
  D:0082H         SYMBOL        DPL
  N:0000H         SYMBOL        IBPSTACK
  N:0100H         SYMBOL        IBPSTACKTOP
  N:0080H         SYMBOL        IDATALEN
  C:00DFH         SYMBOL        IDATALOOP
  N:0000H         SYMBOL        PBPSTACK
  N:0100H         SYMBOL        PBPSTACKTOP
  N:0000H         SYMBOL        PDATALEN
  N:0000H         SYMBOL        PDATASTART
  N:0000H         SYMBOL        PPAGE
  N:0000H         SYMBOL        PPAGEENABLE
  D:00A0H         SYMBOL        PPAGE_SFR
  D:0081H         SYMBOL        SP
  C:00DCH         SYMBOL        STARTUP1
BL51 BANKED LINKER/LOCATER V6.22                                                      09/21/2022  15:43:39  PAGE 3


  N:0000H         SYMBOL        XBPSTACK
  N:0000H         SYMBOL        XBPSTACKTOP
  N:0000H         SYMBOL        XDATALEN
  N:0000H         SYMBOL        XDATASTART
  C:0000H         LINE#         126
  C:00DCH         LINE#         133
  C:00DEH         LINE#         134
  C:00DFH         LINE#         135
  C:00E0H         LINE#         136
  C:00E2H         LINE#         185
  C:00E5H         LINE#         196
  -------         ENDMOD        ?C_STARTUP

  -------         MODULE        MAIN
  C:0000H         SYMBOL        _ICE_DUMMY_
  D:0080H         PUBLIC        P0
  C:0003H         PUBLIC        Car_Servo_Init
  D:0090H         PUBLIC        P1
  D:00A0H         PUBLIC        P2
  B:00A0H.3       PUBLIC        AB
  C:000EH         PUBLIC        Car_Motor_Init
  D:00B0H         PUBLIC        P3
  B:00A8H.7       PUBLIC        EA
  B:00A0H.0       PUBLIC        Car_Servo
  D:00A8H         PUBLIC        IE
  B:00A0H.1       PUBLIC        LEDA
  B:00A0H.2       PUBLIC        LEDB
  D:00B8H         PUBLIC        IP
  D:0022H         PUBLIC        Servo0PwmDuty
  D:0024H         PUBLIC        Motor0PwmDuty
  C:0208H         PUBLIC        main
  D:0026H         PUBLIC        path
  B:00B0H.3       PUBLIC        Car_Motor_EN1
  D:0098H         PUBLIC        SCON
  C:02B5H         PUBLIC        _Timer0Value
  D:0089H         PUBLIC        TMOD
  D:0088H         PUBLIC        TCON
  C:02C6H         PUBLIC        _Timer1Value
  C:001EH         PUBLIC        _ctry
  B:00A8H.1       PUBLIC        ET0
  B:00A8H.3       PUBLIC        ET1
  B:0088H.5       PUBLIC        TF0
  C:0279H         PUBLIC        InitTimer0
  B:0088H.7       PUBLIC        TF1
  C:028EH         PUBLIC        Timer1Init
  D:008CH         PUBLIC        TH0
  D:008DH         PUBLIC        TH1
  D:008AH         PUBLIC        TL0
  D:008BH         PUBLIC        TL1
  B:0088H.4       PUBLIC        TR0
  D:0028H         PUBLIC        pow
  B:0088H.6       PUBLIC        TR1
  B:00B0H.2       PUBLIC        Car_Motor_A1
  B:00B0H.4       PUBLIC        Car_Motor_B1
  C:01D3H         PUBLIC        Timer0_isr
  C:0168H         PUBLIC        Timer1_isr
  C:023DH         PUBLIC        daoche
BL51 BANKED LINKER/LOCATER V6.22                                                      09/21/2022  15:43:39  PAGE 4


  D:00C8H         PUBLIC        T2CON
  D:002AH         PUBLIC        i
  D:002CH         PUBLIC        Motor0PwmDuty_daoche
  D:00D0H         PUBLIC        PSW
  -------         PROC          INITTIMER0
  C:0279H         LINE#         21
  C:0279H         LINE#         22
  C:0279H         LINE#         23
  C:027CH         LINE#         24
  C:027FH         LINE#         25
  C:0282H         LINE#         26
  C:0285H         LINE#         27
  C:0287H         LINE#         28
  C:0289H         LINE#         29
  C:028BH         LINE#         30
  C:028DH         LINE#         31
  -------         ENDPROC       INITTIMER0
  -------         PROC          CAR_SERVO_INIT
  C:0003H         LINE#         32
  C:0003H         LINE#         33
  C:0003H         LINE#         34
  -------         ENDPROC       CAR_SERVO_INIT
  -------         PROC          _TIMER0VALUE
  D:0006H         SYMBOL        pwm
  -------         DO            
  D:0006H         SYMBOL        value
  -------         ENDDO         
  C:02B5H         LINE#         46
  C:02B5H         LINE#         47
  C:02B5H         LINE#         49
  C:02BDH         LINE#         50
  C:02BFH         LINE#         51
  C:02C1H         LINE#         52
  C:02C3H         LINE#         53
  C:02C5H         LINE#         54
  -------         ENDPROC       _TIMER0VALUE
  -------         PROC          TIMER0_ISR
  -------         DO            
  D:0020H         SYMBOL        i
  -------         ENDDO         
  C:01D3H         LINE#         63
  C:01DAH         LINE#         67
  C:01E3H         LINE#         68
  C:01E3H         LINE#         69
  C:01E3H         LINE#         70
  C:01E5H         LINE#         72
  C:01ECH         LINE#         73
  C:01EEH         LINE#         74
  C:01EEH         LINE#         75
  C:01F0H         LINE#         77
  C:01FEH         LINE#         78
  C:0201H         LINE#         79
  C:0201H         LINE#         80
  C:0201H         LINE#         81
  C:0203H         LINE#         82
  -------         ENDPROC       TIMER0_ISR
  -------         PROC          _TIMER1VALUE
BL51 BANKED LINKER/LOCATER V6.22                                                      09/21/2022  15:43:39  PAGE 5


  D:0006H         SYMBOL        pwm
  -------         DO            
  D:0006H         SYMBOL        value
  -------         ENDDO         
  C:02C6H         LINE#         99
  C:02C6H         LINE#         100
  C:02C6H         LINE#         102
  C:02CEH         LINE#         103
  C:02D0H         LINE#         104
  C:02D2H         LINE#         105
  C:02D4H         LINE#         106
  C:02D6H         LINE#         107
  -------         ENDPROC       _TIMER1VALUE
  -------         PROC          TIMER1INIT
  C:028EH         LINE#         116
  C:028EH         LINE#         117
  C:028EH         LINE#         118
  C:0291H         LINE#         119
  C:0294H         LINE#         120
  C:0297H         LINE#         121
  C:029AH         LINE#         122
  C:029CH         LINE#         123
  C:029EH         LINE#         124
  C:02A0H         LINE#         125
  C:02A2H         LINE#         126
  -------         ENDPROC       TIMER1INIT
  -------         PROC          CAR_MOTOR_INIT
  C:000EH         LINE#         135
  C:000EH         LINE#         136
  C:000EH         LINE#         137
  C:0010H         LINE#         138
  C:0012H         LINE#         139
  C:0014H         LINE#         140
  -------         ENDPROC       CAR_MOTOR_INIT
  -------         PROC          TIMER1_ISR
  -------         DO            
  D:0021H         SYMBOL        j
  -------         ENDDO         
  C:0168H         LINE#         150
  C:016FH         LINE#         154
  C:017AH         LINE#         155
  C:017AH         LINE#         156
  C:0183H         LINE#         157
  C:0183H         LINE#         158
  C:0183H         LINE#         159
  C:0185H         LINE#         162
  C:018CH         LINE#         163
  C:018EH         LINE#         164
  C:018EH         LINE#         165
  C:0190H         LINE#         167
  C:019EH         LINE#         168
  C:01A1H         LINE#         169
  C:01A1H         LINE#         170
  C:01A1H         LINE#         171
  C:01A3H         LINE#         172
  C:01A5H         LINE#         174
  C:01A5H         LINE#         175
BL51 BANKED LINKER/LOCATER V6.22                                                      09/21/2022  15:43:39  PAGE 6


  C:01AEH         LINE#         176
  C:01AEH         LINE#         177
  C:01AEH         LINE#         178
  C:01B0H         LINE#         181
  C:01B7H         LINE#         182
  C:01B9H         LINE#         183
  C:01B9H         LINE#         184
  C:01BBH         LINE#         186
  C:01C9H         LINE#         187
  C:01CCH         LINE#         188
  C:01CCH         LINE#         189
  C:01CCH         LINE#         190
  C:01CEH         LINE#         191
  C:01CEH         LINE#         193
  -------         ENDPROC       TIMER1_ISR
  -------         PROC          _CTRY
  D:0010H         SYMBOL        parameter
  C:001EH         LINE#         203
  C:0022H         LINE#         204
  C:0022H         LINE#         205
  C:0025H         LINE#         206
  C:0025H         LINE#         207
  C:0049H         LINE#         208
  C:0049H         LINE#         209
  C:0049H         LINE#         210
  C:0049H         LINE#         211
  C:004BH         LINE#         212
  C:004BH         LINE#         213
  C:004BH         LINE#         214
  C:004DH         LINE#         215
  C:004DH         LINE#         216
  C:004DH         LINE#         217
  C:004FH         LINE#         218
  C:004FH         LINE#         219
  C:004FH         LINE#         220
  C:0051H         LINE#         221
  C:0051H         LINE#         222
  C:0051H         LINE#         223
  C:0053H         LINE#         224
  C:0053H         LINE#         225
  C:0053H         LINE#         226
  C:0055H         LINE#         227
  C:0055H         LINE#         228
  C:0055H         LINE#         229
  C:0057H         LINE#         230
  C:0057H         LINE#         231
  C:005FH         LINE#         232
  C:0061H         LINE#         233
  C:0061H         LINE#         234
  C:0063H         LINE#         235
  C:0063H         LINE#         236
  C:0063H         LINE#         238
  C:0063H         LINE#         239
  C:0087H         LINE#         240
  C:0087H         LINE#         241
  C:0087H         LINE#         242
  C:008CH         LINE#         243
BL51 BANKED LINKER/LOCATER V6.22                                                      09/21/2022  15:43:39  PAGE 7


  C:0091H         LINE#         244
  C:0091H         LINE#         245
  C:0096H         LINE#         246
  C:009BH         LINE#         247
  C:009BH         LINE#         248
  C:00A0H         LINE#         249
  C:00A5H         LINE#         250
  C:00A5H         LINE#         251
  C:00AAH         LINE#         252
  C:00ACH         LINE#         253
  C:00ACH         LINE#         254
  C:00B1H         LINE#         255
  C:00B6H         LINE#         256
  C:00B6H         LINE#         257
  C:00BBH         LINE#         258
  C:00C0H         LINE#         259
  C:00C0H         LINE#         260
  C:00C5H         LINE#         261
  C:00CAH         LINE#         262
  C:00CAH         LINE#         263
  C:00D2H         LINE#         264
  C:00D7H         LINE#         265
  C:00D7H         LINE#         266
  C:00DBH         LINE#         267
  C:00DBH         LINE#         268
  C:00DBH         LINE#         270
  -------         ENDPROC       _CTRY
  -------         PROC          DAOCHE
  C:023DH         LINE#         281
  C:023DH         LINE#         282
  C:023DH         LINE#         283
  C:0248H         LINE#         284
  C:024AH         LINE#         285
  C:024CH         LINE#         286
  C:0257H         LINE#         287
  C:0257H         LINE#         288
  C:025CH         LINE#         289
  C:025CH         LINE#         290
  C:025DH         LINE#         293
  C:025FH         LINE#         294
  C:0261H         LINE#         295
  C:0261H         LINE#         296
  -------         ENDPROC       DAOCHE
  -------         PROC          MAIN
  C:0208H         LINE#         297
  C:0208H         LINE#         298
  C:0208H         LINE#         299
  C:020BH         LINE#         300
  C:020EH         LINE#         302
  C:020EH         LINE#         303
  C:020EH         LINE#         304
  C:0215H         LINE#         305
  C:021CH         LINE#         306
  C:0225H         LINE#         307
  C:0234H         LINE#         308
  C:0238H         LINE#         309
  C:023BH         LINE#         310
BL51 BANKED LINKER/LOCATER V6.22                                                      09/21/2022  15:43:39  PAGE 8


  -------         ENDPROC       MAIN
  -------         ENDMOD        MAIN

  -------         MODULE        ?C?IMUL
  C:02A3H         PUBLIC        ?C?IMUL
  -------         ENDMOD        ?C?IMUL

Program Size: data=41.0 xdata=0 code=718
LINK/LOCATE RUN COMPLETE.  0 WARNING(S),  0 ERROR(S)
