BL51 BANKED LINKER/LOCATER V6.22                                                        09/26/2022  20:05:51  PAGE 1


BL51 BANKED LINKER/LOCATER V6.22, INVOKED BY:
D:\FILEGAME\KEIL\C51\BIN\BL51.EXE .\Objects\STARTUP.obj, .\Objects\main.obj TO .\Objects\Ñ­¼£³µ_2022 PRINT (.\Listings\Ñ
>> ­¼£³µ_2022.m51) RAMSIZE (256)


MEMORY MODEL: SMALL


INPUT MODULES INCLUDED:
  .\Objects\STARTUP.obj (?C_STARTUP)
  .\Objects\main.obj (MAIN)
  D:\FILEGAME\KEIL\C51\LIB\C51S.LIB (?C_INIT)
  D:\FILEGAME\KEIL\C51\LIB\C51S.LIB (?C?IMUL)
  D:\FILEGAME\KEIL\C51\LIB\C51S.LIB (?C?UIDIV)


LINK MAP OF MODULE:  .\Objects\Ñ­¼£³µ_2022 (?C_STARTUP)


            TYPE    BASE      LENGTH    RELOCATION   SEGMENT NAME
            -----------------------------------------------------

            * * * * * * *   D A T A   M E M O R Y   * * * * * * *
            REG     0000H     0008H     ABSOLUTE     "REG BANK 0"
            REG     0008H     0008H     ABSOLUTE     "REG BANK 1"
            DATA    0010H     0003H     UNIT         _DATA_GROUP_
                    0013H     0005H                  *** GAP ***
            REG     0018H     0008H     ABSOLUTE     "REG BANK 3"
            DATA    0020H     0016H     UNIT         ?DT?MAIN
            IDATA   0036H     0001H     UNIT         ?STACK

            * * * * * * *   C O D E   M E M O R Y   * * * * * * *
            CODE    0000H     0003H     ABSOLUTE     
            CODE    0003H     0003H     UNIT         ?PR?CAR_SERVO_INIT?MAIN
            CODE    0006H     0003H     UNIT         ?PR?CAR_SCAN_INIT?MAIN
                    0009H     0002H                  *** GAP ***
            CODE    000BH     0003H     ABSOLUTE     
            CODE    000EH     0009H     UNIT         ?PR?CAR_MOTOR_INIT?MAIN
                    0017H     0004H                  *** GAP ***
            CODE    001BH     0003H     ABSOLUTE     
                    001EH     000DH                  *** GAP ***
            CODE    002BH     0003H     ABSOLUTE     
            CODE    002EH     0113H     UNIT         ?PR?_CTRY?MAIN
            CODE    0141H     008CH     UNIT         ?C_C51STARTUP
            CODE    01CDH     008BH     UNIT         ?PR?DAOCHE?MAIN
            CODE    0258H     0067H     UNIT         ?C?LIB_CODE
            CODE    02BFH     0044H     UNIT         ?PR?TIMER2_ISR?MAIN
            CODE    0303H     0035H     UNIT         ?PR?TIMER0_ISR?MAIN
            CODE    0338H     0035H     UNIT         ?PR?TIMER1_ISR?MAIN
            CODE    036DH     002EH     UNIT         ?PR?_DELAY?MAIN
            CODE    039BH     001BH     UNIT         ?C_INITSEG
            CODE    03B6H     001AH     UNIT         ?PR?TIMER2INIT?MAIN
            CODE    03D0H     0019H     UNIT         ?PR?MAIN?MAIN
            CODE    03E9H     0015H     UNIT         ?PR?INITTIMER0?MAIN
            CODE    03FEH     0015H     UNIT         ?PR?TIMER1INIT?MAIN
            CODE    0413H     0011H     UNIT         ?PR?_TIMER0VALUE?MAIN
            CODE    0424H     0011H     UNIT         ?PR?_TIMER1VALUE?MAIN

BL51 BANKED LINKER/LOCATER V6.22                                                      09/26/2022  20:05:51  PAGE 2




OVERLAY MAP OF MODULE:   .\Objects\Ñ­¼£³µ_2022 (?C_STARTUP)


SEGMENT                           DATA_GROUP 
  +--> CALLED SEGMENT           START    LENGTH
-----------------------------------------------
?C_C51STARTUP                   -----    -----
  +--> ?PR?MAIN?MAIN
  +--> ?C_INITSEG

?PR?MAIN?MAIN                   -----    -----
  +--> ?PR?CAR_SCAN_INIT?MAIN
  +--> ?PR?CAR_SERVO_INIT?MAIN
  +--> ?PR?CAR_MOTOR_INIT?MAIN
  +--> ?PR?_CTRY?MAIN
  +--> ?PR?DAOCHE?MAIN

?PR?CAR_SCAN_INIT?MAIN          -----    -----
  +--> ?PR?TIMER2INIT?MAIN

?PR?CAR_SERVO_INIT?MAIN         -----    -----
  +--> ?PR?INITTIMER0?MAIN

?PR?CAR_MOTOR_INIT?MAIN         -----    -----
  +--> ?PR?TIMER1INIT?MAIN

?PR?_CTRY?MAIN                  0010H    0002H

?PR?DAOCHE?MAIN                 -----    -----
  +--> ?PR?_DELAY?MAIN

?PR?_DELAY?MAIN                 0010H    0003H

*** NEW ROOT ***************************************************

?PR?TIMER0_ISR?MAIN             -----    -----
  +--> ?PR?_TIMER0VALUE?MAIN

*** NEW ROOT ***************************************************

?PR?TIMER1_ISR?MAIN             -----    -----
  +--> ?PR?_TIMER1VALUE?MAIN



SYMBOL TABLE OF MODULE:  .\Objects\Ñ­¼£³µ_2022 (?C_STARTUP)

  VALUE           TYPE          NAME
  ----------------------------------

  -------         MODULE        ?C_STARTUP
  C:0141H         SEGMENT       ?C_C51STARTUP
  I:0036H         SEGMENT       ?STACK
  C:0000H         PUBLIC        ?C_STARTUP
  D:00E0H         SYMBOL        ACC
BL51 BANKED LINKER/LOCATER V6.22                                                      09/26/2022  20:05:51  PAGE 3


  D:00F0H         SYMBOL        B
  D:0083H         SYMBOL        DPH
  D:0082H         SYMBOL        DPL
  N:0000H         SYMBOL        IBPSTACK
  N:0100H         SYMBOL        IBPSTACKTOP
  N:0080H         SYMBOL        IDATALEN
  C:0144H         SYMBOL        IDATALOOP
  N:0000H         SYMBOL        PBPSTACK
  N:0100H         SYMBOL        PBPSTACKTOP
  N:0000H         SYMBOL        PDATALEN
  N:0000H         SYMBOL        PDATASTART
  N:0000H         SYMBOL        PPAGE
  N:0000H         SYMBOL        PPAGEENABLE
  D:00A0H         SYMBOL        PPAGE_SFR
  D:0081H         SYMBOL        SP
  C:0141H         SYMBOL        STARTUP1
  N:0000H         SYMBOL        XBPSTACK
  N:0000H         SYMBOL        XBPSTACKTOP
  N:0000H         SYMBOL        XDATALEN
  N:0000H         SYMBOL        XDATASTART
  C:0000H         LINE#         126
  C:0141H         LINE#         133
  C:0143H         LINE#         134
  C:0144H         LINE#         135
  C:0145H         LINE#         136
  C:0147H         LINE#         185
  C:014AH         LINE#         196
  -------         ENDMOD        ?C_STARTUP

  -------         MODULE        MAIN
  C:0000H         SYMBOL        _ICE_DUMMY_
  D:0080H         PUBLIC        P0
  C:0003H         PUBLIC        Car_Servo_Init
  D:0090H         PUBLIC        P1
  D:00A0H         PUBLIC        P2
  B:00A0H.3       PUBLIC        AB
  C:000EH         PUBLIC        Car_Motor_Init
  D:00B0H         PUBLIC        P3
  D:00E8H         PUBLIC        P4
  B:00A8H.7       PUBLIC        EA
  B:00A0H.0       PUBLIC        Car_Servo
  D:00A8H         PUBLIC        IE
  C:0006H         PUBLIC        Car_scan_Init
  B:00A0H.1       PUBLIC        LEDA
  B:00A0H.2       PUBLIC        LEDB
  D:00B8H         PUBLIC        IP
  D:0022H         PUBLIC        Servo0PwmDuty
  D:00CBH         PUBLIC        RCAP2H
  D:0024H         PUBLIC        Motor0PwmDuty
  D:00CAH         PUBLIC        RCAP2L
  C:03D0H         PUBLIC        main
  D:0026H         PUBLIC        path
  D:0028H         PUBLIC        power
  B:00B0H.3       PUBLIC        Car_Motor_EN1
  D:0098H         PUBLIC        SCON
  C:0413H         PUBLIC        _Timer0Value
  D:0089H         PUBLIC        TMOD
BL51 BANKED LINKER/LOCATER V6.22                                                      09/26/2022  20:05:51  PAGE 4


  D:0088H         PUBLIC        TCON
  C:0424H         PUBLIC        _Timer1Value
  C:002EH         PUBLIC        _ctry
  B:00A8H.1       PUBLIC        ET0
  B:00A8H.3       PUBLIC        ET1
  B:0088H.5       PUBLIC        TF0
  C:03E9H         PUBLIC        InitTimer0
  B:00A8H.5       PUBLIC        ET2
  B:0088H.7       PUBLIC        TF1
  C:03FEH         PUBLIC        Timer1Init
  B:00C8H.7       PUBLIC        TF2
  D:008CH         PUBLIC        TH0
  C:03B6H         PUBLIC        Timer2Init
  D:008DH         PUBLIC        TH1
  D:00CDH         PUBLIC        TH2
  D:008AH         PUBLIC        TL0
  D:008BH         PUBLIC        TL1
  D:00CCH         PUBLIC        TL2
  D:002AH         PUBLIC        pos
  B:00B8H.5       PUBLIC        PT2
  B:0088H.4       PUBLIC        TR0
  D:002CH         PUBLIC        pow
  B:0088H.6       PUBLIC        TR1
  B:00C8H.2       PUBLIC        TR2
  B:00B0H.2       PUBLIC        Car_Motor_A1
  B:00B0H.4       PUBLIC        Car_Motor_B1
  C:0303H         PUBLIC        Timer0_isr
  C:0338H         PUBLIC        Timer1_isr
  C:02BFH         PUBLIC        Timer2_isr
  C:01CDH         PUBLIC        daoche
  D:00C9H         PUBLIC        T2MOD
  D:00C8H         PUBLIC        T2CON
  D:002EH         PUBLIC        i
  D:0030H         PUBLIC        Zhuan_Jiao
  C:037DH         PUBLIC        _Delay
  D:00D0H         PUBLIC        PSW
  C:0374H         SYMBOL        L?0080
  -------         PROC          L?0079
  -------         ENDPROC       L?0079
  C:0374H         SYMBOL        L?0080
  -------         PROC          _DELAY
  D:0007H         SYMBOL        time
  -------         DO            
  D:0006H         SYMBOL        T
  -------         DO            
  D:0010H         SYMBOL        i
  D:0011H         SYMBOL        j
  D:0012H         SYMBOL        k
  -------         ENDDO         
  -------         ENDDO         
  C:037DH         LINE#         13
  C:037DH         LINE#         14
  C:037DH         LINE#         15
  C:037FH         LINE#         16
  C:0383H         LINE#         17
  C:0383H         LINE#         20
  C:0384H         LINE#         21
BL51 BANKED LINKER/LOCATER V6.22                                                      09/26/2022  20:05:51  PAGE 5


  C:0385H         LINE#         22
  C:0388H         LINE#         23
  C:038BH         LINE#         24
  C:038EH         LINE#         26
  C:038EH         LINE#         28
  C:038EH         LINE#         29
  C:0391H         LINE#         30
  C:0394H         LINE#         31
  C:0397H         LINE#         32
  C:0398H         LINE#         33
  C:039AH         LINE#         34
  -------         ENDPROC       _DELAY
  -------         PROC          INITTIMER0
  C:03E9H         LINE#         47
  C:03E9H         LINE#         48
  C:03E9H         LINE#         49
  C:03ECH         LINE#         50
  C:03EFH         LINE#         51
  C:03F2H         LINE#         52
  C:03F5H         LINE#         53
  C:03F7H         LINE#         54
  C:03F9H         LINE#         55
  C:03FBH         LINE#         56
  C:03FDH         LINE#         57
  -------         ENDPROC       INITTIMER0
  -------         PROC          CAR_SERVO_INIT
  C:0003H         LINE#         58
  C:0003H         LINE#         59
  C:0003H         LINE#         60
  -------         ENDPROC       CAR_SERVO_INIT
  -------         PROC          _TIMER0VALUE
  D:0006H         SYMBOL        pwm
  -------         DO            
  D:0006H         SYMBOL        value
  -------         ENDDO         
  C:0413H         LINE#         72
  C:0413H         LINE#         73
  C:0413H         LINE#         75
  C:041BH         LINE#         76
  C:041DH         LINE#         77
  C:041FH         LINE#         78
  C:0421H         LINE#         79
  C:0423H         LINE#         80
  -------         ENDPROC       _TIMER0VALUE
  -------         PROC          TIMER0_ISR
  -------         DO            
  D:0020H         SYMBOL        i
  -------         ENDDO         
  C:0303H         LINE#         89
  C:030AH         LINE#         93
  C:0313H         LINE#         94
  C:0313H         LINE#         95
  C:0313H         LINE#         96
  C:0315H         LINE#         98
  C:031CH         LINE#         99
  C:031EH         LINE#         100
  C:031EH         LINE#         101
BL51 BANKED LINKER/LOCATER V6.22                                                      09/26/2022  20:05:51  PAGE 6


  C:0320H         LINE#         103
  C:032EH         LINE#         104
  C:0331H         LINE#         105
  C:0331H         LINE#         106
  C:0331H         LINE#         107
  C:0333H         LINE#         108
  -------         ENDPROC       TIMER0_ISR
  -------         PROC          _TIMER1VALUE
  D:0006H         SYMBOL        pwm
  -------         DO            
  D:0006H         SYMBOL        value
  -------         ENDDO         
  C:0424H         LINE#         124
  C:0424H         LINE#         125
  C:0424H         LINE#         127
  C:042CH         LINE#         128
  C:042EH         LINE#         129
  C:0430H         LINE#         130
  C:0432H         LINE#         131
  C:0434H         LINE#         132
  -------         ENDPROC       _TIMER1VALUE
  -------         PROC          TIMER1INIT
  C:03FEH         LINE#         141
  C:03FEH         LINE#         142
  C:03FEH         LINE#         143
  C:0401H         LINE#         144
  C:0404H         LINE#         145
  C:0407H         LINE#         146
  C:040AH         LINE#         147
  C:040CH         LINE#         148
  C:040EH         LINE#         149
  C:0410H         LINE#         150
  C:0412H         LINE#         151
  -------         ENDPROC       TIMER1INIT
  -------         PROC          CAR_MOTOR_INIT
  C:000EH         LINE#         160
  C:000EH         LINE#         161
  C:000EH         LINE#         162
  C:0010H         LINE#         163
  C:0012H         LINE#         164
  C:0014H         LINE#         165
  -------         ENDPROC       CAR_MOTOR_INIT
  -------         PROC          TIMER1_ISR
  -------         DO            
  D:0021H         SYMBOL        j
  -------         ENDDO         
  C:0338H         LINE#         174
  C:033FH         LINE#         178
  C:0348H         LINE#         179
  C:0348H         LINE#         180
  C:0348H         LINE#         181
  C:034AH         LINE#         184
  C:0351H         LINE#         185
  C:0353H         LINE#         186
  C:0353H         LINE#         187
  C:0355H         LINE#         189
  C:0363H         LINE#         190
BL51 BANKED LINKER/LOCATER V6.22                                                      09/26/2022  20:05:51  PAGE 7


  C:0366H         LINE#         191
  C:0366H         LINE#         192
  C:0366H         LINE#         193
  C:0368H         LINE#         194
  -------         ENDPROC       TIMER1_ISR
  -------         PROC          TIMER2INIT
  C:03B6H         LINE#         197
  C:03B6H         LINE#         198
  C:03B6H         LINE#         199
  C:03B9H         LINE#         200
  C:03BBH         LINE#         201
  C:03BEH         LINE#         202
  C:03C1H         LINE#         203
  C:03C4H         LINE#         204
  C:03C7H         LINE#         205
  C:03C9H         LINE#         206
  C:03CBH         LINE#         207
  C:03CDH         LINE#         208
  C:03CFH         LINE#         211
  -------         ENDPROC       TIMER2INIT
  -------         PROC          CAR_SCAN_INIT
  C:0006H         LINE#         212
  C:0006H         LINE#         213
  C:0006H         LINE#         214
  -------         ENDPROC       CAR_SCAN_INIT
  -------         PROC          TIMER2_ISR
  C:02BFH         LINE#         223
  C:02CAH         LINE#         225
  C:02CCH         LINE#         226
  C:02D3H         LINE#         227
  C:02DAH         LINE#         228
  C:02E6H         LINE#         229
  C:02FAH         LINE#         231
  -------         ENDPROC       TIMER2_ISR
  -------         PROC          _CTRY
  D:0010H         SYMBOL        parameter
  C:002EH         LINE#         242
  C:0032H         LINE#         243
  C:0032H         LINE#         244
  C:0035H         LINE#         245
  C:0035H         LINE#         246
  C:005CH         LINE#         247
  C:005CH         LINE#         248
  C:005CH         LINE#         249
  C:005CH         LINE#         250
  C:005EH         LINE#         251
  C:005EH         LINE#         252
  C:005EH         LINE#         253
  C:0060H         LINE#         254
  C:0060H         LINE#         255
  C:0060H         LINE#         256
  C:0062H         LINE#         257
  C:0062H         LINE#         258
  C:0062H         LINE#         259
  C:0065H         LINE#         260
  C:0065H         LINE#         261
  C:0065H         LINE#         262
BL51 BANKED LINKER/LOCATER V6.22                                                      09/26/2022  20:05:51  PAGE 8


  C:0068H         LINE#         263
  C:0068H         LINE#         264
  C:0068H         LINE#         265
  C:006BH         LINE#         266
  C:006BH         LINE#         267
  C:006BH         LINE#         268
  C:006EH         LINE#         269
  C:006EH         LINE#         270
  C:0076H         LINE#         271
  C:007FH         LINE#         272
  C:007FH         LINE#         273
  C:0082H         LINE#         274
  C:0082H         LINE#         275
  C:0082H         LINE#         276
  C:0085H         LINE#         277
  C:0085H         LINE#         278
  C:0085H         LINE#         280
  C:0085H         LINE#         281
  C:00B3H         LINE#         282
  C:00B3H         LINE#         283
  C:00B3H         LINE#         284
  C:00B8H         LINE#         285
  C:00BEH         LINE#         286
  C:00BEH         LINE#         287
  C:00C3H         LINE#         288
  C:00C9H         LINE#         289
  C:00C9H         LINE#         290
  C:00CEH         LINE#         291
  C:00EDH         LINE#         292
  C:00EDH         LINE#         293
  C:00F2H         LINE#         294
  C:00F4H         LINE#         295
  C:00F4H         LINE#         296
  C:00F9H         LINE#         297
  C:00FFH         LINE#         298
  C:00FFH         LINE#         299
  C:0104H         LINE#         300
  C:010AH         LINE#         301
  C:010AH         LINE#         302
  C:010FH         LINE#         303
  C:012FH         LINE#         304
  C:012FH         LINE#         305
  C:0137H         LINE#         306
  C:013CH         LINE#         307
  C:013CH         LINE#         308
  C:0140H         LINE#         309
  C:0140H         LINE#         310
  C:0140H         LINE#         312
  -------         ENDPROC       _CTRY
  -------         PROC          DAOCHE
  C:01CDH         LINE#         323
  C:01CDH         LINE#         324
  C:01CDH         LINE#         325
  C:01D8H         LINE#         326
  C:01D8H         LINE#         327
  C:01DAH         LINE#         328
  C:01DCH         LINE#         329
BL51 BANKED LINKER/LOCATER V6.22                                                      09/26/2022  20:05:51  PAGE 9


  C:01DEH         LINE#         330
  C:01E0H         LINE#         331
  C:01ECH         LINE#         332
  C:01ECH         LINE#         333
  C:01ECH         LINE#         334
  C:01EFH         LINE#         335
  C:01FCH         LINE#         336
  C:0201H         LINE#         337
  C:020FH         LINE#         338
  C:020FH         LINE#         339
  C:021AH         LINE#         340
  C:021AH         LINE#         341
  C:021FH         LINE#         342
  C:021FH         LINE#         344
  C:0220H         LINE#         348
  C:0220H         LINE#         349
  C:0222H         LINE#         350
  C:0224H         LINE#         351
  C:0226H         LINE#         352
  C:0228H         LINE#         353
  C:022EH         LINE#         354
  C:022EH         LINE#         355
  C:022EH         LINE#         356
  C:0231H         LINE#         357
  C:0237H         LINE#         358
  C:023AH         LINE#         359
  C:0248H         LINE#         360
  C:0248H         LINE#         361
  C:0257H         LINE#         362
  C:0257H         LINE#         363
  -------         ENDPROC       DAOCHE
  -------         PROC          MAIN
  C:03D0H         LINE#         364
  C:03D0H         LINE#         365
  C:03D0H         LINE#         366
  C:03D3H         LINE#         367
  C:03D6H         LINE#         368
  C:03D9H         LINE#         370
  C:03D9H         LINE#         371
  C:03D9H         LINE#         372
  C:03E4H         LINE#         373
  C:03E7H         LINE#         374
  -------         ENDPROC       MAIN
  -------         ENDMOD        MAIN

  -------         MODULE        ?C?IMUL
  C:0258H         PUBLIC        ?C?IMUL
  -------         ENDMOD        ?C?IMUL

  -------         MODULE        ?C?UIDIV
  C:026AH         PUBLIC        ?C?UIDIV
  -------         ENDMOD        ?C?UIDIV

Program Size: data=50.0 xdata=0 code=1058
LINK/LOCATE RUN COMPLETE.  0 WARNING(S),  0 ERROR(S)
